Archive member included to satisfy reference by file (symbol)

.\CortexM3\ARM_GCC_541\Debug\PlanteModul.a(CyLib.o)
                              .\CortexM3\ARM_GCC_541\Debug\Cm3Start.o (CyResetStatus)
.\CortexM3\ARM_GCC_541\Debug\PlanteModul.a(cyPm.o)
                              .\CortexM3\ARM_GCC_541\Debug\PlanteModul.a(CyLib.o) (CyPmReadStatus)
.\CortexM3\ARM_GCC_541\Debug\PlanteModul.a(I2C.o)
                              .\CortexM3\ARM_GCC_541\Debug\main.o (I2C_Start)
.\CortexM3\ARM_GCC_541\Debug\PlanteModul.a(I2C_INT.o)
                              .\CortexM3\ARM_GCC_541\Debug\PlanteModul.a(I2C.o) (I2C_ISR)
.\CortexM3\ARM_GCC_541\Debug\PlanteModul.a(I2C_PM.o)
                              .\CortexM3\ARM_GCC_541\Debug\PlanteModul.a(I2C.o) (I2C_backup)
.\CortexM3\ARM_GCC_541\Debug\PlanteModul.a(I2C_MASTER.o)
                              .\CortexM3\ARM_GCC_541\Debug\PlanteModul.a(I2C.o) (I2C_mstrStatus)
.\CortexM3\ARM_GCC_541\Debug\PlanteModul.a(PWM_PERISTALTISK_1.o)
                              .\CortexM3\ARM_GCC_541\Debug\main.o (PWM_PERISTALTISK_1_Start)
.\CortexM3\ARM_GCC_541\Debug\PlanteModul.a(PWM_PERISTALTISK_2.o)
                              .\CortexM3\ARM_GCC_541\Debug\main.o (PWM_PERISTALTISK_2_Start)
.\CortexM3\ARM_GCC_541\Debug\PlanteModul.a(ADC_PH.o)
                              .\CortexM3\ARM_GCC_541\Debug\main.o (ADC_PH_Start)
.\CortexM3\ARM_GCC_541\Debug\PlanteModul.a(ADC_PH_INT.o)
                              .\CortexM3\ARM_GCC_541\Debug\PlanteModul.a(ADC_PH.o) (ADC_PH_ISR)
.\CortexM3\ARM_GCC_541\Debug\PlanteModul.a(ADC_PH_theACLK.o)
                              .\CortexM3\ARM_GCC_541\Debug\PlanteModul.a(ADC_PH.o) (ADC_PH_theACLK_SetModeRegister)
.\CortexM3\ARM_GCC_541\Debug\PlanteModul.a(SW_UART_TEST_USB.o)
                              .\CortexM3\ARM_GCC_541\Debug\main.o (SW_UART_TEST_USB_Start)
.\CortexM3\ARM_GCC_541\Debug\PlanteModul.a(DS18x8.o)
                              .\CortexM3\ARM_GCC_541\Debug\Nutrients.o (DS18x8_SendTemperatureRequest)
.\CortexM3\ARM_GCC_541\Debug\PlanteModul.a(DS18x8_ControlReg_DRV.o)
                              .\CortexM3\ARM_GCC_541\Debug\PlanteModul.a(DS18x8.o) (DS18x8_ControlReg_DRV_Write)
.\CortexM3\ARM_GCC_541\Debug\PlanteModul.a(DS18x8_StatusReg_BUS.o)
                              .\CortexM3\ARM_GCC_541\Debug\PlanteModul.a(DS18x8.o) (DS18x8_StatusReg_BUS_Read)
.\CortexM3\ARM_GCC_541\Debug\PlanteModul.a(DS18x8_TimerDelay.o)
                              .\CortexM3\ARM_GCC_541\Debug\PlanteModul.a(DS18x8.o) (DS18x8_TimerDelay_WriteCounter)
.\CortexM3\ARM_GCC_541\Debug\PlanteModul.a(DS18x8_ControlReg_SEL.o)
                              .\CortexM3\ARM_GCC_541\Debug\PlanteModul.a(DS18x8.o) (DS18x8_ControlReg_SEL_Write)
.\CortexM3\ARM_GCC_541\Debug\PlanteModul.a(DS18x8_Trigger.o)
                              .\CortexM3\ARM_GCC_541\Debug\PlanteModul.a(DS18x8.o) (DS18x8_Trigger_Write)
.\CortexM3\ARM_GCC_541\Debug\PlanteModul.a(DS18x8_isr_DataReady.o)
                              .\CortexM3\ARM_GCC_541\Debug\PlanteModul.a(DS18x8.o) (DS18x8_isr_DataReady_StartEx)
.\CortexM3\ARM_GCC_541\Debug\PlanteModul.a(CyBootAsmGnu.o)
                              .\CortexM3\ARM_GCC_541\Debug\cyfitter_cfg.o (CyDelayCycles)
.\CortexM3\ARM_GCC_541\Debug\PlanteModul.a(SW_UART_TEST_USB_AsmGnu.o)
                              .\CortexM3\ARM_GCC_541\Debug\PlanteModul.a(SW_UART_TEST_USB.o) (SW_UART_TEST_USB_PutChar)
.\CortexM3\ARM_GCC_541\Debug\PlanteModul.a(CyFlash.o)
                              .\CortexM3\ARM_GCC_541\Debug\PlanteModul.a(cyPm.o) (CyFlash_SetWaitCycles)
.\CortexM3\ARM_GCC_541\Debug\PlanteModul.a(CySpc.o)
                              .\CortexM3\ARM_GCC_541\Debug\PlanteModul.a(CyFlash.o) (CySpcStart)
c:/program files (x86)/cypress/psoc creator/4.3/psoc creator/import/gnu/arm/5.4.1/bin/../lib/gcc/arm-none-eabi/5.4.1/armv7-m\libgcc.a(_udivsi3.o)
                              .\CortexM3\ARM_GCC_541\Debug\PlanteModul.a(SW_UART_TEST_USB_AsmGnu.o) (__aeabi_uidiv)
c:/program files (x86)/cypress/psoc creator/4.3/psoc creator/import/gnu/arm/5.4.1/bin/../lib/gcc/arm-none-eabi/5.4.1/armv7-m\libgcc.a(_dvmd_tls.o)
                              c:/program files (x86)/cypress/psoc creator/4.3/psoc creator/import/gnu/arm/5.4.1/bin/../lib/gcc/arm-none-eabi/5.4.1/armv7-m\libgcc.a(_udivsi3.o) (__aeabi_idiv0)
c:/program files (x86)/cypress/psoc creator/4.3/psoc creator/import/gnu/arm/5.4.1/bin/../lib/gcc/arm-none-eabi/5.4.1/armv7-m\libgcc.a(_arm_addsubdf3.o)
                              .\CortexM3\ARM_GCC_541\Debug\Nutrients.o (__aeabi_dsub)
c:/program files (x86)/cypress/psoc creator/4.3/psoc creator/import/gnu/arm/5.4.1/bin/../lib/gcc/arm-none-eabi/5.4.1/armv7-m\libgcc.a(_arm_muldivdf3.o)
                              .\CortexM3\ARM_GCC_541\Debug\Nutrients.o (__aeabi_dmul)
c:/program files (x86)/cypress/psoc creator/4.3/psoc creator/import/gnu/arm/5.4.1/bin/../lib/gcc/arm-none-eabi/5.4.1/armv7-m\libgcc.a(_arm_truncdfsf2.o)
[...]
Memory Configuration

Name             Origin             Length             Attributes
rom              0x00000000         0x00040000         xr
ram              0x1fff8000         0x00010000         xrw
*default*        0x00000000         0xffffffff

Linker script and memory map

LOAD c:/program files (x86)/cypress/psoc creator/4.3/psoc creator/import/gnu/arm/5.4.1/bin/../lib/gcc/arm-none-eabi/5.4.1/armv7-m/crti.o
LOAD c:/program files (x86)/cypress/psoc creator/4.3/psoc creator/import/gnu/arm/5.4.1/bin/../lib/gcc/arm-none-eabi/5.4.1/armv7-m/crtbegin.o
LOAD c:/program files (x86)/cypress/psoc creator/4.3/psoc creator/import/gnu/arm/5.4.1/bin/../lib/gcc/arm-none-eabi/5.4.1/../../../../arm-none-eabi/lib/armv7-m/crt0.o
START GROUP
LOAD .\CortexM3\ARM_GCC_541\Debug\list.o
LOAD .\CortexM3\ARM_GCC_541\Debug\queue.o
LOAD .\CortexM3\ARM_GCC_541\Debug\stream_buffer.o
LOAD .\CortexM3\ARM_GCC_541\Debug\tasks.o
LOAD .\CortexM3\ARM_GCC_541\Debug\timers.o
LOAD .\CortexM3\ARM_GCC_541\Debug\port.o
LOAD .\CortexM3\ARM_GCC_541\Debug\heap_2.o
LOAD .\CortexM3\ARM_GCC_541\Debug\main.o
LOAD .\CortexM3\ARM_GCC_541\Debug\Nutrients.o
LOAD .\CortexM3\ARM_GCC_541\Debug\Air.o
LOAD .\CortexM3\ARM_GCC_541\Debug\SCD30.o
LOAD .\CortexM3\ARM_GCC_541\Debug\mpu_wrappers.o
LOAD .\CortexM3\ARM_GCC_541\Debug\cyfitter_cfg.o
LOAD .\CortexM3\ARM_GCC_541\Debug\cymetadata.o
LOAD .\CortexM3\ARM_GCC_541\Debug\Cm3Start.o
LOAD .\CortexM3\ARM_GCC_541\Debug\PlanteModul.a
LOAD C:\Program Files (x86)\Cypress\PSoC Creator\4.3\PSoC Creator\psoc\content\cycomponentlibrary\CyComponentLibrary.cylib\CortexM3\ARM_GCC_541\Debug\CyComponentLibrary.a
END GROUP
START GROUP
LOAD c:/program files (x86)/cypress/psoc creator/4.3/psoc creator/import/gnu/arm/5.4.1/bin/../lib/gcc/arm-none-eabi/5.4.1/armv7-m\libgcc.a
LOAD c:/program files (x86)/cypress/psoc creator/4.3/psoc creator/import/gnu/arm/5.4.1/bin/../lib/gcc/arm-none-eabi/5.4.1/../../../../arm-none-eabi/lib/armv7-m\libg_nano.a
LOAD c:/program files (x86)/cypress/psoc creator/4.3/psoc creator/import/gnu/arm/5.4.1/bin/../lib/gcc/arm-none-eabi/5.4.1/../../../../arm-none-eabi/lib/armv7-m\libc_nano.a
END GROUP
START GROUP
LOAD c:/program files (x86)/cypress/psoc creator/4.3/psoc creator/import/gnu/arm/5.4.1/bin/../lib/gcc/arm-none-eabi/5.4.1/armv7-m\libgcc.a
LOAD c:/program files (x86)/cypress/psoc creator/4.3/psoc creator/import/gnu/arm/5.4.1/bin/../lib/gcc/arm-none-eabi/5.4.1/../../../../arm-none-eabi/lib/armv7-m\libc_nano.a
END GROUP
LOAD c:/program files (x86)/cypress/psoc creator/4.3/psoc creator/import/gnu/arm/5.4.1/bin/../lib/gcc/arm-none-eabi/5.4.1/armv7-m/crtend.o
LOAD c:/program files (x86)/cypress/psoc creator/4.3/psoc creator/import/gnu/arm/5.4.1/bin/../lib/gcc/arm-none-eabi/5.4.1/armv7-m/crtn.o
START GROUP
LOAD c:/program files (x86)/cypress/psoc creator/4.3/psoc creator/import/gnu/arm/5.4.1/bin/../lib/gcc/arm-none-eabi/5.4.1/armv7-m\libgcc.a
LOAD c:/program files (x86)/cypress/psoc creator/4.3/psoc creator/import/gnu/arm/5.4.1/bin/../lib/gcc/arm-none-eabi/5.4.1/../../../../arm-none-eabi/lib/armv7-m\libc.a
LOAD c:/program files (x86)/cypress/psoc creator/4.3/psoc creator/import/gnu/arm/5.4.1/bin/../lib/gcc/arm-none-eabi/5.4.1/../../../../arm-none-eabi/lib/armv7-m\libnosys.a
END GROUP
                0x00000000                CY_APPL_ORIGIN = 0x0
                0x00000100                CY_FLASH_ROW_SIZE = 0x100
                0x00000020                CY_ECC_ROW_SIZE = 0x20
                0x00000000                CY_EE_IN_BTLDR = 0x0
                0x00000000                CY_APPL_LOADABLE = 0x0
                0x00000800                CY_EE_SIZE = 0x800
                0x00000001                CY_APPL_NUM = 0x1
                0x00000001                CY_APPL_MAX = 0x1
                0x00000040                CY_METADATA_SIZE = 0x40
                0x00000000                CY_APPL_LOADABLE = 0x0
                0x00000000                CY_CHECKSUM_EXCLUDE_SIZE = ALIGN (0x0, CY_FLASH_ROW_SIZE)
                [!provide]                PROVIDE (__cy_heap_start, _end)
                0x00000001                PROVIDE (__cy_region_num, ((__cy_regions_end - __cy_regions) / 0x10))
                0x20008000                PROVIDE (__cy_stack, (ORIGIN (ram) + LENGTH (ram)))
                [!provide]                PROVIDE (__cy_heap_end, (__cy_stack - 0x800))

.cybootloader   0x00000000        0x0
 *(.cybootloader)
                0x00000000                appl1_start = CY_APPL_ORIGIN?CY_APPL_ORIGIN:ALIGN (CY_FLASH_ROW_SIZE)
                0x0001ff00                appl2_start = (appl1_start + ALIGN ((((LENGTH (rom) - appl1_start) - (0x2 * CY_FLASH_ROW_SIZE)) / 0x2), CY_FLASH_ROW_SIZE))
                0x00000000                appl_start = (CY_APPL_NUM == 0x1)?appl1_start:appl2_start
                0x00000000                ecc_offset = ((appl_start / CY_FLASH_ROW_SIZE) * CY_ECC_ROW_SIZE)
                0x00000000                ee_offset = (CY_APPL_LOADABLE && ! (CY_EE_IN_BTLDR))?((CY_EE_SIZE / CY_APPL_MAX) * (CY_APPL_NUM - 0x1)):0x0
                0x00000800                ee_size = (CY_APPL_LOADABLE && ! (CY_EE_IN_BTLDR))?(CY_EE_SIZE / CY_APPL_MAX):CY_EE_SIZE
                [!provide]                PROVIDE (CY_ECC_OFFSET, ecc_offset)

.text           0x00000000     0x485e
 CREATE_OBJECT_SYMBOLS
                0x00000000                PROVIDE (__cy_interrupt_vector, RomVectors)
 *(.romvectors)
 .romvectors    0x00000000       0x10 .\CortexM3\ARM_GCC_541\Debug\Cm3Start.o
                0x00000000                RomVectors
                0x00000001                ASSERT ((. != __cy_interrupt_vector), No interrupt vector)
                0x00000001                ASSERT (CY_APPL_ORIGIN?(SIZEOF (.cybootloader) <= CY_APPL_ORIGIN):0x1, Wrong image location)
                0x00000010                PROVIDE (__cy_reset, Reset)
 *(.text.Reset)
 .text.Reset    0x00000010       0x18 .\CortexM3\ARM_GCC_541\Debug\Cm3Start.o
                0x00000010                Reset
                0x00000001                ASSERT ((. != __cy_reset), No reset code)
 *(.dma_init)
                0x00000001                ASSERT ((((appl_start + .) <= 0x10000) || 0x1), DMA Init must be within the first 64k of flash)
 *(.text .text.* .gnu.linkonce.t.*)
 .text          0x00000028       0x5c c:/program files (x86)/cypress/psoc creator/4.3/psoc creator/import/gnu/arm/5.4.1/bin/../lib/gcc/arm-none-eabi/5.4.1/armv7-m/crtbegin.o
 .text.vListInitialise
                0x00000084       0x40 .\CortexM3\ARM_GCC_541\Debug\list.o
                0x00000084                vListInitialise
 .text.vListInitialiseItem
                0x000000c4       0x18 .\CortexM3\ARM_GCC_541\Debug\list.o
                0x000000c4                vListInitialiseItem
 .text.vListInsertEnd
                0x000000dc       0x48 .\CortexM3\ARM_GCC_541\Debug\list.o
                0x000000dc                vListInsertEnd
 .text.vListInsert
                0x00000124       0x70 .\CortexM3\ARM_GCC_541\Debug\list.o
                0x00000124                vListInsert
 .text.uxListRemove
                0x00000194       0x54 .\CortexM3\ARM_GCC_541\Debug\list.o
                0x00000194                uxListRemove
 .text.xQueueGenericReset
                0x000001e8       0xb4 .\CortexM3\ARM_GCC_541\Debug\queue.o
                0x000001e8                xQueueGenericReset
 .text.xQueueGenericCreate
                0x0000029c       0x50 .\CortexM3\ARM_GCC_541\Debug\queue.o
                0x0000029c                xQueueGenericCreate
 .text.prvInitialiseNewQueue
                0x000002ec       0x40 .\CortexM3\ARM_GCC_541\Debug\queue.o
 .text.xQueueGenericSend
                0x0000032c      0x154 .\CortexM3\ARM_GCC_541\Debug\queue.o
                0x0000032c                xQueueGenericSend
 .text.xQueueReceive
                0x00000480      0x144 .\CortexM3\ARM_GCC_541\Debug\queue.o
                0x00000480                xQueueReceive
 .text.prvCopyDataToQueue
                0x000005c4       0xd4 .\CortexM3\ARM_GCC_541\Debug\queue.o
 .text.prvCopyDataFromQueue
                0x00000698       0x4c .\CortexM3\ARM_GCC_541\Debug\queue.o
 .text.prvUnlockQueue
                0x000006e4       0xa4 .\CortexM3\ARM_GCC_541\Debug\queue.o
 .text.prvIsQueueEmpty
                0x00000788       0x2c .\CortexM3\ARM_GCC_541\Debug\queue.o
 .text.prvIsQueueFull
                0x000007b4       0x30 .\CortexM3\ARM_GCC_541\Debug\queue.o
 .text.xTaskCreate
                0x000007e4       0x84 .\CortexM3\ARM_GCC_541\Debug\tasks.o
                0x000007e4                xTaskCreate
 .text.prvInitialiseNewTask
                0x00000868      0x100 .\CortexM3\ARM_GCC_541\Debug\tasks.o
 .text.prvAddNewTaskToReadyList
                0x00000968       0xd4 .\CortexM3\ARM_GCC_541\Debug\tasks.o
 .text.vTaskDelay
                0x00000a3c       0x48 .\CortexM3\ARM_GCC_541\Debug\tasks.o
                0x00000a3c                vTaskDelay
 .text.vTaskStartScheduler
                0x00000a84       0x6c .\CortexM3\ARM_GCC_541\Debug\tasks.o
                0x00000a84                vTaskStartScheduler
 .text.vTaskSuspendAll
                0x00000af0       0x1c .\CortexM3\ARM_GCC_541\Debug\tasks.o
                0x00000af0                vTaskSuspendAll
 .text.xTaskResumeAll
                0x00000b0c      0x11c .\CortexM3\ARM_GCC_541\Debug\tasks.o
                0x00000b0c                xTaskResumeAll
 .text.xTaskIncrementTick
                0x00000c28      0x150 .\CortexM3\ARM_GCC_541\Debug\tasks.o
                0x00000c28                xTaskIncrementTick
 .text.vTaskSwitchContext
                0x00000d78       0xd8 .\CortexM3\ARM_GCC_541\Debug\tasks.o
                0x00000d78                vTaskSwitchContext
 .text.vTaskPlaceOnEventList
                0x00000e50       0x2c .\CortexM3\ARM_GCC_541\Debug\tasks.o
                0x00000e50                vTaskPlaceOnEventList
 .text.xTaskRemoveFromEventList
                0x00000e7c       0xa8 .\CortexM3\ARM_GCC_541\Debug\tasks.o
                0x00000e7c                xTaskRemoveFromEventList
 .text.vTaskInternalSetTimeOutState
                0x00000f24       0x2c .\CortexM3\ARM_GCC_541\Debug\tasks.o
                0x00000f24                vTaskInternalSetTimeOutState
 .text.xTaskCheckForTimeOut
                0x00000f50       0x8c .\CortexM3\ARM_GCC_541\Debug\tasks.o
                0x00000f50                xTaskCheckForTimeOut
 .text.vTaskMissedYield
                0x00000fdc       0x18 .\CortexM3\ARM_GCC_541\Debug\tasks.o
                0x00000fdc                vTaskMissedYield
 .text.prvIdleTask
                0x00000ff4       0x10 .\CortexM3\ARM_GCC_541\Debug\tasks.o
 .text.prvInitialiseTaskLists
                0x00001004       0x80 .\CortexM3\ARM_GCC_541\Debug\tasks.o
 .text.prvCheckTasksWaitingTermination
                0x00001084       0x58 .\CortexM3\ARM_GCC_541\Debug\tasks.o
 .text.prvDeleteTCB
                0x000010dc       0x20 .\CortexM3\ARM_GCC_541\Debug\tasks.o
 .text.prvResetNextTaskUnblockTime
                0x000010fc       0x40 .\CortexM3\ARM_GCC_541\Debug\tasks.o
 .text.xTaskPriorityDisinherit
                0x0000113c       0xc8 .\CortexM3\ARM_GCC_541\Debug\tasks.o
                0x0000113c                xTaskPriorityDisinherit
 .text.prvAddCurrentTaskToDelayedList
                0x00001204       0xcc .\CortexM3\ARM_GCC_541\Debug\tasks.o
 .text.pxPortInitialiseStack
                0x000012d0       0x58 .\CortexM3\ARM_GCC_541\Debug\port.o
                0x000012d0                pxPortInitialiseStack
 .text.prvTaskExitError
                0x00001328       0x30 .\CortexM3\ARM_GCC_541\Debug\port.o
 *fill*         0x00001358        0x8 
 .text.vPortSVCHandler
                0x00001360       0x28 .\CortexM3\ARM_GCC_541\Debug\port.o
                0x00001360                vPortSVCHandler
 .text.prvPortStartFirstTask
                0x00001388       0x20 .\CortexM3\ARM_GCC_541\Debug\port.o
 .text.xPortStartScheduler
                0x000013a8       0x40 .\CortexM3\ARM_GCC_541\Debug\port.o
                0x000013a8                xPortStartScheduler
 .text.vPortEnterCritical
                0x000013e8       0x30 .\CortexM3\ARM_GCC_541\Debug\port.o
                0x000013e8                vPortEnterCritical
 .text.vPortExitCritical
                0x00001418       0x30 .\CortexM3\ARM_GCC_541\Debug\port.o
                0x00001418                vPortExitCritical
 *fill*         0x00001448        0x8 
 .text.xPortPendSVHandler
                0x00001450       0x48 .\CortexM3\ARM_GCC_541\Debug\port.o
                0x00001450                xPortPendSVHandler
 .text.xPortSysTickHandler
                0x00001498       0x40 .\CortexM3\ARM_GCC_541\Debug\port.o
                0x00001498                xPortSysTickHandler
 .text.vPortSetupTimerInterrupt
                0x000014d8       0x34 .\CortexM3\ARM_GCC_541\Debug\port.o
                0x000014d8                vPortSetupTimerInterrupt
 .text.pvPortMalloc
                0x0000150c      0x124 .\CortexM3\ARM_GCC_541\Debug\heap_2.o
                0x0000150c                pvPortMalloc
 .text.vPortFree
                0x00001630       0x74 .\CortexM3\ARM_GCC_541\Debug\heap_2.o
                0x00001630                vPortFree
 .text.prvHeapInit
                0x000016a4       0x50 .\CortexM3\ARM_GCC_541\Debug\heap_2.o
 .text.main     0x000016f4       0x18 .\CortexM3\ARM_GCC_541\Debug\main.o
                0x000016f4                main
 .text.prvHardwareSetup
                0x0000170c       0x48 .\CortexM3\ARM_GCC_541\Debug\main.o
 .text.vApplicationStackOverflowHook
                0x00001754       0x20 .\CortexM3\ARM_GCC_541\Debug\main.o
                0x00001754                vApplicationStackOverflowHook
 .text.vApplicationMallocFailedHook
                0x00001774       0x1c .\CortexM3\ARM_GCC_541\Debug\main.o
                0x00001774                vApplicationMallocFailedHook
 .text.vNutrientsInit
                0x00001790      0x100 .\CortexM3\ARM_GCC_541\Debug\Nutrients.o
                0x00001790                vNutrientsInit
 .text.vTaskNutrientPump
                0x00001890       0xc8 .\CortexM3\ARM_GCC_541\Debug\Nutrients.o
                0x00001890                vTaskNutrientPump
 .text.vTaskMeasurePH
                0x00001958       0xe0 .\CortexM3\ARM_GCC_541\Debug\Nutrients.o
                0x00001958                vTaskMeasurePH
 .text.fCalculatePHValue
                0x00001a38      0x168 .\CortexM3\ARM_GCC_541\Debug\Nutrients.o
                0x00001a38                fCalculatePHValue
 .text.vTaskWaterTemp
                0x00001ba0       0x5c .\CortexM3\ARM_GCC_541\Debug\Nutrients.o
                0x00001ba0                vTaskWaterTemp
 .text.vTestTaskInit
                0x00001bfc        0xc .\CortexM3\ARM_GCC_541\Debug\Nutrients.o
                0x00001bfc                vTestTaskInit
 .text.vAirInit
                0x00001c08       0x64 .\CortexM3\ARM_GCC_541\Debug\Air.o
                0x00001c08                vAirInit
 .text.vInitSCD30
                0x00001c6c       0x20 .\CortexM3\ARM_GCC_541\Debug\Air.o
                0x00001c6c                vInitSCD30
 .text.vTaskGetMeasSCD30
                0x00001c8c       0x6c .\CortexM3\ARM_GCC_541\Debug\Air.o
                0x00001c8c                vTaskGetMeasSCD30
 .text.vAirTestTaskInit
                0x00001cf8       0x2c .\CortexM3\ARM_GCC_541\Debug\Air.o
                0x00001cf8                vAirTestTaskInit
 .text.vTaskTestSCD30
                0x00001d24       0xbc .\CortexM3\ARM_GCC_541\Debug\Air.o
                0x00001d24                vTaskTestSCD30
 .text.SCD30_isAvailable
                0x00001de0       0x1c .\CortexM3\ARM_GCC_541\Debug\SCD30.o
                0x00001de0                SCD30_isAvailable
 .text.SCD30_setMeasurementInterval
                0x00001dfc       0x20 .\CortexM3\ARM_GCC_541\Debug\SCD30.o
                0x00001dfc                SCD30_setMeasurementInterval
 .text.SCD30_startPeriodicMeasurment
                0x00001e1c       0x10 .\CortexM3\ARM_GCC_541\Debug\SCD30.o
                0x00001e1c                SCD30_startPeriodicMeasurment
 .text.SCD30_getCarbonDioxideConcentration
                0x00001e2c       0xd0 .\CortexM3\ARM_GCC_541\Debug\SCD30.o
                0x00001e2c                SCD30_getCarbonDioxideConcentration
 .text.SCD30_writeCommand
                0x00001efc       0x48 .\CortexM3\ARM_GCC_541\Debug\SCD30.o
                0x00001efc                SCD30_writeCommand
 .text.SCD30_writeCommandWithArguments
                0x00001f44       0x64 .\CortexM3\ARM_GCC_541\Debug\SCD30.o
                0x00001f44                SCD30_writeCommandWithArguments
 .text.SCD30_readRegister
                0x00001fa8       0x44 .\CortexM3\ARM_GCC_541\Debug\SCD30.o
                0x00001fa8                SCD30_readRegister
 .text.SCD30_writeBuffer
                0x00001fec       0x38 .\CortexM3\ARM_GCC_541\Debug\SCD30.o
                0x00001fec                SCD30_writeBuffer
 .text.SCD30_readBuffer
                0x00002024       0x3c .\CortexM3\ARM_GCC_541\Debug\SCD30.o
                0x00002024                SCD30_readBuffer
 .text.SCD30_calculateCrc
                0x00002060       0x6c .\CortexM3\ARM_GCC_541\Debug\SCD30.o
                0x00002060                SCD30_calculateCrc
 .text.CYMEMZERO
                0x000020cc       0x1c .\CortexM3\ARM_GCC_541\Debug\cyfitter_cfg.o
 .text.CYCONFIGCPY
                0x000020e8       0x20 .\CortexM3\ARM_GCC_541\Debug\cyfitter_cfg.o
 .text.CyClockStartupError
                0x00002108        0xc .\CortexM3\ARM_GCC_541\Debug\cyfitter_cfg.o
 .text.cfg_write_bytes32
                0x00002114       0x74 .\CortexM3\ARM_GCC_541\Debug\cyfitter_cfg.o
 .text.ClockSetup
                0x00002188      0x15c .\CortexM3\ARM_GCC_541\Debug\cyfitter_cfg.o
 .text.AnalogSetDefault
                0x000022e4       0xa8 .\CortexM3\ARM_GCC_541\Debug\cyfitter_cfg.o
 .text.cyfitter_cfg
                0x0000238c      0x154 .\CortexM3\ARM_GCC_541\Debug\cyfitter_cfg.o
                0x0000238c                cyfitter_cfg
 .text.IntDefaultHandler
                0x000024e0       0x14 .\CortexM3\ARM_GCC_541\Debug\Cm3Start.o
                0x000024e0                IntDefaultHandler
 .text.Start_c  0x000024f4       0x98 .\CortexM3\ARM_GCC_541\Debug\Cm3Start.o
                0x000024f4                Start_c
 .text.initialize_psoc
                0x0000258c       0x90 .\CortexM3\ARM_GCC_541\Debug\Cm3Start.o
                0x0000258c                initialize_psoc
 .text.CyHalt   0x0000261c       0x18 .\CortexM3\ARM_GCC_541\Debug\PlanteModul.a(CyLib.o)
                0x0000261c                CyHalt
 .text.CyDelay  0x00002634       0x44 .\CortexM3\ARM_GCC_541\Debug\PlanteModul.a(CyLib.o)
                0x00002634                CyDelay
 .text.CyDelayUs
                0x00002678       0x28 .\CortexM3\ARM_GCC_541\Debug\PlanteModul.a(CyLib.o)
                0x00002678                CyDelayUs
 .text.CyIntSetVector
                0x000026a0       0x50 .\CortexM3\ARM_GCC_541\Debug\PlanteModul.a(CyLib.o)
                0x000026a0                CyIntSetVector
 .text.CyIntSetPriority
                0x000026f0       0x48 .\CortexM3\ARM_GCC_541\Debug\PlanteModul.a(CyLib.o)
                0x000026f0                CyIntSetPriority
 .text.I2C_Init
                0x00002738       0x84 .\CortexM3\ARM_GCC_541\Debug\PlanteModul.a(I2C.o)
                0x00002738                I2C_Init
 .text.I2C_Enable
                0x000027bc       0x48 .\CortexM3\ARM_GCC_541\Debug\PlanteModul.a(I2C.o)
                0x000027bc                I2C_Enable
 .text.I2C_Start
                0x00002804       0x30 .\CortexM3\ARM_GCC_541\Debug\PlanteModul.a(I2C.o)
                0x00002804                I2C_Start
 .text.I2C_ISR  0x00002834      0x3a8 .\CortexM3\ARM_GCC_541\Debug\PlanteModul.a(I2C_INT.o)
                0x00002834                I2C_ISR
 .text.I2C_MasterWriteBuf
                0x00002bdc      0x108 .\CortexM3\ARM_GCC_541\Debug\PlanteModul.a(I2C_MASTER.o)
                0x00002bdc                I2C_MasterWriteBuf
 .text.I2C_MasterReadBuf
                0x00002ce4      0x110 .\CortexM3\ARM_GCC_541\Debug\PlanteModul.a(I2C_MASTER.o)
                0x00002ce4                I2C_MasterReadBuf
 .text.I2C_MasterStatus
                0x00002df4       0x50 .\CortexM3\ARM_GCC_541\Debug\PlanteModul.a(I2C_MASTER.o)
                0x00002df4                I2C_MasterStatus
 .text.I2C_MasterClearStatus
                0x00002e44       0x3c .\CortexM3\ARM_GCC_541\Debug\PlanteModul.a(I2C_MASTER.o)
                0x00002e44                I2C_MasterClearStatus
 .text.PWM_PERISTALTISK_1_Start
                0x00002e80       0x24 .\CortexM3\ARM_GCC_541\Debug\PlanteModul.a(PWM_PERISTALTISK_1.o)
                0x00002e80                PWM_PERISTALTISK_1_Start
 .text.PWM_PERISTALTISK_1_Init
                0x00002ea4       0x80 .\CortexM3\ARM_GCC_541\Debug\PlanteModul.a(PWM_PERISTALTISK_1.o)
                0x00002ea4                PWM_PERISTALTISK_1_Init
 .text.PWM_PERISTALTISK_1_Enable
                0x00002f24       0x20 .\CortexM3\ARM_GCC_541\Debug\PlanteModul.a(PWM_PERISTALTISK_1.o)
                0x00002f24                PWM_PERISTALTISK_1_Enable
 .text.PWM_PERISTALTISK_1_WriteCounter
                0x00002f44       0x20 .\CortexM3\ARM_GCC_541\Debug\PlanteModul.a(PWM_PERISTALTISK_1.o)
                0x00002f44                PWM_PERISTALTISK_1_WriteCounter
 .text.PWM_PERISTALTISK_1_ClearFIFO
                0x00002f64       0x1c .\CortexM3\ARM_GCC_541\Debug\PlanteModul.a(PWM_PERISTALTISK_1.o)
                0x00002f64                PWM_PERISTALTISK_1_ClearFIFO
 .text.PWM_PERISTALTISK_1_WritePeriod
                0x00002f80       0x20 .\CortexM3\ARM_GCC_541\Debug\PlanteModul.a(PWM_PERISTALTISK_1.o)
                0x00002f80                PWM_PERISTALTISK_1_WritePeriod
 .text.PWM_PERISTALTISK_1_WriteCompare1
                0x00002fa0       0x20 .\CortexM3\ARM_GCC_541\Debug\PlanteModul.a(PWM_PERISTALTISK_1.o)
                0x00002fa0                PWM_PERISTALTISK_1_WriteCompare1
 .text.PWM_PERISTALTISK_1_WriteCompare2
                0x00002fc0       0x20 .\CortexM3\ARM_GCC_541\Debug\PlanteModul.a(PWM_PERISTALTISK_1.o)
                0x00002fc0                PWM_PERISTALTISK_1_WriteCompare2
 .text.PWM_PERISTALTISK_1_SetInterruptMode
                0x00002fe0       0x20 .\CortexM3\ARM_GCC_541\Debug\PlanteModul.a(PWM_PERISTALTISK_1.o)
                0x00002fe0                PWM_PERISTALTISK_1_SetInterruptMode
 .text.PWM_PERISTALTISK_1_ReadStatusRegister
                0x00003000       0x18 .\CortexM3\ARM_GCC_541\Debug\PlanteModul.a(PWM_PERISTALTISK_1.o)
                0x00003000                PWM_PERISTALTISK_1_ReadStatusRegister
 .text.PWM_PERISTALTISK_1_ReadCapture
                0x00003018       0x18 .\CortexM3\ARM_GCC_541\Debug\PlanteModul.a(PWM_PERISTALTISK_1.o)
                0x00003018                PWM_PERISTALTISK_1_ReadCapture
 .text.PWM_PERISTALTISK_2_Start
                0x00003030       0x24 .\CortexM3\ARM_GCC_541\Debug\PlanteModul.a(PWM_PERISTALTISK_2.o)
                0x00003030                PWM_PERISTALTISK_2_Start
 .text.PWM_PERISTALTISK_2_Init
                0x00003054       0x7c .\CortexM3\ARM_GCC_541\Debug\PlanteModul.a(PWM_PERISTALTISK_2.o)
                0x00003054                PWM_PERISTALTISK_2_Init
 .text.PWM_PERISTALTISK_2_Enable
                0x000030d0       0x20 .\CortexM3\ARM_GCC_541\Debug\PlanteModul.a(PWM_PERISTALTISK_2.o)
                0x000030d0                PWM_PERISTALTISK_2_Enable
 .text.PWM_PERISTALTISK_2_WriteCounter
                0x000030f0       0x20 .\CortexM3\ARM_GCC_541\Debug\PlanteModul.a(PWM_PERISTALTISK_2.o)
                0x000030f0                PWM_PERISTALTISK_2_WriteCounter
 .text.PWM_PERISTALTISK_2_ClearFIFO
                0x00003110       0x1c .\CortexM3\ARM_GCC_541\Debug\PlanteModul.a(PWM_PERISTALTISK_2.o)
                0x00003110                PWM_PERISTALTISK_2_ClearFIFO
 .text.PWM_PERISTALTISK_2_WritePeriod
                0x0000312c       0x20 .\CortexM3\ARM_GCC_541\Debug\PlanteModul.a(PWM_PERISTALTISK_2.o)
                0x0000312c                PWM_PERISTALTISK_2_WritePeriod
 .text.PWM_PERISTALTISK_2_WriteCompare
                0x0000314c       0x20 .\CortexM3\ARM_GCC_541\Debug\PlanteModul.a(PWM_PERISTALTISK_2.o)
                0x0000314c                PWM_PERISTALTISK_2_WriteCompare
 .text.PWM_PERISTALTISK_2_SetInterruptMode
                0x0000316c       0x20 .\CortexM3\ARM_GCC_541\Debug\PlanteModul.a(PWM_PERISTALTISK_2.o)
                0x0000316c                PWM_PERISTALTISK_2_SetInterruptMode
 .text.PWM_PERISTALTISK_2_ReadStatusRegister
                0x0000318c       0x18 .\CortexM3\ARM_GCC_541\Debug\PlanteModul.a(PWM_PERISTALTISK_2.o)
                0x0000318c                PWM_PERISTALTISK_2_ReadStatusRegister
 .text.PWM_PERISTALTISK_2_ReadCapture
                0x000031a4       0x18 .\CortexM3\ARM_GCC_541\Debug\PlanteModul.a(PWM_PERISTALTISK_2.o)
                0x000031a4                PWM_PERISTALTISK_2_ReadCapture
 .text.ADC_PH_Start
                0x000031bc       0x24 .\CortexM3\ARM_GCC_541\Debug\PlanteModul.a(ADC_PH.o)
                0x000031bc                ADC_PH_Start
 .text.ADC_PH_Init
                0x000031e0       0x48 .\CortexM3\ARM_GCC_541\Debug\PlanteModul.a(ADC_PH.o)
                0x000031e0                ADC_PH_Init
 .text.ADC_PH_Enable
                0x00003228       0xf4 .\CortexM3\ARM_GCC_541\Debug\PlanteModul.a(ADC_PH.o)
                0x00003228                ADC_PH_Enable
 .text.ADC_PH_SetResolution
                0x0000331c       0x54 .\CortexM3\ARM_GCC_541\Debug\PlanteModul.a(ADC_PH.o)
                0x0000331c                ADC_PH_SetResolution
 .text.ADC_PH_StartConvert
                0x00003370       0x30 .\CortexM3\ARM_GCC_541\Debug\PlanteModul.a(ADC_PH.o)
                0x00003370                ADC_PH_StartConvert
 .text.ADC_PH_IsEndConversion
                0x000033a0       0x40 .\CortexM3\ARM_GCC_541\Debug\PlanteModul.a(ADC_PH.o)
                0x000033a0                ADC_PH_IsEndConversion
 .text.ADC_PH_GetResult16
                0x000033e0       0x30 .\CortexM3\ARM_GCC_541\Debug\PlanteModul.a(ADC_PH.o)
                0x000033e0                ADC_PH_GetResult16
 .text.ADC_PH_CalcGain
                0x00003410       0x7c .\CortexM3\ARM_GCC_541\Debug\PlanteModul.a(ADC_PH.o)
 .text.ADC_PH_ISR
                0x0000348c        0xc .\CortexM3\ARM_GCC_541\Debug\PlanteModul.a(ADC_PH_INT.o)
                0x0000348c                ADC_PH_ISR
 .text.ADC_PH_theACLK_SetModeRegister
                0x00003498       0x34 .\CortexM3\ARM_GCC_541\Debug\PlanteModul.a(ADC_PH_theACLK.o)
                0x00003498                ADC_PH_theACLK_SetModeRegister
 .text.SW_UART_TEST_USB_Start
                0x000034cc        0xc .\CortexM3\ARM_GCC_541\Debug\PlanteModul.a(SW_UART_TEST_USB.o)
                0x000034cc                SW_UART_TEST_USB_Start
 .text.SW_UART_TEST_USB_PutString
                0x000034d8       0x3c .\CortexM3\ARM_GCC_541\Debug\PlanteModul.a(SW_UART_TEST_USB.o)
                0x000034d8                SW_UART_TEST_USB_PutString
 .text.SW_UART_TEST_USB_PutHexByte
                0x00003514       0x38 .\CortexM3\ARM_GCC_541\Debug\PlanteModul.a(SW_UART_TEST_USB.o)
                0x00003514                SW_UART_TEST_USB_PutHexByte
 .text.SW_UART_TEST_USB_PutHexInt
                0x0000354c       0x2c .\CortexM3\ARM_GCC_541\Debug\PlanteModul.a(SW_UART_TEST_USB.o)
                0x0000354c                SW_UART_TEST_USB_PutHexInt
 .text.DS18x8_IRQDataReady
                0x00003578       0x18 .\CortexM3\ARM_GCC_541\Debug\PlanteModul.a(DS18x8.o)
                0x00003578                DS18x8_IRQDataReady
 .text.R_BitBus
                0x00003590       0x48 .\CortexM3\ARM_GCC_541\Debug\PlanteModul.a(DS18x8.o)
                0x00003590                R_BitBus
 .text.W_Bit    0x000035d8       0x38 .\CortexM3\ARM_GCC_541\Debug\PlanteModul.a(DS18x8.o)
                0x000035d8                W_Bit
 .text.Write8   0x00003610       0x44 .\CortexM3\ARM_GCC_541\Debug\PlanteModul.a(DS18x8.o)
                0x00003610                Write8
 .text.BusReset
                0x00003654       0x84 .\CortexM3\ARM_GCC_541\Debug\PlanteModul.a(DS18x8.o)
                0x00003654                BusReset
 .text.DS18x8_SendTemperatureRequest
                0x000036d8       0x44 .\CortexM3\ARM_GCC_541\Debug\PlanteModul.a(DS18x8.o)
                0x000036d8                DS18x8_SendTemperatureRequest
 .text.DS18x8_ReadTemperature
                0x0000371c      0x1e8 .\CortexM3\ARM_GCC_541\Debug\PlanteModul.a(DS18x8.o)
                0x0000371c                DS18x8_ReadTemperature
 .text.DS18x8_GetTemperatureAsInt100
                0x00003904       0x34 .\CortexM3\ARM_GCC_541\Debug\PlanteModul.a(DS18x8.o)
                0x00003904                DS18x8_GetTemperatureAsInt100
 .text.DS18x8_Start
                0x00003938       0x28 .\CortexM3\ARM_GCC_541\Debug\PlanteModul.a(DS18x8.o)
                0x00003938                DS18x8_Start
 .text.DS18x8_ControlReg_DRV_Write
                0x00003960       0x20 .\CortexM3\ARM_GCC_541\Debug\PlanteModul.a(DS18x8_ControlReg_DRV.o)
                0x00003960                DS18x8_ControlReg_DRV_Write
 .text.DS18x8_StatusReg_BUS_Read
                0x00003980       0x18 .\CortexM3\ARM_GCC_541\Debug\PlanteModul.a(DS18x8_StatusReg_BUS.o)
                0x00003980                DS18x8_StatusReg_BUS_Read
 .text.DS18x8_TimerDelay_Init
                0x00003998       0x50 .\CortexM3\ARM_GCC_541\Debug\PlanteModul.a(DS18x8_TimerDelay.o)
                0x00003998                DS18x8_TimerDelay_Init
 .text.DS18x8_TimerDelay_Enable
                0x000039e8       0x20 .\CortexM3\ARM_GCC_541\Debug\PlanteModul.a(DS18x8_TimerDelay.o)
                0x000039e8                DS18x8_TimerDelay_Enable
 .text.DS18x8_TimerDelay_Start
                0x00003a08       0x24 .\CortexM3\ARM_GCC_541\Debug\PlanteModul.a(DS18x8_TimerDelay.o)
                0x00003a08                DS18x8_TimerDelay_Start
 .text.DS18x8_TimerDelay_SetInterruptMode
                0x00003a2c       0x20 .\CortexM3\ARM_GCC_541\Debug\PlanteModul.a(DS18x8_TimerDelay.o)
                0x00003a2c                DS18x8_TimerDelay_SetInterruptMode
 .text.DS18x8_TimerDelay_ReadStatusRegister
                0x00003a4c       0x18 .\CortexM3\ARM_GCC_541\Debug\PlanteModul.a(DS18x8_TimerDelay.o)
                0x00003a4c                DS18x8_TimerDelay_ReadStatusRegister
 .text.DS18x8_TimerDelay_WritePeriod
                0x00003a64       0x20 .\CortexM3\ARM_GCC_541\Debug\PlanteModul.a(DS18x8_TimerDelay.o)
                0x00003a64                DS18x8_TimerDelay_WritePeriod
 .text.DS18x8_TimerDelay_ReadCapture
                0x00003a84       0x18 .\CortexM3\ARM_GCC_541\Debug\PlanteModul.a(DS18x8_TimerDelay.o)
                0x00003a84                DS18x8_TimerDelay_ReadCapture
 .text.DS18x8_TimerDelay_WriteCounter
                0x00003a9c       0x20 .\CortexM3\ARM_GCC_541\Debug\PlanteModul.a(DS18x8_TimerDelay.o)
                0x00003a9c                DS18x8_TimerDelay_WriteCounter
 .text.DS18x8_TimerDelay_EnableTrigger
                0x00003abc       0x20 .\CortexM3\ARM_GCC_541\Debug\PlanteModul.a(DS18x8_TimerDelay.o)
                0x00003abc                DS18x8_TimerDelay_EnableTrigger
 .text.DS18x8_TimerDelay_ClearFIFO
                0x00003adc       0x1c .\CortexM3\ARM_GCC_541\Debug\PlanteModul.a(DS18x8_TimerDelay.o)
                0x00003adc                DS18x8_TimerDelay_ClearFIFO
 .text.DS18x8_ControlReg_SEL_Write
                0x00003af8       0x20 .\CortexM3\ARM_GCC_541\Debug\PlanteModul.a(DS18x8_ControlReg_SEL.o)
                0x00003af8                DS18x8_ControlReg_SEL_Write
 .text.DS18x8_Trigger_Write
                0x00003b18       0x20 .\CortexM3\ARM_GCC_541\Debug\PlanteModul.a(DS18x8_Trigger.o)
                0x00003b18                DS18x8_Trigger_Write
 .text.DS18x8_isr_DataReady_StartEx
                0x00003b38       0x24 .\CortexM3\ARM_GCC_541\Debug\PlanteModul.a(DS18x8_isr_DataReady.o)
                0x00003b38                DS18x8_isr_DataReady_StartEx
 .text.DS18x8_isr_DataReady_SetVector
                0x00003b5c       0x24 .\CortexM3\ARM_GCC_541\Debug\PlanteModul.a(DS18x8_isr_DataReady.o)
                0x00003b5c                DS18x8_isr_DataReady_SetVector
 .text.DS18x8_isr_DataReady_SetPriority
                0x00003b80       0x24 .\CortexM3\ARM_GCC_541\Debug\PlanteModul.a(DS18x8_isr_DataReady.o)
                0x00003b80                DS18x8_isr_DataReady_SetPriority
 .text.DS18x8_isr_DataReady_Enable
                0x00003ba4       0x18 .\CortexM3\ARM_GCC_541\Debug\PlanteModul.a(DS18x8_isr_DataReady.o)
                0x00003ba4                DS18x8_isr_DataReady_Enable
 .text.DS18x8_isr_DataReady_Disable
                0x00003bbc       0x18 .\CortexM3\ARM_GCC_541\Debug\PlanteModul.a(DS18x8_isr_DataReady.o)
                0x00003bbc                DS18x8_isr_DataReady_Disable
 *fill*         0x00003bd4        0x4 
 .text          0x00003bd8       0x20 .\CortexM3\ARM_GCC_541\Debug\PlanteModul.a(CyBootAsmGnu.o)
                0x00003bd8                CyDelayCycles
                0x00003be8                CyEnterCriticalSection
                0x00003bf0                CyExitCriticalSection
 .text          0x00003bf8       0xac .\CortexM3\ARM_GCC_541\Debug\PlanteModul.a(SW_UART_TEST_USB_AsmGnu.o)
                0x00003bf8                SW_UART_TEST_USB_PutChar
 .text          0x00003ca4       0x24 c:/program files (x86)/cypress/psoc creator/4.3/psoc creator/import/gnu/arm/5.4.1/bin/../lib/gcc/arm-none-eabi/5.4.1/armv7-m\libgcc.a(_udivsi3.o)
                0x00003ca4                __aeabi_uidiv
                0x00003ca4                __udivsi3
                0x00003cb8                __aeabi_uidivmod
 .text          0x00003cc8        0x4 c:/program files (x86)/cypress/psoc creator/4.3/psoc creator/import/gnu/arm/5.4.1/bin/../lib/gcc/arm-none-eabi/5.4.1/armv7-m\libgcc.a(_dvmd_tls.o)
                0x00003cc8                __aeabi_idiv0
                0x00003cc8                __aeabi_ldiv0
 .text          0x00003ccc      0x370 c:/program files (x86)/cypress/psoc creator/4.3/psoc creator/import/gnu/arm/5.4.1/bin/../lib/gcc/arm-none-eabi/5.4.1/armv7-m\libgcc.a(_arm_addsubdf3.o)
                0x00003ccc                __aeabi_drsub
                0x00003cd4                __aeabi_dsub
                0x00003cd4                __subdf3
                0x00003cd8                __aeabi_dadd
                0x00003cd8                __adddf3
                0x00003f50                __floatunsidf
                0x00003f50                __aeabi_ui2d
                0x00003f70                __floatsidf
                0x00003f70                __aeabi_i2d
                0x00003f94                __aeabi_f2d
                0x00003f94                __extendsfdf2
                0x00003fd0                __floatundidf
                0x00003fd0                __aeabi_ul2d
                0x00003fe0                __floatdidf
                0x00003fe0                __aeabi_l2d
 .text          0x0000403c      0x424 c:/program files (x86)/cypress/psoc creator/4.3/psoc creator/import/gnu/arm/5.4.1/bin/../lib/gcc/arm-none-eabi/5.4.1/armv7-m\libgcc.a(_arm_muldivdf3.o)
                0x0000403c                __aeabi_dmul
                0x0000403c                __muldf3
                0x00004290                __divdf3
                0x00004290                __aeabi_ddiv
 .text          0x00004460       0xa0 c:/program files (x86)/cypress/psoc creator/4.3/psoc creator/import/gnu/arm/5.4.1/bin/../lib/gcc/arm-none-eabi/5.4.1/armv7-m\libgcc.a(_arm_truncdfsf2.o)
                0x00004460                __truncdfsf2
                0x00004460                __aeabi_d2f
 .text          0x00004500      0x2a0 c:/program files (x86)/cypress/psoc creator/4.3/psoc creator/import/gnu/arm/5.4.1/bin/../lib/gcc/arm-none-eabi/5.4.1/armv7-m\libgcc.a(_arm_muldivsf3.o)
                0x00004500                __mulsf3
                0x00004500                __aeabi_fmul
                0x00004668                __aeabi_fdiv
                0x00004668                __divsf3
 .text          0x000047a0       0x40 c:/program files (x86)/cypress/psoc creator/4.3/psoc creator/import/gnu/arm/5.4.1/bin/../lib/gcc/arm-none-eabi/5.4.1/armv7-m\libgcc.a(_arm_fixunssfsi.o)
                0x000047a0                __fixunssfsi
                0x000047a0                __aeabi_f2uiz
 .text.__errno  0x000047e0        0xc c:/program files (x86)/cypress/psoc creator/4.3/psoc creator/import/gnu/arm/5.4.1/bin/../lib/gcc/arm-none-eabi/5.4.1/../../../../arm-none-eabi/lib/armv7-m\libg_nano.a(lib_a-errno.o)
                0x000047e0                __errno
 .text.__libc_init_array
                0x000047ec       0x4c c:/program files (x86)/cypress/psoc creator/4.3/psoc creator/import/gnu/arm/5.4.1/bin/../lib/gcc/arm-none-eabi/5.4.1/../../../../arm-none-eabi/lib/armv7-m\libg_nano.a(lib_a-init.o)
                0x000047ec                __libc_init_array
 .text.memcpy   0x00004838       0x16 c:/program files (x86)/cypress/psoc creator/4.3/psoc creator/import/gnu/arm/5.4.1/bin/../lib/gcc/arm-none-eabi/5.4.1/../../../../arm-none-eabi/lib/armv7-m\libg_nano.a(lib_a-memcpy-stub.o)
                0x00004838                memcpy
 .text.memset   0x0000484e       0x10 c:/program files (x86)/cypress/psoc creator/4.3/psoc creator/import/gnu/arm/5.4.1/bin/../lib/gcc/arm-none-eabi/5.4.1/../../../../arm-none-eabi/lib/armv7-m\libg_nano.a(lib_a-memset.o)
                0x0000484e                memset
 *(.plt)
 *(.gnu.warning)
 *(.glue_7t)
 .glue_7t       0x0000485e        0x0 linker stubs
 *(.glue_7)
 .glue_7        0x0000485e        0x0 linker stubs
 *(.vfp11_veneer)
 .vfp11_veneer  0x0000485e        0x0 linker stubs
 *(.bootloader)
 *(.ARM.extab* .gnu.linkonce.armextab.*)
 *(.gcc_except_table)

.v4_bx          0x00004860        0x0
 .v4_bx         0x00004860        0x0 linker stubs

.iplt           0x00004860        0x0
 .iplt          0x00004860        0x0 c:/program files (x86)/cypress/psoc creator/4.3/psoc creator/import/gnu/arm/5.4.1/bin/../lib/gcc/arm-none-eabi/5.4.1/armv7-m/crtbegin.o

.eh_frame_hdr
 *(.eh_frame_hdr)

.eh_frame       0x00004860        0x4
 *(.eh_frame)
 .eh_frame      0x00004860        0x0 c:/program files (x86)/cypress/psoc creator/4.3/psoc creator/import/gnu/arm/5.4.1/bin/../lib/gcc/arm-none-eabi/5.4.1/armv7-m/crtbegin.o
 .eh_frame      0x00004860        0x4 c:/program files (x86)/cypress/psoc creator/4.3/psoc creator/import/gnu/arm/5.4.1/bin/../lib/gcc/arm-none-eabi/5.4.1/armv7-m/crtend.o
                [!provide]                PROVIDE (__exidx_start, .)

.ARM.exidx
 *(.ARM.exidx* .gnu.linkonce.armexidx.*)
                0x00004864                __exidx_end = .

.rodata         0x00004864      0x15c
 *(.rodata .rodata.* .gnu.linkonce.r.*)
 .rodata        0x00004864        0x5 .\CortexM3\ARM_GCC_541\Debug\tasks.o
 *fill*         0x00004869        0x3 
 .rodata        0x0000486c       0x4c .\CortexM3\ARM_GCC_541\Debug\Nutrients.o
                0x0000486c                iSizeOfNutrients
                0x00004870                fNeutralVoltage
                0x00004874                fAcidVoltage
                0x00004878                MAX_SPEED
                0x00004879                STOP_SPEED
 .rodata        0x000048b8       0x2d .\CortexM3\ARM_GCC_541\Debug\Air.o
 *fill*         0x000048e5        0x3 
 .rodata        0x000048e8       0x30 .\CortexM3\ARM_GCC_541\Debug\cyfitter_cfg.o
 .rodata        0x00004918       0x11 .\CortexM3\ARM_GCC_541\Debug\PlanteModul.a(SW_UART_TEST_USB.o)
 *fill*         0x00004929        0x3 
 .rodata        0x0000492c       0x58 .\CortexM3\ARM_GCC_541\Debug\PlanteModul.a(DS18x8.o)
 .rodata.str1.1
                0x00004984        0x2 c:/program files (x86)/cypress/psoc creator/4.3/psoc creator/import/gnu/arm/5.4.1/bin/../lib/gcc/arm-none-eabi/5.4.1/../../../../arm-none-eabi/lib/armv7-m\libg_nano.a(lib_a-impure.o)
                0x00004988                . = ALIGN (0x4)
 *fill*         0x00004986        0x2 
 *(.init)
 .init          0x00004988        0x4 c:/program files (x86)/cypress/psoc creator/4.3/psoc creator/import/gnu/arm/5.4.1/bin/../lib/gcc/arm-none-eabi/5.4.1/armv7-m/crti.o
                0x00004988                _init
 .init          0x0000498c        0x8 c:/program files (x86)/cypress/psoc creator/4.3/psoc creator/import/gnu/arm/5.4.1/bin/../lib/gcc/arm-none-eabi/5.4.1/armv7-m/crtn.o
                0x00004994                . = ALIGN (0x4)
                0x00004994                __preinit_array_start = .
 *(.preinit_array)
                0x00004994                __preinit_array_end = .
                0x00004994                . = ALIGN (0x4)
                0x00004994                __init_array_start = .
 *(SORT(.init_array.*))
 *(.init_array)
 .init_array    0x00004994        0x4 c:/program files (x86)/cypress/psoc creator/4.3/psoc creator/import/gnu/arm/5.4.1/bin/../lib/gcc/arm-none-eabi/5.4.1/armv7-m/crtbegin.o
 .init_array    0x00004998        0x4 .\CortexM3\ARM_GCC_541\Debug\Cm3Start.o
                0x0000499c                __init_array_end = .
                0x0000499c                . = ALIGN (0x4)
 *(.fini)
 .fini          0x0000499c        0x4 c:/program files (x86)/cypress/psoc creator/4.3/psoc creator/import/gnu/arm/5.4.1/bin/../lib/gcc/arm-none-eabi/5.4.1/armv7-m/crti.o
                0x0000499c                _fini
 .fini          0x000049a0        0x8 c:/program files (x86)/cypress/psoc creator/4.3/psoc creator/import/gnu/arm/5.4.1/bin/../lib/gcc/arm-none-eabi/5.4.1/armv7-m/crtn.o
                0x000049a8                . = ALIGN (0x4)
                0x000049a8                __fini_array_start = .
 *(.fini_array)
 .fini_array    0x000049a8        0x4 c:/program files (x86)/cypress/psoc creator/4.3/psoc creator/import/gnu/arm/5.4.1/bin/../lib/gcc/arm-none-eabi/5.4.1/armv7-m/crtbegin.o
 *(SORT(.fini_array.*))
                0x000049ac                __fini_array_end = .
                0x000049ac                . = ALIGN (0x4)
 *crtbegin.o(.ctors)
 *(EXCLUDE_FILE(*crtend.o) .ctors)
 *(SORT(.ctors.*))
 *crtend.o(.ctors)
                0x000049ac                . = ALIGN (0x4)
 *crtbegin.o(.dtors)
 *(EXCLUDE_FILE(*crtend.o) .dtors)
 *(SORT(.dtors.*))
 *crtend.o(.dtors)
                0x000049ac                . = ALIGN (0x4)
                0x000049ac                __cy_regions = .
                0x000049ac        0x4 LONG 0x49c0 __cy_region_init_ram
                0x000049b0        0x4 LONG 0x1fff80c8 __cy_region_start_data
                0x000049b4        0x4 LONG 0xd0 __cy_region_init_size_ram
                0x000049b8        0x4 LONG 0x82a8 __cy_region_zero_size_ram
                0x000049bc                __cy_regions_end = .
                0x000049c0                . = ALIGN (0x8)
 *fill*         0x000049bc        0x4 
                0x000049c0                _etext = .

.cy_checksum_exclude
                0x000049c0        0x0
 *(.cy_checksum_exclude)

.ramvectors     0x1fff8000       0xc0
                0x1fff8000                __cy_region_start_ram = .
 *(.ramvectors)
 .ramvectors    0x1fff8000       0xc0 .\CortexM3\ARM_GCC_541\Debug\Cm3Start.o
                0x1fff8000                CyRamVectors

.noinit         0x1fff80c0        0x5
 *(.noinit)
 .noinit        0x1fff80c0        0x4 .\CortexM3\ARM_GCC_541\Debug\Cm3Start.o
 .noinit        0x1fff80c4        0x1 .\CortexM3\ARM_GCC_541\Debug\PlanteModul.a(CyLib.o)
                0x1fff80c4                CyResetStatus

.data           0x1fff80c8       0xd0 load address 0x000049c0
                0x1fff80c8                __cy_region_start_data = .
 *(.jcr)
 .jcr           0x1fff80c8        0x0 c:/program files (x86)/cypress/psoc creator/4.3/psoc creator/import/gnu/arm/5.4.1/bin/../lib/gcc/arm-none-eabi/5.4.1/armv7-m/crtbegin.o
 .jcr           0x1fff80c8        0x4 c:/program files (x86)/cypress/psoc creator/4.3/psoc creator/import/gnu/arm/5.4.1/bin/../lib/gcc/arm-none-eabi/5.4.1/armv7-m/crtend.o
 *(.got.plt)
 *(.got)
 *(.shdata)
 *(.data .data.* .gnu.linkonce.d.*)
 .data          0x1fff80cc        0x4 .\CortexM3\ARM_GCC_541\Debug\port.o
 .data          0x1fff80d0        0x4 .\CortexM3\ARM_GCC_541\Debug\heap_2.o
 .data          0x1fff80d4       0x10 .\CortexM3\ARM_GCC_541\Debug\PlanteModul.a(CyLib.o)
                0x1fff80d4                cydelay_freq_hz
                0x1fff80d8                cydelay_freq_khz
                0x1fff80dc                cydelay_freq_mhz
                0x1fff80e0                cydelay_32k_ms
 .data          0x1fff80e4        0xc .\CortexM3\ARM_GCC_541\Debug\PlanteModul.a(SW_UART_TEST_USB.o)
                0x1fff80e4                SW_UART_TEST_USB_pinNumber
                0x1fff80e8                SW_UART_TEST_USB_pinPortNumber
                0x1fff80ec                SW_UART_TEST_USB_pinDrAdress
 .data          0x1fff80f0       0x44 .\CortexM3\ARM_GCC_541\Debug\PlanteModul.a(DS18x8.o)
 .data.impure_data
                0x1fff8134       0x60 c:/program files (x86)/cypress/psoc creator/4.3/psoc creator/import/gnu/arm/5.4.1/bin/../lib/gcc/arm-none-eabi/5.4.1/../../../../arm-none-eabi/lib/armv7-m\libg_nano.a(lib_a-impure.o)
 .data._impure_ptr
                0x1fff8194        0x4 c:/program files (x86)/cypress/psoc creator/4.3/psoc creator/import/gnu/arm/5.4.1/bin/../lib/gcc/arm-none-eabi/5.4.1/../../../../arm-none-eabi/lib/armv7-m\libg_nano.a(lib_a-impure.o)
                0x1fff8194                _impure_ptr
                0x1fff8198                . = ALIGN (0x8)
 *(.ram)
                0x1fff8198                _edata = .

.igot.plt       0x1fff8198        0x0 load address 0x00004a90
 .igot.plt      0x1fff8198        0x0 c:/program files (x86)/cypress/psoc creator/4.3/psoc creator/import/gnu/arm/5.4.1/bin/../lib/gcc/arm-none-eabi/5.4.1/armv7-m/crtbegin.o

.bss            0x1fff8198     0x82a8 load address 0x00004a90
                0x1fff8198                PROVIDE (__bss_start__, .)
 *(.shbss)
 *(.bss .bss.* .gnu.linkonce.b.*)
 .bss           0x1fff8198       0x1c c:/program files (x86)/cypress/psoc creator/4.3/psoc creator/import/gnu/arm/5.4.1/bin/../lib/gcc/arm-none-eabi/5.4.1/armv7-m/crtbegin.o
 .bss           0x1fff81b4      0x104 .\CortexM3\ARM_GCC_541\Debug\tasks.o
                0x1fff81b4                pxCurrentTCB
 .bss           0x1fff82b8     0x8014 .\CortexM3\ARM_GCC_541\Debug\heap_2.o
 .bss           0x200002cc        0xc .\CortexM3\ARM_GCC_541\Debug\Nutrients.o
                0x200002cc                iPHIndex
                0x200002d0                iECIndex
                0x200002d4                iWateTempIndex
 .bss           0x200002d8        0xc .\CortexM3\ARM_GCC_541\Debug\Air.o
                0x200002d8                SCD30Results
 .bss           0x200002e4        0x1 .\CortexM3\ARM_GCC_541\Debug\PlanteModul.a(I2C.o)
                0x200002e4                I2C_initVar
 .bss           0x200002e5        0x1 .\CortexM3\ARM_GCC_541\Debug\PlanteModul.a(PWM_PERISTALTISK_1.o)
                0x200002e5                PWM_PERISTALTISK_1_initVar
 .bss           0x200002e6        0x1 .\CortexM3\ARM_GCC_541\Debug\PlanteModul.a(PWM_PERISTALTISK_2.o)
                0x200002e6                PWM_PERISTALTISK_2_initVar
 .bss           0x200002e7        0x1 .\CortexM3\ARM_GCC_541\Debug\PlanteModul.a(ADC_PH.o)
                0x200002e7                ADC_PH_initVar
 .bss           0x200002e8        0x1 .\CortexM3\ARM_GCC_541\Debug\PlanteModul.a(DS18x8_TimerDelay.o)
                0x200002e8                DS18x8_TimerDelay_initVar
 *(COMMON)
 *fill*         0x200002e9        0x3 
 COMMON         0x200002ec       0x21 .\CortexM3\ARM_GCC_541\Debug\list.o
                0x200002ec                DS18x8_Sensor
                0x2000030c                DS18x8_DataReady
 *fill*         0x2000030d        0x3 
 COMMON         0x20000310      0x104 .\CortexM3\ARM_GCC_541\Debug\Nutrients.o
                0x20000310                xQueueNutrientPump
                0x2000031c                xQueueWaterTemp
                0x20000320                xQueuePHValue
                0x20000324                currentNutrients
 COMMON         0x20000414        0xc .\CortexM3\ARM_GCC_541\Debug\Air.o
                0x20000414                xQueueSCD30
 COMMON         0x20000420        0x1 .\CortexM3\ARM_GCC_541\Debug\PlanteModul.a(I2C.o)
                0x20000420                I2C_state
 *fill*         0x20000421        0x3 
 COMMON         0x20000424       0x10 .\CortexM3\ARM_GCC_541\Debug\PlanteModul.a(I2C_MASTER.o)
                0x20000424                I2C_mstrWrBufIndex
                0x20000425                I2C_mstrWrBufSize
                0x20000426                I2C_mstrStatus
                0x20000428                I2C_mstrRdBufPtr
                0x2000042c                I2C_mstrControl
                0x2000042d                I2C_mstrRdBufSize
                0x2000042e                I2C_mstrRdBufIndex
                0x20000430                I2C_mstrWrBufPtr
 COMMON         0x20000434        0xa .\CortexM3\ARM_GCC_541\Debug\PlanteModul.a(ADC_PH.o)
                0x20000434                ADC_PH_countsPer10Volt
                0x20000438                ADC_PH_offset
                0x2000043a                ADC_PH_shift
                0x2000043c                ADC_PH_countsPerVolt
 COMMON         0x2000043e        0x1 .\CortexM3\ARM_GCC_541\Debug\PlanteModul.a(DS18x8.o)
                0x2000043e                BusPresence
                0x20000440                . = ALIGN (0x8)
 *fill*         0x2000043f        0x1 
 *(.ram.b)
                0x20000440                _end = .
                0x20000440                __end = .
                0x20000440                PROVIDE (end, .)
                0x20000440                PROVIDE (__bss_end__, .)
                0x000049c0                __cy_region_init_ram = LOADADDR (.data)
                0x000000d0                __cy_region_init_size_ram = (_edata - ADDR (.data))
                0x000082a8                __cy_region_zero_size_ram = (_end - _edata)

.heap           0x20000440       0x80 load address 0x00004a90
                0x20000440                . = _end
                0x200004c0                . = (. + 0x80)
 *fill*         0x20000440       0x80 
                0x200004c0                __cy_heap_limit = .

.stack          0x20007800      0x800
                0x20007800                __cy_stack_limit = .
                0x20008000                . = (. + 0x800)
 *fill*         0x20007800      0x800 
                0x00000001                ASSERT ((__cy_stack_limit >= __cy_heap_limit), region RAM overflowed with stack)
                0x00000000                cy_checksum_exclude_size = (CY_APPL_LOADABLE == 0x1)?SIZEOF (.cy_checksum_exclude):0x0
                0x00000001                ASSERT ((cy_checksum_exclude_size <= CY_CHECKSUM_EXCLUDE_SIZE), CY_BOOT: Section .cy_checksum_exclude size exceedes specified limit.)

.cyloadermeta
 *(.cyloadermeta)

.cyloadablemeta
 *(.cyloadablemeta)

.cyconfigecc    0x80000000      0x3dc
 *(.cyconfigecc)
 .cyconfigecc   0x80000000      0x3dc .\CortexM3\ARM_GCC_541\Debug\cymetadata.o
                0x80000000                cy_meta_configecc

.cycustnvl      0x90000000        0x4
 *(.cycustnvl)
 .cycustnvl     0x90000000        0x4 .\CortexM3\ARM_GCC_541\Debug\cymetadata.o
                0x90000000                cy_meta_custnvl

.cywolatch      0x90100000        0x4
 *(.cywolatch)
 .cywolatch     0x90100000        0x4 .\CortexM3\ARM_GCC_541\Debug\cymetadata.o
                0x90100000                cy_meta_wonvl

.cyeeprom       0x90200000        0x0
 *(.cyeeprom)
                0x00000001                ASSERT ((. <= ((0x90200000 + ee_offset) + ee_size)), .cyeeprom data will not fit in EEPROM)

.cyflashprotect
                0x90400000      0x100
 *(.cyflashprotect)
 .cyflashprotect
                0x90400000      0x100 .\CortexM3\ARM_GCC_541\Debug\cymetadata.o
                0x90400000                cy_meta_flashprotect

.cymeta         0x90500000        0xc
 *(.cymeta)
 .cymeta        0x90500000        0xc .\CortexM3\ARM_GCC_541\Debug\cymetadata.o
                0x90500000                cy_metadata

.rel.dyn        0x00004a90        0x0 load address 0x9050000c
 .rel.iplt      0x00004a90        0x0 c:/program files (x86)/cypress/psoc creator/4.3/psoc creator/import/gnu/arm/5.4.1/bin/../lib/gcc/arm-none-eabi/5.4.1/armv7-m/crtbegin.o

.stab
 *(.stab)

.stabstr
 *(.stabstr)

.debug
 *(.debug)

.line
 *(.line)

.debug_srcinfo
 *(.debug_srcinfo)

.debug_sfnames
 *(.debug_sfnames)

.debug_aranges  0x00000000     0x13a8
 *(.debug_aranges)
 .debug_aranges
                0x00000000       0x40 .\CortexM3\ARM_GCC_541\Debug\list.o
 .debug_aranges
                0x00000040      0x110 .\CortexM3\ARM_GCC_541\Debug\queue.o
 .debug_aranges
                0x00000150       0xc0 .\CortexM3\ARM_GCC_541\Debug\stream_buffer.o
 .debug_aranges
                0x00000210      0x1c8 .\CortexM3\ARM_GCC_541\Debug\tasks.o
 .debug_aranges
                0x000003d8       0x18 .\CortexM3\ARM_GCC_541\Debug\timers.o
 .debug_aranges
                0x000003f0       0x70 .\CortexM3\ARM_GCC_541\Debug\port.o
 .debug_aranges
                0x00000460       0x40 .\CortexM3\ARM_GCC_541\Debug\heap_2.o
 .debug_aranges
                0x000004a0       0x38 .\CortexM3\ARM_GCC_541\Debug\main.o
 .debug_aranges
                0x000004d8       0x60 .\CortexM3\ARM_GCC_541\Debug\Nutrients.o
 .debug_aranges
                0x00000538       0x40 .\CortexM3\ARM_GCC_541\Debug\Air.o
 .debug_aranges
                0x00000578       0x88 .\CortexM3\ARM_GCC_541\Debug\SCD30.o
 .debug_aranges
                0x00000600      0x218 .\CortexM3\ARM_GCC_541\Debug\mpu_wrappers.o
 .debug_aranges
                0x00000818       0x60 .\CortexM3\ARM_GCC_541\Debug\cyfitter_cfg.o
 .debug_aranges
                0x00000878       0x18 .\CortexM3\ARM_GCC_541\Debug\cymetadata.o
 .debug_aranges
                0x00000890       0x48 .\CortexM3\ARM_GCC_541\Debug\Cm3Start.o
 .debug_aranges
                0x000008d8      0x2a0 .\CortexM3\ARM_GCC_541\Debug\PlanteModul.a(CyLib.o)
 .debug_aranges
                0x00000b78       0x98 .\CortexM3\ARM_GCC_541\Debug\PlanteModul.a(cyPm.o)
 .debug_aranges
                0x00000c10       0x38 .\CortexM3\ARM_GCC_541\Debug\PlanteModul.a(I2C.o)
 .debug_aranges
                0x00000c48       0x20 .\CortexM3\ARM_GCC_541\Debug\PlanteModul.a(I2C_INT.o)
 .debug_aranges
                0x00000c68       0x38 .\CortexM3\ARM_GCC_541\Debug\PlanteModul.a(I2C_PM.o)
 .debug_aranges
                0x00000ca0       0x80 .\CortexM3\ARM_GCC_541\Debug\PlanteModul.a(I2C_MASTER.o)
 .debug_aranges
                0x00000d20       0xa8 .\CortexM3\ARM_GCC_541\Debug\PlanteModul.a(PWM_PERISTALTISK_1.o)
 .debug_aranges
                0x00000dc8       0x98 .\CortexM3\ARM_GCC_541\Debug\PlanteModul.a(PWM_PERISTALTISK_2.o)
 .debug_aranges
                0x00000e60       0xa8 .\CortexM3\ARM_GCC_541\Debug\PlanteModul.a(ADC_PH.o)
 .debug_aranges
                0x00000f08       0x20 .\CortexM3\ARM_GCC_541\Debug\PlanteModul.a(ADC_PH_INT.o)
 .debug_aranges
                0x00000f28       0x80 .\CortexM3\ARM_GCC_541\Debug\PlanteModul.a(ADC_PH_theACLK.o)
 .debug_aranges
                0x00000fa8       0x50 .\CortexM3\ARM_GCC_541\Debug\PlanteModul.a(SW_UART_TEST_USB.o)
 .debug_aranges
                0x00000ff8       0x90 .\CortexM3\ARM_GCC_541\Debug\PlanteModul.a(DS18x8.o)
 .debug_aranges
                0x00001088       0x28 .\CortexM3\ARM_GCC_541\Debug\PlanteModul.a(DS18x8_ControlReg_DRV.o)
 .debug_aranges
                0x000010b0       0x40 .\CortexM3\ARM_GCC_541\Debug\PlanteModul.a(DS18x8_StatusReg_BUS.o)
 .debug_aranges
                0x000010f0       0xa0 .\CortexM3\ARM_GCC_541\Debug\PlanteModul.a(DS18x8_TimerDelay.o)
 .debug_aranges
                0x00001190       0x28 .\CortexM3\ARM_GCC_541\Debug\PlanteModul.a(DS18x8_ControlReg_SEL.o)
 .debug_aranges
                0x000011b8       0x28 .\CortexM3\ARM_GCC_541\Debug\PlanteModul.a(DS18x8_Trigger.o)
 .debug_aranges
                0x000011e0       0x80 .\CortexM3\ARM_GCC_541\Debug\PlanteModul.a(DS18x8_isr_DataReady.o)
 .debug_aranges
                0x00001260       0x20 .\CortexM3\ARM_GCC_541\Debug\PlanteModul.a(CyBootAsmGnu.o)
 .debug_aranges
                0x00001280       0x20 .\CortexM3\ARM_GCC_541\Debug\PlanteModul.a(SW_UART_TEST_USB_AsmGnu.o)
 .debug_aranges
                0x000012a0       0x88 .\CortexM3\ARM_GCC_541\Debug\PlanteModul.a(CyFlash.o)
 .debug_aranges
                0x00001328       0x80 .\CortexM3\ARM_GCC_541\Debug\PlanteModul.a(CySpc.o)

.debug_pubnames
 *(.debug_pubnames)

.debug_info     0x00000000     0xb29c
 *(.debug_info .gnu.linkonce.wi.*)
 .debug_info    0x00000000      0x35c .\CortexM3\ARM_GCC_541\Debug\list.o
 .debug_info    0x0000035c     0x1156 .\CortexM3\ARM_GCC_541\Debug\queue.o
 .debug_info    0x000014b2      0xd15 .\CortexM3\ARM_GCC_541\Debug\stream_buffer.o
 .debug_info    0x000021c7     0x1806 .\CortexM3\ARM_GCC_541\Debug\tasks.o
 .debug_info    0x000039cd      0x122 .\CortexM3\ARM_GCC_541\Debug\timers.o
 .debug_info    0x00003aef      0x38f .\CortexM3\ARM_GCC_541\Debug\port.o
 .debug_info    0x00003e7e      0x39a .\CortexM3\ARM_GCC_541\Debug\heap_2.o
 .debug_info    0x00004218      0x274 .\CortexM3\ARM_GCC_541\Debug\main.o
 .debug_info    0x0000448c      0x4da .\CortexM3\ARM_GCC_541\Debug\Nutrients.o
 .debug_info    0x00004966      0x255 .\CortexM3\ARM_GCC_541\Debug\Air.o
 .debug_info    0x00004bbb      0x484 .\CortexM3\ARM_GCC_541\Debug\SCD30.o
 .debug_info    0x0000503f     0x173a .\CortexM3\ARM_GCC_541\Debug\mpu_wrappers.o
 .debug_info    0x00006779      0x3c9 .\CortexM3\ARM_GCC_541\Debug\cyfitter_cfg.o
 .debug_info    0x00006b42      0x135 .\CortexM3\ARM_GCC_541\Debug\cymetadata.o
 .debug_info    0x00006c77      0x32b .\CortexM3\ARM_GCC_541\Debug\Cm3Start.o
 .debug_info    0x00006fa2      0xe51 .\CortexM3\ARM_GCC_541\Debug\PlanteModul.a(CyLib.o)
 .debug_info    0x00007df3      0x57a .\CortexM3\ARM_GCC_541\Debug\PlanteModul.a(cyPm.o)
 .debug_info    0x0000836d      0x201 .\CortexM3\ARM_GCC_541\Debug\PlanteModul.a(I2C.o)
 .debug_info    0x0000856e      0x156 .\CortexM3\ARM_GCC_541\Debug\PlanteModul.a(I2C_INT.o)
 .debug_info    0x000086c4      0x19a .\CortexM3\ARM_GCC_541\Debug\PlanteModul.a(I2C_PM.o)
 .debug_info    0x0000885e      0x3f8 .\CortexM3\ARM_GCC_541\Debug\PlanteModul.a(I2C_MASTER.o)
 .debug_info    0x00008c56      0x2c6 .\CortexM3\ARM_GCC_541\Debug\PlanteModul.a(PWM_PERISTALTISK_1.o)
 .debug_info    0x00008f1c      0x28a .\CortexM3\ARM_GCC_541\Debug\PlanteModul.a(PWM_PERISTALTISK_2.o)
 .debug_info    0x000091a6      0x47f .\CortexM3\ARM_GCC_541\Debug\PlanteModul.a(ADC_PH.o)
 .debug_info    0x00009625       0x92 .\CortexM3\ARM_GCC_541\Debug\PlanteModul.a(ADC_PH_INT.o)
 .debug_info    0x000096b7      0x299 .\CortexM3\ARM_GCC_541\Debug\PlanteModul.a(ADC_PH_theACLK.o)
 .debug_info    0x00009950      0x222 .\CortexM3\ARM_GCC_541\Debug\PlanteModul.a(SW_UART_TEST_USB.o)
 .debug_info    0x00009b72      0x4bd .\CortexM3\ARM_GCC_541\Debug\PlanteModul.a(DS18x8.o)
 .debug_info    0x0000a02f       0xd7 .\CortexM3\ARM_GCC_541\Debug\PlanteModul.a(DS18x8_ControlReg_DRV.o)
 .debug_info    0x0000a106      0x142 .\CortexM3\ARM_GCC_541\Debug\PlanteModul.a(DS18x8_StatusReg_BUS.o)
 .debug_info    0x0000a248      0x27f .\CortexM3\ARM_GCC_541\Debug\PlanteModul.a(DS18x8_TimerDelay.o)
 .debug_info    0x0000a4c7       0xd7 .\CortexM3\ARM_GCC_541\Debug\PlanteModul.a(DS18x8_ControlReg_SEL.o)
 .debug_info    0x0000a59e       0xd7 .\CortexM3\ARM_GCC_541\Debug\PlanteModul.a(DS18x8_Trigger.o)
 .debug_info    0x0000a675      0x241 .\CortexM3\ARM_GCC_541\Debug\PlanteModul.a(DS18x8_isr_DataReady.o)
 .debug_info    0x0000a8b6       0xb2 .\CortexM3\ARM_GCC_541\Debug\PlanteModul.a(CyBootAsmGnu.o)
 .debug_info    0x0000a968       0xbb .\CortexM3\ARM_GCC_541\Debug\PlanteModul.a(SW_UART_TEST_USB_AsmGnu.o)
 .debug_info    0x0000aa23      0x3b9 .\CortexM3\ARM_GCC_541\Debug\PlanteModul.a(CyFlash.o)
 .debug_info    0x0000addc      0x4c0 .\CortexM3\ARM_GCC_541\Debug\PlanteModul.a(CySpc.o)

.debug_abbrev   0x00000000     0x2e36
 *(.debug_abbrev)
 .debug_abbrev  0x00000000      0x108 .\CortexM3\ARM_GCC_541\Debug\list.o
 .debug_abbrev  0x00000108      0x27f .\CortexM3\ARM_GCC_541\Debug\queue.o
 .debug_abbrev  0x00000387      0x249 .\CortexM3\ARM_GCC_541\Debug\stream_buffer.o
 .debug_abbrev  0x000005d0      0x295 .\CortexM3\ARM_GCC_541\Debug\tasks.o
 .debug_abbrev  0x00000865       0x99 .\CortexM3\ARM_GCC_541\Debug\timers.o
 .debug_abbrev  0x000008fe      0x218 .\CortexM3\ARM_GCC_541\Debug\port.o
 .debug_abbrev  0x00000b16      0x19e .\CortexM3\ARM_GCC_541\Debug\heap_2.o
 .debug_abbrev  0x00000cb4      0x177 .\CortexM3\ARM_GCC_541\Debug\main.o
 .debug_abbrev  0x00000e2b      0x155 .\CortexM3\ARM_GCC_541\Debug\Nutrients.o
 .debug_abbrev  0x00000f80      0x115 .\CortexM3\ARM_GCC_541\Debug\Air.o
 .debug_abbrev  0x00001095      0x166 .\CortexM3\ARM_GCC_541\Debug\SCD30.o
 .debug_abbrev  0x000011fb      0x1d3 .\CortexM3\ARM_GCC_541\Debug\mpu_wrappers.o
 .debug_abbrev  0x000013ce      0x19d .\CortexM3\ARM_GCC_541\Debug\cyfitter_cfg.o
 .debug_abbrev  0x0000156b       0x66 .\CortexM3\ARM_GCC_541\Debug\cymetadata.o
 .debug_abbrev  0x000015d1      0x1d6 .\CortexM3\ARM_GCC_541\Debug\Cm3Start.o
 .debug_abbrev  0x000017a7      0x217 .\CortexM3\ARM_GCC_541\Debug\PlanteModul.a(CyLib.o)
 .debug_abbrev  0x000019be      0x161 .\CortexM3\ARM_GCC_541\Debug\PlanteModul.a(cyPm.o)
 .debug_abbrev  0x00001b1f       0xe2 .\CortexM3\ARM_GCC_541\Debug\PlanteModul.a(I2C.o)
 .debug_abbrev  0x00001c01       0x81 .\CortexM3\ARM_GCC_541\Debug\PlanteModul.a(I2C_INT.o)
 .debug_abbrev  0x00001c82       0xf8 .\CortexM3\ARM_GCC_541\Debug\PlanteModul.a(I2C_PM.o)
 .debug_abbrev  0x00001d7a      0x11e .\CortexM3\ARM_GCC_541\Debug\PlanteModul.a(I2C_MASTER.o)
 .debug_abbrev  0x00001e98      0x12e .\CortexM3\ARM_GCC_541\Debug\PlanteModul.a(PWM_PERISTALTISK_1.o)
 .debug_abbrev  0x00001fc6      0x12e .\CortexM3\ARM_GCC_541\Debug\PlanteModul.a(PWM_PERISTALTISK_2.o)
 .debug_abbrev  0x000020f4      0x173 .\CortexM3\ARM_GCC_541\Debug\PlanteModul.a(ADC_PH.o)
 .debug_abbrev  0x00002267       0x42 .\CortexM3\ARM_GCC_541\Debug\PlanteModul.a(ADC_PH_INT.o)
 .debug_abbrev  0x000022a9      0x11d .\CortexM3\ARM_GCC_541\Debug\PlanteModul.a(ADC_PH_theACLK.o)
 .debug_abbrev  0x000023c6       0xd2 .\CortexM3\ARM_GCC_541\Debug\PlanteModul.a(SW_UART_TEST_USB.o)
 .debug_abbrev  0x00002498      0x205 .\CortexM3\ARM_GCC_541\Debug\PlanteModul.a(DS18x8.o)
 .debug_abbrev  0x0000269d       0x81 .\CortexM3\ARM_GCC_541\Debug\PlanteModul.a(DS18x8_ControlReg_DRV.o)
 .debug_abbrev  0x0000271e       0xaa .\CortexM3\ARM_GCC_541\Debug\PlanteModul.a(DS18x8_StatusReg_BUS.o)
 .debug_abbrev  0x000027c8      0x11b .\CortexM3\ARM_GCC_541\Debug\PlanteModul.a(DS18x8_TimerDelay.o)
 .debug_abbrev  0x000028e3       0x81 .\CortexM3\ARM_GCC_541\Debug\PlanteModul.a(DS18x8_ControlReg_SEL.o)
 .debug_abbrev  0x00002964       0x81 .\CortexM3\ARM_GCC_541\Debug\PlanteModul.a(DS18x8_Trigger.o)
 .debug_abbrev  0x000029e5      0x172 .\CortexM3\ARM_GCC_541\Debug\PlanteModul.a(DS18x8_isr_DataReady.o)
 .debug_abbrev  0x00002b57       0x14 .\CortexM3\ARM_GCC_541\Debug\PlanteModul.a(CyBootAsmGnu.o)
 .debug_abbrev  0x00002b6b       0x14 .\CortexM3\ARM_GCC_541\Debug\PlanteModul.a(SW_UART_TEST_USB_AsmGnu.o)
 .debug_abbrev  0x00002b7f      0x14b .\CortexM3\ARM_GCC_541\Debug\PlanteModul.a(CyFlash.o)
 .debug_abbrev  0x00002cca      0x16c .\CortexM3\ARM_GCC_541\Debug\PlanteModul.a(CySpc.o)

.debug_line     0x00000000     0x5ec0
 *(.debug_line)
 .debug_line    0x00000000      0x235 .\CortexM3\ARM_GCC_541\Debug\list.o
 .debug_line    0x00000235      0x73f .\CortexM3\ARM_GCC_541\Debug\queue.o
 .debug_line    0x00000974      0x537 .\CortexM3\ARM_GCC_541\Debug\stream_buffer.o
 .debug_line    0x00000eab      0xaed .\CortexM3\ARM_GCC_541\Debug\tasks.o
 .debug_line    0x00001998      0x158 .\CortexM3\ARM_GCC_541\Debug\timers.o
 .debug_line    0x00001af0      0x2ef .\CortexM3\ARM_GCC_541\Debug\port.o
 .debug_line    0x00001ddf      0x2e6 .\CortexM3\ARM_GCC_541\Debug\heap_2.o
 .debug_line    0x000020c5      0x21e .\CortexM3\ARM_GCC_541\Debug\main.o
 .debug_line    0x000022e3      0x2e9 .\CortexM3\ARM_GCC_541\Debug\Nutrients.o
 .debug_line    0x000025cc      0x216 .\CortexM3\ARM_GCC_541\Debug\Air.o
 .debug_line    0x000027e2      0x2cb .\CortexM3\ARM_GCC_541\Debug\SCD30.o
 .debug_line    0x00002aad      0x7b6 .\CortexM3\ARM_GCC_541\Debug\mpu_wrappers.o
 .debug_line    0x00003263      0x203 .\CortexM3\ARM_GCC_541\Debug\cyfitter_cfg.o
 .debug_line    0x00003466      0x141 .\CortexM3\ARM_GCC_541\Debug\cymetadata.o
 .debug_line    0x000035a7      0x1dc .\CortexM3\ARM_GCC_541\Debug\Cm3Start.o
 .debug_line    0x00003783      0x883 .\CortexM3\ARM_GCC_541\Debug\PlanteModul.a(CyLib.o)
 .debug_line    0x00004006      0x38e .\CortexM3\ARM_GCC_541\Debug\PlanteModul.a(cyPm.o)
 .debug_line    0x00004394       0xd5 .\CortexM3\ARM_GCC_541\Debug\PlanteModul.a(I2C.o)
 .debug_line    0x00004469      0x13b .\CortexM3\ARM_GCC_541\Debug\PlanteModul.a(I2C_INT.o)
 .debug_line    0x000045a4       0xbb .\CortexM3\ARM_GCC_541\Debug\PlanteModul.a(I2C_PM.o)
 .debug_line    0x0000465f      0x1e8 .\CortexM3\ARM_GCC_541\Debug\PlanteModul.a(I2C_MASTER.o)
 .debug_line    0x00004847      0x1b6 .\CortexM3\ARM_GCC_541\Debug\PlanteModul.a(PWM_PERISTALTISK_1.o)
 .debug_line    0x000049fd      0x193 .\CortexM3\ARM_GCC_541\Debug\PlanteModul.a(PWM_PERISTALTISK_2.o)
 .debug_line    0x00004b90      0x20c .\CortexM3\ARM_GCC_541\Debug\PlanteModul.a(ADC_PH.o)
 .debug_line    0x00004d9c       0x56 .\CortexM3\ARM_GCC_541\Debug\PlanteModul.a(ADC_PH_INT.o)
 .debug_line    0x00004df2      0x1d1 .\CortexM3\ARM_GCC_541\Debug\PlanteModul.a(ADC_PH_theACLK.o)
 .debug_line    0x00004fc3       0xec .\CortexM3\ARM_GCC_541\Debug\PlanteModul.a(SW_UART_TEST_USB.o)
 .debug_line    0x000050af      0x380 .\CortexM3\ARM_GCC_541\Debug\PlanteModul.a(DS18x8.o)
 .debug_line    0x0000542f       0x7e .\CortexM3\ARM_GCC_541\Debug\PlanteModul.a(DS18x8_ControlReg_DRV.o)
 .debug_line    0x000054ad       0xb7 .\CortexM3\ARM_GCC_541\Debug\PlanteModul.a(DS18x8_StatusReg_BUS.o)
 .debug_line    0x00005564      0x19d .\CortexM3\ARM_GCC_541\Debug\PlanteModul.a(DS18x8_TimerDelay.o)
 .debug_line    0x00005701       0x7e .\CortexM3\ARM_GCC_541\Debug\PlanteModul.a(DS18x8_ControlReg_SEL.o)
 .debug_line    0x0000577f       0x77 .\CortexM3\ARM_GCC_541\Debug\PlanteModul.a(DS18x8_Trigger.o)
 .debug_line    0x000057f6      0x15f .\CortexM3\ARM_GCC_541\Debug\PlanteModul.a(DS18x8_isr_DataReady.o)
 .debug_line    0x00005955       0x66 .\CortexM3\ARM_GCC_541\Debug\PlanteModul.a(CyBootAsmGnu.o)
 .debug_line    0x000059bb       0xa5 .\CortexM3\ARM_GCC_541\Debug\PlanteModul.a(SW_UART_TEST_USB_AsmGnu.o)
 .debug_line    0x00005a60      0x22f .\CortexM3\ARM_GCC_541\Debug\PlanteModul.a(CyFlash.o)
 .debug_line    0x00005c8f      0x231 .\CortexM3\ARM_GCC_541\Debug\PlanteModul.a(CySpc.o)

.debug_frame    0x00000000     0x4fb4
 *(.debug_frame)
 .debug_frame   0x00000000       0xd8 .\CortexM3\ARM_GCC_541\Debug\list.o
 .debug_frame   0x000000d8      0x4e8 .\CortexM3\ARM_GCC_541\Debug\queue.o
 .debug_frame   0x000005c0      0x358 .\CortexM3\ARM_GCC_541\Debug\stream_buffer.o
 .debug_frame   0x00000918      0x868 .\CortexM3\ARM_GCC_541\Debug\tasks.o
 .debug_frame   0x00001180      0x16c .\CortexM3\ARM_GCC_541\Debug\port.o
 .debug_frame   0x000012ec       0xd0 .\CortexM3\ARM_GCC_541\Debug\heap_2.o
 .debug_frame   0x000013bc       0x80 .\CortexM3\ARM_GCC_541\Debug\main.o
 .debug_frame   0x0000143c      0x148 .\CortexM3\ARM_GCC_541\Debug\Nutrients.o
 .debug_frame   0x00001584       0xc4 .\CortexM3\ARM_GCC_541\Debug\Air.o
 .debug_frame   0x00001648      0x210 .\CortexM3\ARM_GCC_541\Debug\SCD30.o
 .debug_frame   0x00001858      0xa10 .\CortexM3\ARM_GCC_541\Debug\mpu_wrappers.o
 .debug_frame   0x00002268      0x16c .\CortexM3\ARM_GCC_541\Debug\cyfitter_cfg.o
 .debug_frame   0x000023d4       0xd8 .\CortexM3\ARM_GCC_541\Debug\Cm3Start.o
 .debug_frame   0x000024ac      0xc0c .\CortexM3\ARM_GCC_541\Debug\PlanteModul.a(CyLib.o)
 .debug_frame   0x000030b8      0x234 .\CortexM3\ARM_GCC_541\Debug\PlanteModul.a(cyPm.o)
 .debug_frame   0x000032ec       0x98 .\CortexM3\ARM_GCC_541\Debug\PlanteModul.a(I2C.o)
 .debug_frame   0x00003384       0x38 .\CortexM3\ARM_GCC_541\Debug\PlanteModul.a(I2C_INT.o)
 .debug_frame   0x000033bc       0x94 .\CortexM3\ARM_GCC_541\Debug\PlanteModul.a(I2C_PM.o)
 .debug_frame   0x00003450      0x208 .\CortexM3\ARM_GCC_541\Debug\PlanteModul.a(I2C_MASTER.o)
 .debug_frame   0x00003658      0x2a8 .\CortexM3\ARM_GCC_541\Debug\PlanteModul.a(PWM_PERISTALTISK_1.o)
 .debug_frame   0x00003900      0x25c .\CortexM3\ARM_GCC_541\Debug\PlanteModul.a(PWM_PERISTALTISK_2.o)
 .debug_frame   0x00003b5c      0x2bc .\CortexM3\ARM_GCC_541\Debug\PlanteModul.a(ADC_PH.o)
 .debug_frame   0x00003e18       0x34 .\CortexM3\ARM_GCC_541\Debug\PlanteModul.a(ADC_PH_INT.o)
 .debug_frame   0x00003e4c      0x200 .\CortexM3\ARM_GCC_541\Debug\PlanteModul.a(ADC_PH_theACLK.o)
 .debug_frame   0x0000404c      0x114 .\CortexM3\ARM_GCC_541\Debug\PlanteModul.a(SW_UART_TEST_USB.o)
 .debug_frame   0x00004160      0x230 .\CortexM3\ARM_GCC_541\Debug\PlanteModul.a(DS18x8.o)
 .debug_frame   0x00004390       0x5c .\CortexM3\ARM_GCC_541\Debug\PlanteModul.a(DS18x8_ControlReg_DRV.o)
 .debug_frame   0x000043ec       0xd0 .\CortexM3\ARM_GCC_541\Debug\PlanteModul.a(DS18x8_StatusReg_BUS.o)
 .debug_frame   0x000044bc      0x278 .\CortexM3\ARM_GCC_541\Debug\PlanteModul.a(DS18x8_TimerDelay.o)
 .debug_frame   0x00004734       0x5c .\CortexM3\ARM_GCC_541\Debug\PlanteModul.a(DS18x8_ControlReg_SEL.o)
 .debug_frame   0x00004790       0x5c .\CortexM3\ARM_GCC_541\Debug\PlanteModul.a(DS18x8_Trigger.o)
 .debug_frame   0x000047ec      0x1e8 .\CortexM3\ARM_GCC_541\Debug\PlanteModul.a(DS18x8_isr_DataReady.o)
 .debug_frame   0x000049d4      0x238 .\CortexM3\ARM_GCC_541\Debug\PlanteModul.a(CyFlash.o)
 .debug_frame   0x00004c0c      0x228 .\CortexM3\ARM_GCC_541\Debug\PlanteModul.a(CySpc.o)
 .debug_frame   0x00004e34       0x20 c:/program files (x86)/cypress/psoc creator/4.3/psoc creator/import/gnu/arm/5.4.1/bin/../lib/gcc/arm-none-eabi/5.4.1/armv7-m\libgcc.a(_udivsi3.o)
 .debug_frame   0x00004e54       0x44 c:/program files (x86)/cypress/psoc creator/4.3/psoc creator/import/gnu/arm/5.4.1/bin/../lib/gcc/arm-none-eabi/5.4.1/armv7-m\libgcc.a(_aeabi_ldivmod.o)
 .debug_frame   0x00004e98       0x38 c:/program files (x86)/cypress/psoc creator/4.3/psoc creator/import/gnu/arm/5.4.1/bin/../lib/gcc/arm-none-eabi/5.4.1/armv7-m\libgcc.a(_udivmoddi4.o)
 .debug_frame   0x00004ed0       0x20 c:/program files (x86)/cypress/psoc creator/4.3/psoc creator/import/gnu/arm/5.4.1/bin/../lib/gcc/arm-none-eabi/5.4.1/../../../../arm-none-eabi/lib/armv7-m\libg_nano.a(lib_a-errno.o)
 .debug_frame   0x00004ef0       0x28 c:/program files (x86)/cypress/psoc creator/4.3/psoc creator/import/gnu/arm/5.4.1/bin/../lib/gcc/arm-none-eabi/5.4.1/../../../../arm-none-eabi/lib/armv7-m\libg_nano.a(lib_a-exit.o)
 .debug_frame   0x00004f18       0x2c c:/program files (x86)/cypress/psoc creator/4.3/psoc creator/import/gnu/arm/5.4.1/bin/../lib/gcc/arm-none-eabi/5.4.1/../../../../arm-none-eabi/lib/armv7-m\libg_nano.a(lib_a-init.o)
 .debug_frame   0x00004f44       0x28 c:/program files (x86)/cypress/psoc creator/4.3/psoc creator/import/gnu/arm/5.4.1/bin/../lib/gcc/arm-none-eabi/5.4.1/../../../../arm-none-eabi/lib/armv7-m\libg_nano.a(lib_a-memcpy-stub.o)
 .debug_frame   0x00004f6c       0x20 c:/program files (x86)/cypress/psoc creator/4.3/psoc creator/import/gnu/arm/5.4.1/bin/../lib/gcc/arm-none-eabi/5.4.1/../../../../arm-none-eabi/lib/armv7-m\libg_nano.a(lib_a-memset.o)
 .debug_frame   0x00004f8c       0x28 c:/program files (x86)/cypress/psoc creator/4.3/psoc creator/import/gnu/arm/5.4.1/bin/../lib/gcc/arm-none-eabi/5.4.1/../../../../arm-none-eabi/lib/armv7-m\libg_nano.a(lib_a-strcat.o)

.debug_str      0x00000000     0x4a23
 *(.debug_str)
 .debug_str     0x00000000      0x304 .\CortexM3\ARM_GCC_541\Debug\list.o
                                0x36c (size before relaxing)
 .debug_str     0x00000304      0x52a .\CortexM3\ARM_GCC_541\Debug\queue.o
                                0x98d (size before relaxing)
 .debug_str     0x0000082e      0x346 .\CortexM3\ARM_GCC_541\Debug\stream_buffer.o
                                0x7d2 (size before relaxing)
 .debug_str     0x00000b74      0x967 .\CortexM3\ARM_GCC_541\Debug\tasks.o
                                0xf7c (size before relaxing)
 .debug_str     0x000014db       0x10 .\CortexM3\ARM_GCC_541\Debug\timers.o
                                0x21b (size before relaxing)
 .debug_str     0x000014eb      0x11c .\CortexM3\ARM_GCC_541\Debug\port.o
                                0x3d0 (size before relaxing)
 .debug_str     0x00001607      0x130 .\CortexM3\ARM_GCC_541\Debug\heap_2.o
                                0x3d4 (size before relaxing)
 .debug_str     0x00001737       0x5c .\CortexM3\ARM_GCC_541\Debug\main.o
                                0x31a (size before relaxing)
 .debug_str     0x00001793      0x241 .\CortexM3\ARM_GCC_541\Debug\Nutrients.o
                                0x4c3 (size before relaxing)
 .debug_str     0x000019d4       0x7a .\CortexM3\ARM_GCC_541\Debug\Air.o
                                0x2f3 (size before relaxing)
 .debug_str     0x00001a4e      0x1e1 .\CortexM3\ARM_GCC_541\Debug\SCD30.o
                                0x441 (size before relaxing)
 .debug_str     0x00001c2f      0x75c .\CortexM3\ARM_GCC_541\Debug\mpu_wrappers.o
                                0xe1e (size before relaxing)
 .debug_str     0x0000238b      0x15a .\CortexM3\ARM_GCC_541\Debug\cyfitter_cfg.o
                                0x32b (size before relaxing)
 .debug_str     0x000024e5       0x75 .\CortexM3\ARM_GCC_541\Debug\cymetadata.o
                                0x206 (size before relaxing)
 .debug_str     0x0000255a      0x103 .\CortexM3\ARM_GCC_541\Debug\Cm3Start.o
                                0x2f9 (size before relaxing)
 .debug_str     0x0000265d      0x7f7 .\CortexM3\ARM_GCC_541\Debug\PlanteModul.a(CyLib.o)
                                0xa0c (size before relaxing)
 .debug_str     0x00002e54      0x371 .\CortexM3\ARM_GCC_541\Debug\PlanteModul.a(cyPm.o)
                                0x565 (size before relaxing)
 .debug_str     0x000031c5       0xe3 .\CortexM3\ARM_GCC_541\Debug\PlanteModul.a(I2C.o)
                                0x2a8 (size before relaxing)
 .debug_str     0x000032a8       0x86 .\CortexM3\ARM_GCC_541\Debug\PlanteModul.a(I2C_INT.o)
                                0x27a (size before relaxing)
 .debug_str     0x0000332e       0x56 .\CortexM3\ARM_GCC_541\Debug\PlanteModul.a(I2C_PM.o)
                                0x25e (size before relaxing)
 .debug_str     0x00003384      0x170 .\CortexM3\ARM_GCC_541\Debug\PlanteModul.a(I2C_MASTER.o)
                                0x3c6 (size before relaxing)
 .debug_str     0x000034f4      0x2d1 .\CortexM3\ARM_GCC_541\Debug\PlanteModul.a(PWM_PERISTALTISK_1.o)
                                0x480 (size before relaxing)
 .debug_str     0x000037c5      0x25c .\CortexM3\ARM_GCC_541\Debug\PlanteModul.a(PWM_PERISTALTISK_2.o)
                                0x43d (size before relaxing)
 .debug_str     0x00003a21      0x218 .\CortexM3\ARM_GCC_541\Debug\PlanteModul.a(ADC_PH.o)
                                0x417 (size before relaxing)
 .debug_str     0x00003c39       0x2f .\CortexM3\ARM_GCC_541\Debug\PlanteModul.a(ADC_PH_INT.o)
                                0x1b7 (size before relaxing)
 .debug_str     0x00003c68      0x1ff .\CortexM3\ARM_GCC_541\Debug\PlanteModul.a(ADC_PH_theACLK.o)
                                0x3ad (size before relaxing)
 .debug_str     0x00003e67      0x18f .\CortexM3\ARM_GCC_541\Debug\PlanteModul.a(SW_UART_TEST_USB.o)
                                0x33c (size before relaxing)
 .debug_str     0x00003ff6      0x19c .\CortexM3\ARM_GCC_541\Debug\PlanteModul.a(DS18x8.o)
                                0x3bf (size before relaxing)
 .debug_str     0x00004192       0x66 .\CortexM3\ARM_GCC_541\Debug\PlanteModul.a(DS18x8_ControlReg_DRV.o)
                                0x201 (size before relaxing)
 .debug_str     0x000041f8       0xd0 .\CortexM3\ARM_GCC_541\Debug\PlanteModul.a(DS18x8_StatusReg_BUS.o)
                                0x28c (size before relaxing)
 .debug_str     0x000042c8      0x26f .\CortexM3\ARM_GCC_541\Debug\PlanteModul.a(DS18x8_TimerDelay.o)
                                0x449 (size before relaxing)
 .debug_str     0x00004537       0x66 .\CortexM3\ARM_GCC_541\Debug\PlanteModul.a(DS18x8_ControlReg_SEL.o)
                                0x201 (size before relaxing)
 .debug_str     0x0000459d       0x51 .\CortexM3\ARM_GCC_541\Debug\PlanteModul.a(DS18x8_Trigger.o)
                                0x1ec (size before relaxing)
 .debug_str     0x000045ee      0x1b8 .\CortexM3\ARM_GCC_541\Debug\PlanteModul.a(DS18x8_isr_DataReady.o)
                                0x39a (size before relaxing)
 .debug_str     0x000047a6      0x156 .\CortexM3\ARM_GCC_541\Debug\PlanteModul.a(CyFlash.o)
                                0x329 (size before relaxing)
 .debug_str     0x000048fc      0x127 .\CortexM3\ARM_GCC_541\Debug\PlanteModul.a(CySpc.o)
                                0x323 (size before relaxing)

.debug_loc
 *(.debug_loc)

.debug_macinfo
 *(.debug_macinfo)

.debug_ranges   0x00000000     0x1118
 *(.debug_ranges)
 .debug_ranges  0x00000000       0x30 .\CortexM3\ARM_GCC_541\Debug\list.o
 .debug_ranges  0x00000030      0x100 .\CortexM3\ARM_GCC_541\Debug\queue.o
 .debug_ranges  0x00000130       0xb0 .\CortexM3\ARM_GCC_541\Debug\stream_buffer.o
 .debug_ranges  0x000001e0      0x1b8 .\CortexM3\ARM_GCC_541\Debug\tasks.o
 .debug_ranges  0x00000398       0x60 .\CortexM3\ARM_GCC_541\Debug\port.o
 .debug_ranges  0x000003f8       0x30 .\CortexM3\ARM_GCC_541\Debug\heap_2.o
 .debug_ranges  0x00000428       0x28 .\CortexM3\ARM_GCC_541\Debug\main.o
 .debug_ranges  0x00000450       0x50 .\CortexM3\ARM_GCC_541\Debug\Nutrients.o
 .debug_ranges  0x000004a0       0x30 .\CortexM3\ARM_GCC_541\Debug\Air.o
 .debug_ranges  0x000004d0       0x78 .\CortexM3\ARM_GCC_541\Debug\SCD30.o
 .debug_ranges  0x00000548      0x208 .\CortexM3\ARM_GCC_541\Debug\mpu_wrappers.o
 .debug_ranges  0x00000750       0x50 .\CortexM3\ARM_GCC_541\Debug\cyfitter_cfg.o
 .debug_ranges  0x000007a0       0x38 .\CortexM3\ARM_GCC_541\Debug\Cm3Start.o
 .debug_ranges  0x000007d8      0x290 .\CortexM3\ARM_GCC_541\Debug\PlanteModul.a(CyLib.o)
 .debug_ranges  0x00000a68       0x88 .\CortexM3\ARM_GCC_541\Debug\PlanteModul.a(cyPm.o)
 .debug_ranges  0x00000af0       0x28 .\CortexM3\ARM_GCC_541\Debug\PlanteModul.a(I2C.o)
 .debug_ranges  0x00000b18       0x10 .\CortexM3\ARM_GCC_541\Debug\PlanteModul.a(I2C_INT.o)
 .debug_ranges  0x00000b28       0x28 .\CortexM3\ARM_GCC_541\Debug\PlanteModul.a(I2C_PM.o)
 .debug_ranges  0x00000b50       0x70 .\CortexM3\ARM_GCC_541\Debug\PlanteModul.a(I2C_MASTER.o)
 .debug_ranges  0x00000bc0       0x98 .\CortexM3\ARM_GCC_541\Debug\PlanteModul.a(PWM_PERISTALTISK_1.o)
 .debug_ranges  0x00000c58       0x88 .\CortexM3\ARM_GCC_541\Debug\PlanteModul.a(PWM_PERISTALTISK_2.o)
 .debug_ranges  0x00000ce0       0x98 .\CortexM3\ARM_GCC_541\Debug\PlanteModul.a(ADC_PH.o)
 .debug_ranges  0x00000d78       0x10 .\CortexM3\ARM_GCC_541\Debug\PlanteModul.a(ADC_PH_INT.o)
 .debug_ranges  0x00000d88       0x70 .\CortexM3\ARM_GCC_541\Debug\PlanteModul.a(ADC_PH_theACLK.o)
 .debug_ranges  0x00000df8       0x40 .\CortexM3\ARM_GCC_541\Debug\PlanteModul.a(SW_UART_TEST_USB.o)
 .debug_ranges  0x00000e38       0x80 .\CortexM3\ARM_GCC_541\Debug\PlanteModul.a(DS18x8.o)
 .debug_ranges  0x00000eb8       0x18 .\CortexM3\ARM_GCC_541\Debug\PlanteModul.a(DS18x8_ControlReg_DRV.o)
 .debug_ranges  0x00000ed0       0x30 .\CortexM3\ARM_GCC_541\Debug\PlanteModul.a(DS18x8_StatusReg_BUS.o)
 .debug_ranges  0x00000f00       0x90 .\CortexM3\ARM_GCC_541\Debug\PlanteModul.a(DS18x8_TimerDelay.o)
 .debug_ranges  0x00000f90       0x18 .\CortexM3\ARM_GCC_541\Debug\PlanteModul.a(DS18x8_ControlReg_SEL.o)
 .debug_ranges  0x00000fa8       0x18 .\CortexM3\ARM_GCC_541\Debug\PlanteModul.a(DS18x8_Trigger.o)
 .debug_ranges  0x00000fc0       0x70 .\CortexM3\ARM_GCC_541\Debug\PlanteModul.a(DS18x8_isr_DataReady.o)
 .debug_ranges  0x00001030       0x78 .\CortexM3\ARM_GCC_541\Debug\PlanteModul.a(CyFlash.o)
 .debug_ranges  0x000010a8       0x70 .\CortexM3\ARM_GCC_541\Debug\PlanteModul.a(CySpc.o)

.comment        0x00000000       0x6e
 .comment       0x00000000       0x6e .\CortexM3\ARM_GCC_541\Debug\list.o
                                 0x6f (size before relaxing)
 .comment       0x0000006e       0x6f .\CortexM3\ARM_GCC_541\Debug\queue.o
 .comment       0x0000006e       0x6f .\CortexM3\ARM_GCC_541\Debug\stream_buffer.o
 .comment       0x0000006e       0x6f .\CortexM3\ARM_GCC_541\Debug\tasks.o
 .comment       0x0000006e       0x6f .\CortexM3\ARM_GCC_541\Debug\timers.o
 .comment       0x0000006e       0x6f .\CortexM3\ARM_GCC_541\Debug\port.o
 .comment       0x0000006e       0x6f .\CortexM3\ARM_GCC_541\Debug\heap_2.o
 .comment       0x0000006e       0x6f .\CortexM3\ARM_GCC_541\Debug\main.o
 .comment       0x0000006e       0x6f .\CortexM3\ARM_GCC_541\Debug\Nutrients.o
 .comment       0x0000006e       0x6f .\CortexM3\ARM_GCC_541\Debug\Air.o
 .comment       0x0000006e       0x6f .\CortexM3\ARM_GCC_541\Debug\SCD30.o
 .comment       0x0000006e       0x6f .\CortexM3\ARM_GCC_541\Debug\mpu_wrappers.o
 .comment       0x0000006e       0x6f .\CortexM3\ARM_GCC_541\Debug\cyfitter_cfg.o
 .comment       0x0000006e       0x6f .\CortexM3\ARM_GCC_541\Debug\cymetadata.o
 .comment       0x0000006e       0x6f .\CortexM3\ARM_GCC_541\Debug\Cm3Start.o
 .comment       0x0000006e       0x6f .\CortexM3\ARM_GCC_541\Debug\PlanteModul.a(CyLib.o)
 .comment       0x0000006e       0x6f .\CortexM3\ARM_GCC_541\Debug\PlanteModul.a(cyPm.o)
 .comment       0x0000006e       0x6f .\CortexM3\ARM_GCC_541\Debug\PlanteModul.a(I2C.o)
 .comment       0x0000006e       0x6f .\CortexM3\ARM_GCC_541\Debug\PlanteModul.a(I2C_INT.o)
 .comment       0x0000006e       0x6f .\CortexM3\ARM_GCC_541\Debug\PlanteModul.a(I2C_PM.o)
 .comment       0x0000006e       0x6f .\CortexM3\ARM_GCC_541\Debug\PlanteModul.a(I2C_MASTER.o)
 .comment       0x0000006e       0x6f .\CortexM3\ARM_GCC_541\Debug\PlanteModul.a(PWM_PERISTALTISK_1.o)
 .comment       0x0000006e       0x6f .\CortexM3\ARM_GCC_541\Debug\PlanteModul.a(PWM_PERISTALTISK_2.o)
 .comment       0x0000006e       0x6f .\CortexM3\ARM_GCC_541\Debug\PlanteModul.a(ADC_PH.o)
 .comment       0x0000006e       0x6f .\CortexM3\ARM_GCC_541\Debug\PlanteModul.a(ADC_PH_INT.o)
 .comment       0x0000006e       0x6f .\CortexM3\ARM_GCC_541\Debug\PlanteModul.a(ADC_PH_theACLK.o)
 .comment       0x0000006e       0x6f .\CortexM3\ARM_GCC_541\Debug\PlanteModul.a(SW_UART_TEST_USB.o)
 .comment       0x0000006e       0x6f .\CortexM3\ARM_GCC_541\Debug\PlanteModul.a(DS18x8.o)
 .comment       0x0000006e       0x6f .\CortexM3\ARM_GCC_541\Debug\PlanteModul.a(DS18x8_ControlReg_DRV.o)
 .comment       0x0000006e       0x6f .\CortexM3\ARM_GCC_541\Debug\PlanteModul.a(DS18x8_StatusReg_BUS.o)
 .comment       0x0000006e       0x6f .\CortexM3\ARM_GCC_541\Debug\PlanteModul.a(DS18x8_TimerDelay.o)
 .comment       0x0000006e       0x6f .\CortexM3\ARM_GCC_541\Debug\PlanteModul.a(DS18x8_ControlReg_SEL.o)
 .comment       0x0000006e       0x6f .\CortexM3\ARM_GCC_541\Debug\PlanteModul.a(DS18x8_Trigger.o)
 .comment       0x0000006e       0x6f .\CortexM3\ARM_GCC_541\Debug\PlanteModul.a(DS18x8_isr_DataReady.o)
 .comment       0x0000006e       0x6f .\CortexM3\ARM_GCC_541\Debug\PlanteModul.a(CyFlash.o)
 .comment       0x0000006e       0x6f .\CortexM3\ARM_GCC_541\Debug\PlanteModul.a(CySpc.o)

.debug_weaknames
 *(.debug_weaknames)

.debug_funcnames
 *(.debug_funcnames)

.debug_typenames
 *(.debug_typenames)

.debug_varnames
 *(.debug_varnames)

.note.gnu.arm.ident
 *(.note.gnu.arm.ident)

.ARM.attributes
                0x00000000       0x29
 *(.ARM.attributes)
 .ARM.attributes
                0x00000000       0x1d c:/program files (x86)/cypress/psoc creator/4.3/psoc creator/import/gnu/arm/5.4.1/bin/../lib/gcc/arm-none-eabi/5.4.1/armv7-m/crti.o
 .ARM.attributes
                0x0000001d       0x2d c:/program files (x86)/cypress/psoc creator/4.3/psoc creator/import/gnu/arm/5.4.1/bin/../lib/gcc/arm-none-eabi/5.4.1/armv7-m/crtbegin.o
 .ARM.attributes
                0x0000004a       0x1b c:/program files (x86)/cypress/psoc creator/4.3/psoc creator/import/gnu/arm/5.4.1/bin/../lib/gcc/arm-none-eabi/5.4.1/../../../../arm-none-eabi/lib/armv7-m/crt0.o
 .ARM.attributes
                0x00000065       0x33 .\CortexM3\ARM_GCC_541\Debug\list.o
 .ARM.attributes
                0x00000098       0x33 .\CortexM3\ARM_GCC_541\Debug\queue.o
 .ARM.attributes
                0x000000cb       0x33 .\CortexM3\ARM_GCC_541\Debug\stream_buffer.o
 .ARM.attributes
                0x000000fe       0x33 .\CortexM3\ARM_GCC_541\Debug\tasks.o
 .ARM.attributes
                0x00000131       0x33 .\CortexM3\ARM_GCC_541\Debug\timers.o
 .ARM.attributes
                0x00000164       0x33 .\CortexM3\ARM_GCC_541\Debug\port.o
 .ARM.attributes
                0x00000197       0x33 .\CortexM3\ARM_GCC_541\Debug\heap_2.o
 .ARM.attributes
                0x000001ca       0x33 .\CortexM3\ARM_GCC_541\Debug\main.o
 .ARM.attributes
                0x000001fd       0x33 .\CortexM3\ARM_GCC_541\Debug\Nutrients.o
 .ARM.attributes
                0x00000230       0x33 .\CortexM3\ARM_GCC_541\Debug\Air.o
 .ARM.attributes
                0x00000263       0x33 .\CortexM3\ARM_GCC_541\Debug\SCD30.o
 .ARM.attributes
                0x00000296       0x33 .\CortexM3\ARM_GCC_541\Debug\mpu_wrappers.o
 .ARM.attributes
                0x000002c9       0x33 .\CortexM3\ARM_GCC_541\Debug\cyfitter_cfg.o
 .ARM.attributes
                0x000002fc       0x33 .\CortexM3\ARM_GCC_541\Debug\cymetadata.o
 .ARM.attributes
                0x0000032f       0x33 .\CortexM3\ARM_GCC_541\Debug\Cm3Start.o
 .ARM.attributes
                0x00000362       0x33 .\CortexM3\ARM_GCC_541\Debug\PlanteModul.a(CyLib.o)
 .ARM.attributes
                0x00000395       0x33 .\CortexM3\ARM_GCC_541\Debug\PlanteModul.a(cyPm.o)
 .ARM.attributes
                0x000003c8       0x33 .\CortexM3\ARM_GCC_541\Debug\PlanteModul.a(I2C.o)
 .ARM.attributes
                0x000003fb       0x33 .\CortexM3\ARM_GCC_541\Debug\PlanteModul.a(I2C_INT.o)
 .ARM.attributes
                0x0000042e       0x33 .\CortexM3\ARM_GCC_541\Debug\PlanteModul.a(I2C_PM.o)
 .ARM.attributes
                0x00000461       0x33 .\CortexM3\ARM_GCC_541\Debug\PlanteModul.a(I2C_MASTER.o)
 .ARM.attributes
                0x00000494       0x33 .\CortexM3\ARM_GCC_541\Debug\PlanteModul.a(PWM_PERISTALTISK_1.o)
 .ARM.attributes
                0x000004c7       0x33 .\CortexM3\ARM_GCC_541\Debug\PlanteModul.a(PWM_PERISTALTISK_2.o)
 .ARM.attributes
                0x000004fa       0x33 .\CortexM3\ARM_GCC_541\Debug\PlanteModul.a(ADC_PH.o)
 .ARM.attributes
                0x0000052d       0x33 .\CortexM3\ARM_GCC_541\Debug\PlanteModul.a(ADC_PH_INT.o)
 .ARM.attributes
                0x00000560       0x33 .\CortexM3\ARM_GCC_541\Debug\PlanteModul.a(ADC_PH_theACLK.o)
 .ARM.attributes
                0x00000593       0x33 .\CortexM3\ARM_GCC_541\Debug\PlanteModul.a(SW_UART_TEST_USB.o)
 .ARM.attributes
                0x000005c6       0x33 .\CortexM3\ARM_GCC_541\Debug\PlanteModul.a(DS18x8.o)
 .ARM.attributes
                0x000005f9       0x33 .\CortexM3\ARM_GCC_541\Debug\PlanteModul.a(DS18x8_ControlReg_DRV.o)
 .ARM.attributes
                0x0000062c       0x33 .\CortexM3\ARM_GCC_541\Debug\PlanteModul.a(DS18x8_StatusReg_BUS.o)
 .ARM.attributes
                0x0000065f       0x33 .\CortexM3\ARM_GCC_541\Debug\PlanteModul.a(DS18x8_TimerDelay.o)
 .ARM.attributes
                0x00000692       0x33 .\CortexM3\ARM_GCC_541\Debug\PlanteModul.a(DS18x8_ControlReg_SEL.o)
 .ARM.attributes
                0x000006c5       0x33 .\CortexM3\ARM_GCC_541\Debug\PlanteModul.a(DS18x8_Trigger.o)
 .ARM.attributes
                0x000006f8       0x33 .\CortexM3\ARM_GCC_541\Debug\PlanteModul.a(DS18x8_isr_DataReady.o)
 .ARM.attributes
                0x0000072b       0x21 .\CortexM3\ARM_GCC_541\Debug\PlanteModul.a(CyBootAsmGnu.o)
 .ARM.attributes
                0x0000074c       0x21 .\CortexM3\ARM_GCC_541\Debug\PlanteModul.a(SW_UART_TEST_USB_AsmGnu.o)
 .ARM.attributes
                0x0000076d       0x33 .\CortexM3\ARM_GCC_541\Debug\PlanteModul.a(CyFlash.o)
 .ARM.attributes
                0x000007a0       0x33 .\CortexM3\ARM_GCC_541\Debug\PlanteModul.a(CySpc.o)
 .ARM.attributes
                0x000007d3       0x1d c:/program files (x86)/cypress/psoc creator/4.3/psoc creator/import/gnu/arm/5.4.1/bin/../lib/gcc/arm-none-eabi/5.4.1/armv7-m\libgcc.a(_udivsi3.o)
 .ARM.attributes
                0x000007f0       0x1d c:/program files (x86)/cypress/psoc creator/4.3/psoc creator/import/gnu/arm/5.4.1/bin/../lib/gcc/arm-none-eabi/5.4.1/armv7-m\libgcc.a(_dvmd_tls.o)
 .ARM.attributes
                0x0000080d       0x1d c:/program files (x86)/cypress/psoc creator/4.3/psoc creator/import/gnu/arm/5.4.1/bin/../lib/gcc/arm-none-eabi/5.4.1/armv7-m\libgcc.a(_arm_addsubdf3.o)
 .ARM.attributes
                0x0000082a       0x1d c:/program files (x86)/cypress/psoc creator/4.3/psoc creator/import/gnu/arm/5.4.1/bin/../lib/gcc/arm-none-eabi/5.4.1/armv7-m\libgcc.a(_arm_muldivdf3.o)
 .ARM.attributes
                0x00000847       0x1d c:/program files (x86)/cypress/psoc creator/4.3/psoc creator/import/gnu/arm/5.4.1/bin/../lib/gcc/arm-none-eabi/5.4.1/armv7-m\libgcc.a(_arm_truncdfsf2.o)
 .ARM.attributes
                0x00000864       0x1d c:/program files (x86)/cypress/psoc creator/4.3/psoc creator/import/gnu/arm/5.4.1/bin/../lib/gcc/arm-none-eabi/5.4.1/armv7-m\libgcc.a(_arm_addsubsf3.o)
 .ARM.attributes
                0x00000881       0x1d c:/program files (x86)/cypress/psoc creator/4.3/psoc creator/import/gnu/arm/5.4.1/bin/../lib/gcc/arm-none-eabi/5.4.1/armv7-m\libgcc.a(_arm_muldivsf3.o)
 .ARM.attributes
                0x0000089e       0x1d c:/program files (x86)/cypress/psoc creator/4.3/psoc creator/import/gnu/arm/5.4.1/bin/../lib/gcc/arm-none-eabi/5.4.1/armv7-m\libgcc.a(_arm_fixunssfsi.o)
 .ARM.attributes
                0x000008bb       0x1d c:/program files (x86)/cypress/psoc creator/4.3/psoc creator/import/gnu/arm/5.4.1/bin/../lib/gcc/arm-none-eabi/5.4.1/armv7-m\libgcc.a(_aeabi_ldivmod.o)
 .ARM.attributes
                0x000008d8       0x2d c:/program files (x86)/cypress/psoc creator/4.3/psoc creator/import/gnu/arm/5.4.1/bin/../lib/gcc/arm-none-eabi/5.4.1/armv7-m\libgcc.a(_udivmoddi4.o)
 .ARM.attributes
                0x00000905       0x2d c:/program files (x86)/cypress/psoc creator/4.3/psoc creator/import/gnu/arm/5.4.1/bin/../lib/gcc/arm-none-eabi/5.4.1/../../../../arm-none-eabi/lib/armv7-m\libg_nano.a(lib_a-errno.o)
 .ARM.attributes
                0x00000932       0x2d c:/program files (x86)/cypress/psoc creator/4.3/psoc creator/import/gnu/arm/5.4.1/bin/../lib/gcc/arm-none-eabi/5.4.1/../../../../arm-none-eabi/lib/armv7-m\libg_nano.a(lib_a-exit.o)
 .ARM.attributes
                0x0000095f       0x2d c:/program files (x86)/cypress/psoc creator/4.3/psoc creator/import/gnu/arm/5.4.1/bin/../lib/gcc/arm-none-eabi/5.4.1/../../../../arm-none-eabi/lib/armv7-m\libg_nano.a(lib_a-impure.o)
 .ARM.attributes
                0x0000098c       0x2d c:/program files (x86)/cypress/psoc creator/4.3/psoc creator/import/gnu/arm/5.4.1/bin/../lib/gcc/arm-none-eabi/5.4.1/../../../../arm-none-eabi/lib/armv7-m\libg_nano.a(lib_a-init.o)
 .ARM.attributes
                0x000009b9       0x2d c:/program files (x86)/cypress/psoc creator/4.3/psoc creator/import/gnu/arm/5.4.1/bin/../lib/gcc/arm-none-eabi/5.4.1/../../../../arm-none-eabi/lib/armv7-m\libg_nano.a(lib_a-memcpy-stub.o)
 .ARM.attributes
                0x000009e6       0x2d c:/program files (x86)/cypress/psoc creator/4.3/psoc creator/import/gnu/arm/5.4.1/bin/../lib/gcc/arm-none-eabi/5.4.1/../../../../arm-none-eabi/lib/armv7-m\libg_nano.a(lib_a-memset.o)
 .ARM.attributes
                0x00000a13       0x2d c:/program files (x86)/cypress/psoc creator/4.3/psoc creator/import/gnu/arm/5.4.1/bin/../lib/gcc/arm-none-eabi/5.4.1/../../../../arm-none-eabi/lib/armv7-m\libg_nano.a(lib_a-strcat.o)
 .ARM.attributes
                0x00000a40       0x2d c:/program files (x86)/cypress/psoc creator/4.3/psoc creator/import/gnu/arm/5.4.1/bin/../lib/gcc/arm-none-eabi/5.4.1/armv7-m/crtend.o
 .ARM.attributes
                0x00000a6d       0x1d c:/program files (x86)/cypress/psoc creator/4.3/psoc creator/import/gnu/arm/5.4.1/bin/../lib/gcc/arm-none-eabi/5.4.1/armv7-m/crtn.o

/DISCARD/
 *(.note.GNU-stack)
OUTPUT(C:\Users\mag94\Desktop\UNIstuff\4. Semester\P4_Vertical_farm\RTOS_TEMPLATE-master\PlanteModul.cydsn\CortexM3\ARM_GCC_541\Debug\PlanteModul.elf elf32-littlearm)