Archive member included to satisfy reference by file (symbol)

.\CortexM3\ARM_GCC_541\Debug\TestLegePlads.a(CyLib.o)
                              .\CortexM3\ARM_GCC_541\Debug\Cm3Start.o (CyResetStatus)
.\CortexM3\ARM_GCC_541\Debug\TestLegePlads.a(cyPm.o)
                              .\CortexM3\ARM_GCC_541\Debug\TestLegePlads.a(CyLib.o) (CyPmReadStatus)
.\CortexM3\ARM_GCC_541\Debug\TestLegePlads.a(Pin_LED0.o)
                              .\CortexM3\ARM_GCC_541\Debug\i2cReaction.o (Pin_LED0_Write)
.\CortexM3\ARM_GCC_541\Debug\TestLegePlads.a(I2C.o)
                              .\CortexM3\ARM_GCC_541\Debug\main.o (I2C_Start)
.\CortexM3\ARM_GCC_541\Debug\TestLegePlads.a(I2C_INT.o)
                              .\CortexM3\ARM_GCC_541\Debug\TestLegePlads.a(I2C.o) (I2C_ISR)
.\CortexM3\ARM_GCC_541\Debug\TestLegePlads.a(I2C_PM.o)
                              .\CortexM3\ARM_GCC_541\Debug\TestLegePlads.a(I2C.o) (I2C_backup)
.\CortexM3\ARM_GCC_541\Debug\TestLegePlads.a(I2C_MASTER.o)
                              .\CortexM3\ARM_GCC_541\Debug\TestLegePlads.a(I2C.o) (I2C_mstrStatus)
.\CortexM3\ARM_GCC_541\Debug\TestLegePlads.a(Pin_LED1.o)
                              .\CortexM3\ARM_GCC_541\Debug\i2cReaction.o (Pin_LED1_Write)
.\CortexM3\ARM_GCC_541\Debug\TestLegePlads.a(Pin_LED2.o)
                              .\CortexM3\ARM_GCC_541\Debug\i2cReaction.o (Pin_LED2_Write)
.\CortexM3\ARM_GCC_541\Debug\TestLegePlads.a(Pin_LED3.o)
                              .\CortexM3\ARM_GCC_541\Debug\i2cReaction.o (Pin_LED3_Write)
.\CortexM3\ARM_GCC_541\Debug\TestLegePlads.a(CyBootAsmGnu.o)
                              .\CortexM3\ARM_GCC_541\Debug\cyfitter_cfg.o (CyDelayCycles)
.\CortexM3\ARM_GCC_541\Debug\TestLegePlads.a(CyFlash.o)
                              .\CortexM3\ARM_GCC_541\Debug\TestLegePlads.a(cyPm.o) (CyFlash_SetWaitCycles)
.\CortexM3\ARM_GCC_541\Debug\TestLegePlads.a(CySpc.o)
                              .\CortexM3\ARM_GCC_541\Debug\TestLegePlads.a(CyFlash.o) (CySpcStart)
c:/program files (x86)/cypress/psoc creator/4.3/psoc creator/import/gnu/arm/5.4.1/bin/../lib/gcc/arm-none-eabi/5.4.1/../../../../arm-none-eabi/lib/armv7-m\libg_nano.a(lib_a-errno.o)
                              .\CortexM3\ARM_GCC_541\Debug\Cm3Start.o (__errno)
c:/program files (x86)/cypress/psoc creator/4.3/psoc creator/import/gnu/arm/5.4.1/bin/../lib/gcc/arm-none-eabi/5.4.1/../../../../arm-none-eabi/lib/armv7-m\libg_nano.a(lib_a-exit.o)
                              c:/program files (x86)/cypress/psoc creator/4.3/psoc creator/import/gnu/arm/5.4.1/bin/../lib/gcc/arm-none-eabi/5.4.1/../../../../arm-none-eabi/lib/armv7-m/crt0.o (exit)
c:/program files (x86)/cypress/psoc creator/4.3/psoc creator/import/gnu/arm/5.4.1/bin/../lib/gcc/arm-none-eabi/5.4.1/../../../../arm-none-eabi/lib/armv7-m\libg_nano.a(lib_a-impure.o)
                              c:/program files (x86)/cypress/psoc creator/4.3/psoc creator/import/gnu/arm/5.4.1/bin/../lib/gcc/arm-none-eabi/5.4.1/../../../../arm-none-eabi/lib/armv7-m\libg_nano.a(lib_a-exit.o) (_global_impure_ptr)
c:/program files (x86)/cypress/psoc creator/4.3/psoc creator/import/gnu/arm/5.4.1/bin/../lib/gcc/arm-none-eabi/5.4.1/../../../../arm-none-eabi/lib/armv7-m\libg_nano.a(lib_a-init.o)
                              c:/program files (x86)/cypress/psoc creator/4.3/psoc creator/import/gnu/arm/5.4.1/bin/../lib/gcc/arm-none-eabi/5.4.1/../../../../arm-none-eabi/lib/armv7-m/crt0.o (__libc_init_array)
c:/program files (x86)/cypress/psoc creator/4.3/psoc creator/import/gnu/arm/5.4.1/bin/../lib/gcc/arm-none-eabi/5.4.1/../../../../arm-none-eabi/lib/armv7-m\libg_nano.a(lib_a-memcpy-stub.o)
                              .\CortexM3\ARM_GCC_541\Debug\queue.o (memcpy)
c:/program files (x86)/cypress/psoc creator/4.3/psoc creator/import/gnu/arm/5.4.1/bin/../lib/gcc/arm-none-eabi/5.4.1/../../../../arm-none-eabi/lib/armv7-m\libg_nano.a(lib_a-memset.o)
                              c:/program files (x86)/cypress/psoc creator/4.3/psoc creator/import/gnu/arm/5.4.1/bin/../lib/gcc/arm-none-eabi/5.4.1/../../../../arm-none-eabi/lib/armv7-m/crt0.o (memset)

Allocating common symbols
Common symbol       size              file

xQueueRegistry      0x50              .\CortexM3\ARM_GCC_541\Debug\queue.o
I2C_state           0x1               .\CortexM3\ARM_GCC_541\Debug\TestLegePlads.a(I2C.o)
I2C_mstrWrBufIndex  0x1               .\CortexM3\ARM_GCC_541\Debug\TestLegePlads.a(I2C_MASTER.o)
I2C_mstrWrBufSize   0x1               .\CortexM3\ARM_GCC_541\Debug\TestLegePlads.a(I2C_MASTER.o)
I2C_mstrStatus      0x1               .\CortexM3\ARM_GCC_541\Debug\TestLegePlads.a(I2C_MASTER.o)
xQueue              0x4               .\CortexM3\ARM_GCC_541\Debug\main.o
I2C_mstrRdBufPtr    0x4               .\CortexM3\ARM_GCC_541\Debug\TestLegePlads.a(I2C_MASTER.o)
I2C_mstrControl     0x1               .\CortexM3\ARM_GCC_541\Debug\TestLegePlads.a(I2C_MASTER.o)
I2C_mstrRdBufSize   0x1               .\CortexM3\ARM_GCC_541\Debug\TestLegePlads.a(I2C_MASTER.o)
[...]
Memory Configuration

Name             Origin             Length             Attributes
rom              0x00000000         0x00040000         xr
ram              0x1fff8000         0x00010000         xrw
*default*        0x00000000         0xffffffff

Linker script and memory map

LOAD c:/program files (x86)/cypress/psoc creator/4.3/psoc creator/import/gnu/arm/5.4.1/bin/../lib/gcc/arm-none-eabi/5.4.1/armv7-m/crti.o
LOAD c:/program files (x86)/cypress/psoc creator/4.3/psoc creator/import/gnu/arm/5.4.1/bin/../lib/gcc/arm-none-eabi/5.4.1/armv7-m/crtbegin.o
LOAD c:/program files (x86)/cypress/psoc creator/4.3/psoc creator/import/gnu/arm/5.4.1/bin/../lib/gcc/arm-none-eabi/5.4.1/../../../../arm-none-eabi/lib/armv7-m/crt0.o
START GROUP
LOAD .\CortexM3\ARM_GCC_541\Debug\list.o
LOAD .\CortexM3\ARM_GCC_541\Debug\queue.o
LOAD .\CortexM3\ARM_GCC_541\Debug\stream_buffer.o
LOAD .\CortexM3\ARM_GCC_541\Debug\tasks.o
LOAD .\CortexM3\ARM_GCC_541\Debug\timers.o
LOAD .\CortexM3\ARM_GCC_541\Debug\port.o
LOAD .\CortexM3\ARM_GCC_541\Debug\heap_2.o
LOAD .\CortexM3\ARM_GCC_541\Debug\main.o
LOAD .\CortexM3\ARM_GCC_541\Debug\i2cReaction.o
LOAD .\CortexM3\ARM_GCC_541\Debug\mpu_wrappers.o
LOAD .\CortexM3\ARM_GCC_541\Debug\cyfitter_cfg.o
LOAD .\CortexM3\ARM_GCC_541\Debug\cymetadata.o
LOAD .\CortexM3\ARM_GCC_541\Debug\Cm3Start.o
LOAD .\CortexM3\ARM_GCC_541\Debug\TestLegePlads.a
LOAD C:\Program Files (x86)\Cypress\PSoC Creator\4.3\PSoC Creator\psoc\content\cycomponentlibrary\CyComponentLibrary.cylib\CortexM3\ARM_GCC_541\Debug\CyComponentLibrary.a
END GROUP
START GROUP
LOAD c:/program files (x86)/cypress/psoc creator/4.3/psoc creator/import/gnu/arm/5.4.1/bin/../lib/gcc/arm-none-eabi/5.4.1/armv7-m\libgcc.a
LOAD c:/program files (x86)/cypress/psoc creator/4.3/psoc creator/import/gnu/arm/5.4.1/bin/../lib/gcc/arm-none-eabi/5.4.1/../../../../arm-none-eabi/lib/armv7-m\libg_nano.a
LOAD c:/program files (x86)/cypress/psoc creator/4.3/psoc creator/import/gnu/arm/5.4.1/bin/../lib/gcc/arm-none-eabi/5.4.1/../../../../arm-none-eabi/lib/armv7-m\libc_nano.a
END GROUP
START GROUP
LOAD c:/program files (x86)/cypress/psoc creator/4.3/psoc creator/import/gnu/arm/5.4.1/bin/../lib/gcc/arm-none-eabi/5.4.1/armv7-m\libgcc.a
LOAD c:/program files (x86)/cypress/psoc creator/4.3/psoc creator/import/gnu/arm/5.4.1/bin/../lib/gcc/arm-none-eabi/5.4.1/../../../../arm-none-eabi/lib/armv7-m\libc_nano.a
END GROUP
LOAD c:/program files (x86)/cypress/psoc creator/4.3/psoc creator/import/gnu/arm/5.4.1/bin/../lib/gcc/arm-none-eabi/5.4.1/armv7-m/crtend.o
LOAD c:/program files (x86)/cypress/psoc creator/4.3/psoc creator/import/gnu/arm/5.4.1/bin/../lib/gcc/arm-none-eabi/5.4.1/armv7-m/crtn.o
START GROUP
LOAD c:/program files (x86)/cypress/psoc creator/4.3/psoc creator/import/gnu/arm/5.4.1/bin/../lib/gcc/arm-none-eabi/5.4.1/armv7-m\libgcc.a
LOAD c:/program files (x86)/cypress/psoc creator/4.3/psoc creator/import/gnu/arm/5.4.1/bin/../lib/gcc/arm-none-eabi/5.4.1/../../../../arm-none-eabi/lib/armv7-m\libc.a
LOAD c:/program files (x86)/cypress/psoc creator/4.3/psoc creator/import/gnu/arm/5.4.1/bin/../lib/gcc/arm-none-eabi/5.4.1/../../../../arm-none-eabi/lib/armv7-m\libnosys.a
END GROUP
                0x00000000                CY_APPL_ORIGIN = 0x0
                0x00000100                CY_FLASH_ROW_SIZE = 0x100
                0x00000020                CY_ECC_ROW_SIZE = 0x20
                0x00000000                CY_EE_IN_BTLDR = 0x0
                0x00000000                CY_APPL_LOADABLE = 0x0
                0x00000800                CY_EE_SIZE = 0x800
                0x00000001                CY_APPL_NUM = 0x1
                0x00000001                CY_APPL_MAX = 0x1
                0x00000040                CY_METADATA_SIZE = 0x40
                0x00000000                CY_APPL_LOADABLE = 0x0
                0x00000000                CY_CHECKSUM_EXCLUDE_SIZE = ALIGN (0x0, CY_FLASH_ROW_SIZE)
                [!provide]                PROVIDE (__cy_heap_start, _end)
                0x00000001                PROVIDE (__cy_region_num, ((__cy_regions_end - __cy_regions) / 0x10))
                0x20008000                PROVIDE (__cy_stack, (ORIGIN (ram) + LENGTH (ram)))
                [!provide]                PROVIDE (__cy_heap_end, (__cy_stack - 0x800))

.cybootloader   0x00000000        0x0
 *(.cybootloader)
                0x00000000                appl1_start = CY_APPL_ORIGIN?CY_APPL_ORIGIN:ALIGN (CY_FLASH_ROW_SIZE)
                0x0001ff00                appl2_start = (appl1_start + ALIGN ((((LENGTH (rom) - appl1_start) - (0x2 * CY_FLASH_ROW_SIZE)) / 0x2), CY_FLASH_ROW_SIZE))
                0x00000000                appl_start = (CY_APPL_NUM == 0x1)?appl1_start:appl2_start
                0x00000000                ecc_offset = ((appl_start / CY_FLASH_ROW_SIZE) * CY_ECC_ROW_SIZE)
                0x00000000                ee_offset = (CY_APPL_LOADABLE && ! (CY_EE_IN_BTLDR))?((CY_EE_SIZE / CY_APPL_MAX) * (CY_APPL_NUM - 0x1)):0x0
                0x00000800                ee_size = (CY_APPL_LOADABLE && ! (CY_EE_IN_BTLDR))?(CY_EE_SIZE / CY_APPL_MAX):CY_EE_SIZE
                [!provide]                PROVIDE (CY_ECC_OFFSET, ecc_offset)

.text           0x00000000     0x246e
 CREATE_OBJECT_SYMBOLS
                0x00000000                PROVIDE (__cy_interrupt_vector, RomVectors)
 *(.romvectors)
 .romvectors    0x00000000       0x10 .\CortexM3\ARM_GCC_541\Debug\Cm3Start.o
                0x00000000                RomVectors
                0x00000001                ASSERT ((. != __cy_interrupt_vector), No interrupt vector)
                0x00000001                ASSERT (CY_APPL_ORIGIN?(SIZEOF (.cybootloader) <= CY_APPL_ORIGIN):0x1, Wrong image location)
                0x00000010                PROVIDE (__cy_reset, Reset)
 *(.text.Reset)
 .text.Reset    0x00000010       0x18 .\CortexM3\ARM_GCC_541\Debug\Cm3Start.o
                0x00000010                Reset
                0x00000001                ASSERT ((. != __cy_reset), No reset code)
 *(.dma_init)
                0x00000001                ASSERT ((((appl_start + .) <= 0x10000) || 0x1), DMA Init must be within the first 64k of flash)
 *(.text .text.* .gnu.linkonce.t.*)
 .text          0x00000028       0x5c c:/program files (x86)/cypress/psoc creator/4.3/psoc creator/import/gnu/arm/5.4.1/bin/../lib/gcc/arm-none-eabi/5.4.1/armv7-m/crtbegin.o
 .text.vListInitialise
                0x00000084       0x40 .\CortexM3\ARM_GCC_541\Debug\list.o
                0x00000084                vListInitialise
 .text.vListInitialiseItem
                0x000000c4       0x18 .\CortexM3\ARM_GCC_541\Debug\list.o
                0x000000c4                vListInitialiseItem
 .text.vListInsertEnd
                0x000000dc       0x48 .\CortexM3\ARM_GCC_541\Debug\list.o
                0x000000dc                vListInsertEnd
 .text.vListInsert
                0x00000124       0x70 .\CortexM3\ARM_GCC_541\Debug\list.o
                0x00000124                vListInsert
 .text.uxListRemove
                0x00000194       0x54 .\CortexM3\ARM_GCC_541\Debug\list.o
                0x00000194                uxListRemove
 .text.xQueueGenericReset
                0x000001e8       0xb4 .\CortexM3\ARM_GCC_541\Debug\queue.o
                0x000001e8                xQueueGenericReset
 .text.xQueueGenericCreate
                0x0000029c       0x50 .\CortexM3\ARM_GCC_541\Debug\queue.o
                0x0000029c                xQueueGenericCreate
 .text.prvInitialiseNewQueue
                0x000002ec       0x40 .\CortexM3\ARM_GCC_541\Debug\queue.o
 .text.xQueueGenericSend
                0x0000032c      0x154 .\CortexM3\ARM_GCC_541\Debug\queue.o
                0x0000032c                xQueueGenericSend
 .text.xQueueReceive
                0x00000480      0x144 .\CortexM3\ARM_GCC_541\Debug\queue.o
                0x00000480                xQueueReceive
 .text.prvCopyDataToQueue
                0x000005c4       0xd4 .\CortexM3\ARM_GCC_541\Debug\queue.o
 .text.prvCopyDataFromQueue
                0x00000698       0x4c .\CortexM3\ARM_GCC_541\Debug\queue.o
 .text.prvUnlockQueue
                0x000006e4       0xa4 .\CortexM3\ARM_GCC_541\Debug\queue.o
 .text.prvIsQueueEmpty
                0x00000788       0x2c .\CortexM3\ARM_GCC_541\Debug\queue.o
 .text.prvIsQueueFull
                0x000007b4       0x30 .\CortexM3\ARM_GCC_541\Debug\queue.o
 .text.xTaskCreate
                0x000007e4       0x84 .\CortexM3\ARM_GCC_541\Debug\tasks.o
                0x000007e4                xTaskCreate
 .text.prvInitialiseNewTask
                0x00000868      0x100 .\CortexM3\ARM_GCC_541\Debug\tasks.o
 .text.prvAddNewTaskToReadyList
                0x00000968       0xd4 .\CortexM3\ARM_GCC_541\Debug\tasks.o
 .text.vTaskDelay
                0x00000a3c       0x48 .\CortexM3\ARM_GCC_541\Debug\tasks.o
                0x00000a3c                vTaskDelay
 .text.vTaskStartScheduler
                0x00000a84       0x6c .\CortexM3\ARM_GCC_541\Debug\tasks.o
                0x00000a84                vTaskStartScheduler
 .text.vTaskSuspendAll
                0x00000af0       0x1c .\CortexM3\ARM_GCC_541\Debug\tasks.o
                0x00000af0                vTaskSuspendAll
 .text.xTaskResumeAll
                0x00000b0c      0x11c .\CortexM3\ARM_GCC_541\Debug\tasks.o
                0x00000b0c                xTaskResumeAll
 .text.xTaskIncrementTick
                0x00000c28      0x150 .\CortexM3\ARM_GCC_541\Debug\tasks.o
                0x00000c28                xTaskIncrementTick
 .text.vTaskSwitchContext
                0x00000d78       0xd8 .\CortexM3\ARM_GCC_541\Debug\tasks.o
                0x00000d78                vTaskSwitchContext
 .text.vTaskPlaceOnEventList
                0x00000e50       0x2c .\CortexM3\ARM_GCC_541\Debug\tasks.o
                0x00000e50                vTaskPlaceOnEventList
 .text.xTaskRemoveFromEventList
                0x00000e7c       0xa8 .\CortexM3\ARM_GCC_541\Debug\tasks.o
                0x00000e7c                xTaskRemoveFromEventList
 .text.vTaskInternalSetTimeOutState
                0x00000f24       0x2c .\CortexM3\ARM_GCC_541\Debug\tasks.o
                0x00000f24                vTaskInternalSetTimeOutState
 .text.xTaskCheckForTimeOut
                0x00000f50       0x8c .\CortexM3\ARM_GCC_541\Debug\tasks.o
                0x00000f50                xTaskCheckForTimeOut
 .text.vTaskMissedYield
                0x00000fdc       0x18 .\CortexM3\ARM_GCC_541\Debug\tasks.o
                0x00000fdc                vTaskMissedYield
 .text.prvIdleTask
                0x00000ff4       0x14 .\CortexM3\ARM_GCC_541\Debug\tasks.o
 .text.prvInitialiseTaskLists
                0x00001008       0x80 .\CortexM3\ARM_GCC_541\Debug\tasks.o
 .text.prvCheckTasksWaitingTermination
                0x00001088       0x58 .\CortexM3\ARM_GCC_541\Debug\tasks.o
 .text.prvDeleteTCB
                0x000010e0       0x20 .\CortexM3\ARM_GCC_541\Debug\tasks.o
 .text.prvResetNextTaskUnblockTime
                0x00001100       0x40 .\CortexM3\ARM_GCC_541\Debug\tasks.o
 .text.xTaskPriorityDisinherit
                0x00001140       0xc8 .\CortexM3\ARM_GCC_541\Debug\tasks.o
                0x00001140                xTaskPriorityDisinherit
 .text.prvAddCurrentTaskToDelayedList
                0x00001208       0xcc .\CortexM3\ARM_GCC_541\Debug\tasks.o
 .text.pxPortInitialiseStack
                0x000012d4       0x58 .\CortexM3\ARM_GCC_541\Debug\port.o
                0x000012d4                pxPortInitialiseStack
 .text.prvTaskExitError
                0x0000132c       0x30 .\CortexM3\ARM_GCC_541\Debug\port.o
 *fill*         0x0000135c        0x4 
 .text.vPortSVCHandler
                0x00001360       0x28 .\CortexM3\ARM_GCC_541\Debug\port.o
                0x00001360                vPortSVCHandler
 .text.prvPortStartFirstTask
                0x00001388       0x20 .\CortexM3\ARM_GCC_541\Debug\port.o
 .text.xPortStartScheduler
                0x000013a8       0x40 .\CortexM3\ARM_GCC_541\Debug\port.o
                0x000013a8                xPortStartScheduler
 .text.vPortEnterCritical
                0x000013e8       0x30 .\CortexM3\ARM_GCC_541\Debug\port.o
                0x000013e8                vPortEnterCritical
 .text.vPortExitCritical
                0x00001418       0x30 .\CortexM3\ARM_GCC_541\Debug\port.o
                0x00001418                vPortExitCritical
 *fill*         0x00001448        0x8 
 .text.xPortPendSVHandler
                0x00001450       0x48 .\CortexM3\ARM_GCC_541\Debug\port.o
                0x00001450                xPortPendSVHandler
 .text.xPortSysTickHandler
                0x00001498       0x40 .\CortexM3\ARM_GCC_541\Debug\port.o
                0x00001498                xPortSysTickHandler
 .text.vPortSetupTimerInterrupt
                0x000014d8       0x34 .\CortexM3\ARM_GCC_541\Debug\port.o
                0x000014d8                vPortSetupTimerInterrupt
 .text.pvPortMalloc
                0x0000150c      0x124 .\CortexM3\ARM_GCC_541\Debug\heap_2.o
                0x0000150c                pvPortMalloc
 .text.vPortFree
                0x00001630       0x74 .\CortexM3\ARM_GCC_541\Debug\heap_2.o
                0x00001630                vPortFree
 .text.prvHeapInit
                0x000016a4       0x50 .\CortexM3\ARM_GCC_541\Debug\heap_2.o
 .text.main     0x000016f4       0x60 .\CortexM3\ARM_GCC_541\Debug\main.o
                0x000016f4                main
 .text.vApplicationIdleHook
                0x00001754        0xc .\CortexM3\ARM_GCC_541\Debug\main.o
                0x00001754                vApplicationIdleHook
 .text.prvHardwareSetup
                0x00001760       0x30 .\CortexM3\ARM_GCC_541\Debug\main.o
 .text.vApplicationStackOverflowHook
                0x00001790       0x20 .\CortexM3\ARM_GCC_541\Debug\main.o
                0x00001790                vApplicationStackOverflowHook
 .text.vApplicationMallocFailedHook
                0x000017b0       0x1c .\CortexM3\ARM_GCC_541\Debug\main.o
                0x000017b0                vApplicationMallocFailedHook
 .text.vTaskGetI2CData
                0x000017cc       0x4c .\CortexM3\ARM_GCC_541\Debug\i2cReaction.o
                0x000017cc                vTaskGetI2CData
 .text.vTaskGetSetLed
                0x00001818       0x50 .\CortexM3\ARM_GCC_541\Debug\i2cReaction.o
                0x00001818                vTaskGetSetLed
 .text.CYMEMZERO
                0x00001868       0x1c .\CortexM3\ARM_GCC_541\Debug\cyfitter_cfg.o
 .text.CYCONFIGCPY
                0x00001884       0x20 .\CortexM3\ARM_GCC_541\Debug\cyfitter_cfg.o
 .text.CyClockStartupError
                0x000018a4        0xc .\CortexM3\ARM_GCC_541\Debug\cyfitter_cfg.o
 .text.cfg_write_bytes32
                0x000018b0       0x74 .\CortexM3\ARM_GCC_541\Debug\cyfitter_cfg.o
 .text.ClockSetup
                0x00001924       0xd8 .\CortexM3\ARM_GCC_541\Debug\cyfitter_cfg.o
 .text.AnalogSetDefault
                0x000019fc       0x44 .\CortexM3\ARM_GCC_541\Debug\cyfitter_cfg.o
 .text.cyfitter_cfg
                0x00001a40      0x100 .\CortexM3\ARM_GCC_541\Debug\cyfitter_cfg.o
                0x00001a40                cyfitter_cfg
 .text.IntDefaultHandler
                0x00001b40       0x14 .\CortexM3\ARM_GCC_541\Debug\Cm3Start.o
                0x00001b40                IntDefaultHandler
 .text.Start_c  0x00001b54       0x98 .\CortexM3\ARM_GCC_541\Debug\Cm3Start.o
                0x00001b54                Start_c
 .text.initialize_psoc
                0x00001bec       0x90 .\CortexM3\ARM_GCC_541\Debug\Cm3Start.o
                0x00001bec                initialize_psoc
 .text.CyHalt   0x00001c7c       0x18 .\CortexM3\ARM_GCC_541\Debug\TestLegePlads.a(CyLib.o)
                0x00001c7c                CyHalt
 .text.CyIntSetVector
                0x00001c94       0x50 .\CortexM3\ARM_GCC_541\Debug\TestLegePlads.a(CyLib.o)
                0x00001c94                CyIntSetVector
 .text.CyIntSetPriority
                0x00001ce4       0x48 .\CortexM3\ARM_GCC_541\Debug\TestLegePlads.a(CyLib.o)
                0x00001ce4                CyIntSetPriority
 .text.Pin_LED0_Write
                0x00001d2c       0x3c .\CortexM3\ARM_GCC_541\Debug\TestLegePlads.a(Pin_LED0.o)
                0x00001d2c                Pin_LED0_Write
 .text.I2C_Init
                0x00001d68       0x84 .\CortexM3\ARM_GCC_541\Debug\TestLegePlads.a(I2C.o)
                0x00001d68                I2C_Init
 .text.I2C_Enable
                0x00001dec       0x48 .\CortexM3\ARM_GCC_541\Debug\TestLegePlads.a(I2C.o)
                0x00001dec                I2C_Enable
 .text.I2C_Start
                0x00001e34       0x30 .\CortexM3\ARM_GCC_541\Debug\TestLegePlads.a(I2C.o)
                0x00001e34                I2C_Start
 .text.I2C_ISR  0x00001e64      0x3a8 .\CortexM3\ARM_GCC_541\Debug\TestLegePlads.a(I2C_INT.o)
                0x00001e64                I2C_ISR
 .text.I2C_MasterReadBuf
                0x0000220c      0x110 .\CortexM3\ARM_GCC_541\Debug\TestLegePlads.a(I2C_MASTER.o)
                0x0000220c                I2C_MasterReadBuf
 .text.Pin_LED1_Write
                0x0000231c       0x3c .\CortexM3\ARM_GCC_541\Debug\TestLegePlads.a(Pin_LED1.o)
                0x0000231c                Pin_LED1_Write
 .text.Pin_LED2_Write
                0x00002358       0x3c .\CortexM3\ARM_GCC_541\Debug\TestLegePlads.a(Pin_LED2.o)
                0x00002358                Pin_LED2_Write
 .text.Pin_LED3_Write
                0x00002394       0x3c .\CortexM3\ARM_GCC_541\Debug\TestLegePlads.a(Pin_LED3.o)
                0x00002394                Pin_LED3_Write
 .text          0x000023d0       0x20 .\CortexM3\ARM_GCC_541\Debug\TestLegePlads.a(CyBootAsmGnu.o)
                0x000023d0                CyDelayCycles
                0x000023e0                CyEnterCriticalSection
                0x000023e8                CyExitCriticalSection
 .text.__errno  0x000023f0        0xc c:/program files (x86)/cypress/psoc creator/4.3/psoc creator/import/gnu/arm/5.4.1/bin/../lib/gcc/arm-none-eabi/5.4.1/../../../../arm-none-eabi/lib/armv7-m\libg_nano.a(lib_a-errno.o)
                0x000023f0                __errno
 .text.__libc_init_array
                0x000023fc       0x4c c:/program files (x86)/cypress/psoc creator/4.3/psoc creator/import/gnu/arm/5.4.1/bin/../lib/gcc/arm-none-eabi/5.4.1/../../../../arm-none-eabi/lib/armv7-m\libg_nano.a(lib_a-init.o)
                0x000023fc                __libc_init_array
 .text.memcpy   0x00002448       0x16 c:/program files (x86)/cypress/psoc creator/4.3/psoc creator/import/gnu/arm/5.4.1/bin/../lib/gcc/arm-none-eabi/5.4.1/../../../../arm-none-eabi/lib/armv7-m\libg_nano.a(lib_a-memcpy-stub.o)
                0x00002448                memcpy
 .text.memset   0x0000245e       0x10 c:/program files (x86)/cypress/psoc creator/4.3/psoc creator/import/gnu/arm/5.4.1/bin/../lib/gcc/arm-none-eabi/5.4.1/../../../../arm-none-eabi/lib/armv7-m\libg_nano.a(lib_a-memset.o)
                0x0000245e                memset
 *(.plt)
 *(.gnu.warning)
 *(.glue_7t)
 .glue_7t       0x0000246e        0x0 linker stubs
 *(.glue_7)
 .glue_7        0x0000246e        0x0 linker stubs
 *(.vfp11_veneer)
 .vfp11_veneer  0x0000246e        0x0 linker stubs
 *(.bootloader)
 *(.ARM.extab* .gnu.linkonce.armextab.*)
 *(.gcc_except_table)

.v4_bx          0x00002470        0x0
 .v4_bx         0x00002470        0x0 linker stubs

.iplt           0x00002470        0x0
 .iplt          0x00002470        0x0 c:/program files (x86)/cypress/psoc creator/4.3/psoc creator/import/gnu/arm/5.4.1/bin/../lib/gcc/arm-none-eabi/5.4.1/armv7-m/crtbegin.o

.eh_frame_hdr
 *(.eh_frame_hdr)

.eh_frame       0x00002470        0x4
 *(.eh_frame)
 .eh_frame      0x00002470        0x0 c:/program files (x86)/cypress/psoc creator/4.3/psoc creator/import/gnu/arm/5.4.1/bin/../lib/gcc/arm-none-eabi/5.4.1/armv7-m/crtbegin.o
 .eh_frame      0x00002470        0x4 c:/program files (x86)/cypress/psoc creator/4.3/psoc creator/import/gnu/arm/5.4.1/bin/../lib/gcc/arm-none-eabi/5.4.1/armv7-m/crtend.o
                [!provide]                PROVIDE (__exidx_start, .)

.ARM.exidx
 *(.ARM.exidx* .gnu.linkonce.armexidx.*)
                0x00002474                __exidx_end = .

.rodata         0x00002474       0x94
 *(.rodata .rodata.* .gnu.linkonce.r.*)
 .rodata        0x00002474        0x5 .\CortexM3\ARM_GCC_541\Debug\tasks.o
 *fill*         0x00002479        0x3 
 .rodata        0x0000247c       0x18 .\CortexM3\ARM_GCC_541\Debug\main.o
 .rodata        0x00002494       0x3c .\CortexM3\ARM_GCC_541\Debug\cyfitter_cfg.o
 .rodata.str1.1
                0x000024d0        0x2 c:/program files (x86)/cypress/psoc creator/4.3/psoc creator/import/gnu/arm/5.4.1/bin/../lib/gcc/arm-none-eabi/5.4.1/../../../../arm-none-eabi/lib/armv7-m\libg_nano.a(lib_a-impure.o)
                0x000024d4                . = ALIGN (0x4)
 *fill*         0x000024d2        0x2 
 *(.init)
 .init          0x000024d4        0x4 c:/program files (x86)/cypress/psoc creator/4.3/psoc creator/import/gnu/arm/5.4.1/bin/../lib/gcc/arm-none-eabi/5.4.1/armv7-m/crti.o
                0x000024d4                _init
 .init          0x000024d8        0x8 c:/program files (x86)/cypress/psoc creator/4.3/psoc creator/import/gnu/arm/5.4.1/bin/../lib/gcc/arm-none-eabi/5.4.1/armv7-m/crtn.o
                0x000024e0                . = ALIGN (0x4)
                0x000024e0                __preinit_array_start = .
 *(.preinit_array)
                0x000024e0                __preinit_array_end = .
                0x000024e0                . = ALIGN (0x4)
                0x000024e0                __init_array_start = .
 *(SORT(.init_array.*))
 *(.init_array)
 .init_array    0x000024e0        0x4 c:/program files (x86)/cypress/psoc creator/4.3/psoc creator/import/gnu/arm/5.4.1/bin/../lib/gcc/arm-none-eabi/5.4.1/armv7-m/crtbegin.o
 .init_array    0x000024e4        0x4 .\CortexM3\ARM_GCC_541\Debug\Cm3Start.o
                0x000024e8                __init_array_end = .
                0x000024e8                . = ALIGN (0x4)
 *(.fini)
 .fini          0x000024e8        0x4 c:/program files (x86)/cypress/psoc creator/4.3/psoc creator/import/gnu/arm/5.4.1/bin/../lib/gcc/arm-none-eabi/5.4.1/armv7-m/crti.o
                0x000024e8                _fini
 .fini          0x000024ec        0x8 c:/program files (x86)/cypress/psoc creator/4.3/psoc creator/import/gnu/arm/5.4.1/bin/../lib/gcc/arm-none-eabi/5.4.1/armv7-m/crtn.o
                0x000024f4                . = ALIGN (0x4)
                0x000024f4                __fini_array_start = .
 *(.fini_array)
 .fini_array    0x000024f4        0x4 c:/program files (x86)/cypress/psoc creator/4.3/psoc creator/import/gnu/arm/5.4.1/bin/../lib/gcc/arm-none-eabi/5.4.1/armv7-m/crtbegin.o
 *(SORT(.fini_array.*))
                0x000024f8                __fini_array_end = .
                0x000024f8                . = ALIGN (0x4)
 *crtbegin.o(.ctors)
 *(EXCLUDE_FILE(*crtend.o) .ctors)
 *(SORT(.ctors.*))
 *crtend.o(.ctors)
                0x000024f8                . = ALIGN (0x4)
 *crtbegin.o(.dtors)
 *(EXCLUDE_FILE(*crtend.o) .dtors)
 *(SORT(.dtors.*))
 *crtend.o(.dtors)
                0x000024f8                . = ALIGN (0x4)
                0x000024f8                __cy_regions = .
                0x000024f8        0x4 LONG 0x2508 __cy_region_init_ram
                0x000024fc        0x4 LONG 0x1fff80c8 __cy_region_start_data
                0x00002500        0x4 LONG 0x70 __cy_region_init_size_ram
                0x00002504        0x4 LONG 0x8150 __cy_region_zero_size_ram
                0x00002508                __cy_regions_end = .
                0x00002508                . = ALIGN (0x8)
                0x00002508                _etext = .

.cy_checksum_exclude
                0x00002508        0x0
 *(.cy_checksum_exclude)

.ramvectors     0x1fff8000       0xc0
                0x1fff8000                __cy_region_start_ram = .
 *(.ramvectors)
 .ramvectors    0x1fff8000       0xc0 .\CortexM3\ARM_GCC_541\Debug\Cm3Start.o
                0x1fff8000                CyRamVectors

.noinit         0x1fff80c0        0x5
 *(.noinit)
 .noinit        0x1fff80c0        0x4 .\CortexM3\ARM_GCC_541\Debug\Cm3Start.o
 .noinit        0x1fff80c4        0x1 .\CortexM3\ARM_GCC_541\Debug\TestLegePlads.a(CyLib.o)
                0x1fff80c4                CyResetStatus

.data           0x1fff80c8       0x70 load address 0x00002508
                0x1fff80c8                __cy_region_start_data = .
 *(.jcr)
 .jcr           0x1fff80c8        0x0 c:/program files (x86)/cypress/psoc creator/4.3/psoc creator/import/gnu/arm/5.4.1/bin/../lib/gcc/arm-none-eabi/5.4.1/armv7-m/crtbegin.o
 .jcr           0x1fff80c8        0x4 c:/program files (x86)/cypress/psoc creator/4.3/psoc creator/import/gnu/arm/5.4.1/bin/../lib/gcc/arm-none-eabi/5.4.1/armv7-m/crtend.o
 *(.got.plt)
 *(.got)
 *(.shdata)
 *(.data .data.* .gnu.linkonce.d.*)
 .data          0x1fff80cc        0x4 .\CortexM3\ARM_GCC_541\Debug\port.o
 .data          0x1fff80d0        0x4 .\CortexM3\ARM_GCC_541\Debug\heap_2.o
 .data.impure_data
                0x1fff80d4       0x60 c:/program files (x86)/cypress/psoc creator/4.3/psoc creator/import/gnu/arm/5.4.1/bin/../lib/gcc/arm-none-eabi/5.4.1/../../../../arm-none-eabi/lib/armv7-m\libg_nano.a(lib_a-impure.o)
 .data._impure_ptr
                0x1fff8134        0x4 c:/program files (x86)/cypress/psoc creator/4.3/psoc creator/import/gnu/arm/5.4.1/bin/../lib/gcc/arm-none-eabi/5.4.1/../../../../arm-none-eabi/lib/armv7-m\libg_nano.a(lib_a-impure.o)
                0x1fff8134                _impure_ptr
                0x1fff8138                . = ALIGN (0x8)
 *(.ram)
                0x1fff8138                _edata = .

.igot.plt       0x1fff8138        0x0 load address 0x00002578
 .igot.plt      0x1fff8138        0x0 c:/program files (x86)/cypress/psoc creator/4.3/psoc creator/import/gnu/arm/5.4.1/bin/../lib/gcc/arm-none-eabi/5.4.1/armv7-m/crtbegin.o

.bss            0x1fff8138     0x8150 load address 0x00002578
                0x1fff8138                PROVIDE (__bss_start__, .)
 *(.shbss)
 *(.bss .bss.* .gnu.linkonce.b.*)
 .bss           0x1fff8138       0x1c c:/program files (x86)/cypress/psoc creator/4.3/psoc creator/import/gnu/arm/5.4.1/bin/../lib/gcc/arm-none-eabi/5.4.1/armv7-m/crtbegin.o
 .bss           0x1fff8154      0x104 .\CortexM3\ARM_GCC_541\Debug\tasks.o
                0x1fff8154                pxCurrentTCB
 .bss           0x1fff8258     0x8014 .\CortexM3\ARM_GCC_541\Debug\heap_2.o
 .bss           0x2000026c        0x1 .\CortexM3\ARM_GCC_541\Debug\TestLegePlads.a(I2C.o)
                0x2000026c                I2C_initVar
 *(COMMON)
 *fill*         0x2000026d        0x3 
 COMMON         0x20000270        0x4 .\CortexM3\ARM_GCC_541\Debug\main.o
                0x20000270                xQueue
 COMMON         0x20000274        0x1 .\CortexM3\ARM_GCC_541\Debug\TestLegePlads.a(I2C.o)
                0x20000274                I2C_state
 *fill*         0x20000275        0x3 
 COMMON         0x20000278       0x10 .\CortexM3\ARM_GCC_541\Debug\TestLegePlads.a(I2C_MASTER.o)
                0x20000278                I2C_mstrWrBufIndex
                0x20000279                I2C_mstrWrBufSize
                0x2000027a                I2C_mstrStatus
                0x2000027c                I2C_mstrRdBufPtr
                0x20000280                I2C_mstrControl
                0x20000281                I2C_mstrRdBufSize
                0x20000282                I2C_mstrRdBufIndex
                0x20000284                I2C_mstrWrBufPtr
                0x20000288                . = ALIGN (0x8)
 *(.ram.b)
                0x20000288                _end = .
                0x20000288                __end = .
                0x20000288                PROVIDE (end, .)
                0x20000288                PROVIDE (__bss_end__, .)
                0x00002508                __cy_region_init_ram = LOADADDR (.data)
                0x00000070                __cy_region_init_size_ram = (_edata - ADDR (.data))
                0x00008150                __cy_region_zero_size_ram = (_end - _edata)

.heap           0x20000288       0x80 load address 0x00002578
                0x20000288                . = _end
                0x20000308                . = (. + 0x80)
 *fill*         0x20000288       0x80 
                0x20000308                __cy_heap_limit = .

.stack          0x20007800      0x800
                0x20007800                __cy_stack_limit = .
                0x20008000                . = (. + 0x800)
 *fill*         0x20007800      0x800 
                0x00000001                ASSERT ((__cy_stack_limit >= __cy_heap_limit), region RAM overflowed with stack)
                0x00000000                cy_checksum_exclude_size = (CY_APPL_LOADABLE == 0x1)?SIZEOF (.cy_checksum_exclude):0x0
                0x00000001                ASSERT ((cy_checksum_exclude_size <= CY_CHECKSUM_EXCLUDE_SIZE), CY_BOOT: Section .cy_checksum_exclude size exceedes specified limit.)

.cyloadermeta
 *(.cyloadermeta)

.cyloadablemeta
 *(.cyloadablemeta)

.cyconfigecc    0x80000000       0x74
 *(.cyconfigecc)
 .cyconfigecc   0x80000000       0x74 .\CortexM3\ARM_GCC_541\Debug\cymetadata.o
                0x80000000                cy_meta_configecc

.cycustnvl      0x90000000        0x4
 *(.cycustnvl)
 .cycustnvl     0x90000000        0x4 .\CortexM3\ARM_GCC_541\Debug\cymetadata.o
                0x90000000                cy_meta_custnvl

.cywolatch      0x90100000        0x4
 *(.cywolatch)
 .cywolatch     0x90100000        0x4 .\CortexM3\ARM_GCC_541\Debug\cymetadata.o
                0x90100000                cy_meta_wonvl

.cyeeprom       0x90200000        0x0
 *(.cyeeprom)
                0x00000001                ASSERT ((. <= ((0x90200000 + ee_offset) + ee_size)), .cyeeprom data will not fit in EEPROM)

.cyflashprotect
                0x90400000      0x100
 *(.cyflashprotect)
 .cyflashprotect
                0x90400000      0x100 .\CortexM3\ARM_GCC_541\Debug\cymetadata.o
                0x90400000                cy_meta_flashprotect

.cymeta         0x90500000        0xc
 *(.cymeta)
 .cymeta        0x90500000        0xc .\CortexM3\ARM_GCC_541\Debug\cymetadata.o
                0x90500000                cy_metadata

.rel.dyn        0x00002578        0x0 load address 0x9050000c
 .rel.iplt      0x00002578        0x0 c:/program files (x86)/cypress/psoc creator/4.3/psoc creator/import/gnu/arm/5.4.1/bin/../lib/gcc/arm-none-eabi/5.4.1/armv7-m/crtbegin.o

.stab
 *(.stab)

.stabstr
 *(.stabstr)

.debug
 *(.debug)

.line
 *(.line)

.debug_srcinfo
 *(.debug_srcinfo)

.debug_sfnames
 *(.debug_sfnames)

.debug_aranges  0x00000000      0xe30
 *(.debug_aranges)
 .debug_aranges
                0x00000000       0x40 .\CortexM3\ARM_GCC_541\Debug\list.o
 .debug_aranges
                0x00000040      0x110 .\CortexM3\ARM_GCC_541\Debug\queue.o
 .debug_aranges
                0x00000150       0xc0 .\CortexM3\ARM_GCC_541\Debug\stream_buffer.o
 .debug_aranges
                0x00000210      0x1c8 .\CortexM3\ARM_GCC_541\Debug\tasks.o
 .debug_aranges
                0x000003d8       0x18 .\CortexM3\ARM_GCC_541\Debug\timers.o
 .debug_aranges
                0x000003f0       0x70 .\CortexM3\ARM_GCC_541\Debug\port.o
 .debug_aranges
                0x00000460       0x40 .\CortexM3\ARM_GCC_541\Debug\heap_2.o
 .debug_aranges
                0x000004a0       0x40 .\CortexM3\ARM_GCC_541\Debug\main.o
 .debug_aranges
                0x000004e0       0x28 .\CortexM3\ARM_GCC_541\Debug\i2cReaction.o
 .debug_aranges
                0x00000508      0x218 .\CortexM3\ARM_GCC_541\Debug\mpu_wrappers.o
 .debug_aranges
                0x00000720       0x60 .\CortexM3\ARM_GCC_541\Debug\cyfitter_cfg.o
 .debug_aranges
                0x00000780       0x18 .\CortexM3\ARM_GCC_541\Debug\cymetadata.o
 .debug_aranges
                0x00000798       0x48 .\CortexM3\ARM_GCC_541\Debug\Cm3Start.o
 .debug_aranges
                0x000007e0      0x2a0 .\CortexM3\ARM_GCC_541\Debug\TestLegePlads.a(CyLib.o)
 .debug_aranges
                0x00000a80       0x98 .\CortexM3\ARM_GCC_541\Debug\TestLegePlads.a(cyPm.o)
 .debug_aranges
                0x00000b18       0x38 .\CortexM3\ARM_GCC_541\Debug\TestLegePlads.a(Pin_LED0.o)
 .debug_aranges
                0x00000b50       0x38 .\CortexM3\ARM_GCC_541\Debug\TestLegePlads.a(I2C.o)
 .debug_aranges
                0x00000b88       0x20 .\CortexM3\ARM_GCC_541\Debug\TestLegePlads.a(I2C_INT.o)
 .debug_aranges
                0x00000ba8       0x38 .\CortexM3\ARM_GCC_541\Debug\TestLegePlads.a(I2C_PM.o)
 .debug_aranges
                0x00000be0       0x80 .\CortexM3\ARM_GCC_541\Debug\TestLegePlads.a(I2C_MASTER.o)
 .debug_aranges
                0x00000c60       0x38 .\CortexM3\ARM_GCC_541\Debug\TestLegePlads.a(Pin_LED1.o)
 .debug_aranges
                0x00000c98       0x38 .\CortexM3\ARM_GCC_541\Debug\TestLegePlads.a(Pin_LED2.o)
 .debug_aranges
                0x00000cd0       0x38 .\CortexM3\ARM_GCC_541\Debug\TestLegePlads.a(Pin_LED3.o)
 .debug_aranges
                0x00000d08       0x20 .\CortexM3\ARM_GCC_541\Debug\TestLegePlads.a(CyBootAsmGnu.o)
 .debug_aranges
                0x00000d28       0x88 .\CortexM3\ARM_GCC_541\Debug\TestLegePlads.a(CyFlash.o)
 .debug_aranges
                0x00000db0       0x80 .\CortexM3\ARM_GCC_541\Debug\TestLegePlads.a(CySpc.o)

.debug_pubnames
 *(.debug_pubnames)

.debug_info     0x00000000     0x8c12
 *(.debug_info .gnu.linkonce.wi.*)
 .debug_info    0x00000000      0x2e8 .\CortexM3\ARM_GCC_541\Debug\list.o
 .debug_info    0x000002e8     0x10e2 .\CortexM3\ARM_GCC_541\Debug\queue.o
 .debug_info    0x000013ca      0xca1 .\CortexM3\ARM_GCC_541\Debug\stream_buffer.o
 .debug_info    0x0000206b     0x17a4 .\CortexM3\ARM_GCC_541\Debug\tasks.o
 .debug_info    0x0000380f       0xae .\CortexM3\ARM_GCC_541\Debug\timers.o
 .debug_info    0x000038bd      0x31b .\CortexM3\ARM_GCC_541\Debug\port.o
 .debug_info    0x00003bd8      0x326 .\CortexM3\ARM_GCC_541\Debug\heap_2.o
 .debug_info    0x00003efe      0x24e .\CortexM3\ARM_GCC_541\Debug\main.o
 .debug_info    0x0000414c      0x1d5 .\CortexM3\ARM_GCC_541\Debug\i2cReaction.o
 .debug_info    0x00004321     0x16c6 .\CortexM3\ARM_GCC_541\Debug\mpu_wrappers.o
 .debug_info    0x000059e7      0x39a .\CortexM3\ARM_GCC_541\Debug\cyfitter_cfg.o
 .debug_info    0x00005d81      0x134 .\CortexM3\ARM_GCC_541\Debug\cymetadata.o
 .debug_info    0x00005eb5      0x32b .\CortexM3\ARM_GCC_541\Debug\Cm3Start.o
 .debug_info    0x000061e0      0xe51 .\CortexM3\ARM_GCC_541\Debug\TestLegePlads.a(CyLib.o)
 .debug_info    0x00007031      0x57a .\CortexM3\ARM_GCC_541\Debug\TestLegePlads.a(cyPm.o)
 .debug_info    0x000075ab      0x11e .\CortexM3\ARM_GCC_541\Debug\TestLegePlads.a(Pin_LED0.o)
 .debug_info    0x000076c9      0x201 .\CortexM3\ARM_GCC_541\Debug\TestLegePlads.a(I2C.o)
 .debug_info    0x000078ca      0x156 .\CortexM3\ARM_GCC_541\Debug\TestLegePlads.a(I2C_INT.o)
 .debug_info    0x00007a20      0x19a .\CortexM3\ARM_GCC_541\Debug\TestLegePlads.a(I2C_PM.o)
 .debug_info    0x00007bba      0x3f8 .\CortexM3\ARM_GCC_541\Debug\TestLegePlads.a(I2C_MASTER.o)
 .debug_info    0x00007fb2      0x11e .\CortexM3\ARM_GCC_541\Debug\TestLegePlads.a(Pin_LED1.o)
 .debug_info    0x000080d0      0x11e .\CortexM3\ARM_GCC_541\Debug\TestLegePlads.a(Pin_LED2.o)
 .debug_info    0x000081ee      0x11e .\CortexM3\ARM_GCC_541\Debug\TestLegePlads.a(Pin_LED3.o)
 .debug_info    0x0000830c       0x8d .\CortexM3\ARM_GCC_541\Debug\TestLegePlads.a(CyBootAsmGnu.o)
 .debug_info    0x00008399      0x3b9 .\CortexM3\ARM_GCC_541\Debug\TestLegePlads.a(CyFlash.o)
 .debug_info    0x00008752      0x4c0 .\CortexM3\ARM_GCC_541\Debug\TestLegePlads.a(CySpc.o)

.debug_abbrev   0x00000000     0x1f44
 *(.debug_abbrev)
 .debug_abbrev  0x00000000       0xd8 .\CortexM3\ARM_GCC_541\Debug\list.o
 .debug_abbrev  0x000000d8      0x272 .\CortexM3\ARM_GCC_541\Debug\queue.o
 .debug_abbrev  0x0000034a      0x219 .\CortexM3\ARM_GCC_541\Debug\stream_buffer.o
 .debug_abbrev  0x00000563      0x295 .\CortexM3\ARM_GCC_541\Debug\tasks.o
 .debug_abbrev  0x000007f8       0x4b .\CortexM3\ARM_GCC_541\Debug\timers.o
 .debug_abbrev  0x00000843      0x1ca .\CortexM3\ARM_GCC_541\Debug\port.o
 .debug_abbrev  0x00000a0d      0x177 .\CortexM3\ARM_GCC_541\Debug\heap_2.o
 .debug_abbrev  0x00000b84      0x168 .\CortexM3\ARM_GCC_541\Debug\main.o
 .debug_abbrev  0x00000cec       0xd7 .\CortexM3\ARM_GCC_541\Debug\i2cReaction.o
 .debug_abbrev  0x00000dc3      0x1b5 .\CortexM3\ARM_GCC_541\Debug\mpu_wrappers.o
 .debug_abbrev  0x00000f78      0x19d .\CortexM3\ARM_GCC_541\Debug\cyfitter_cfg.o
 .debug_abbrev  0x00001115       0x5d .\CortexM3\ARM_GCC_541\Debug\cymetadata.o
 .debug_abbrev  0x00001172      0x1d6 .\CortexM3\ARM_GCC_541\Debug\Cm3Start.o
 .debug_abbrev  0x00001348      0x217 .\CortexM3\ARM_GCC_541\Debug\TestLegePlads.a(CyLib.o)
 .debug_abbrev  0x0000155f      0x161 .\CortexM3\ARM_GCC_541\Debug\TestLegePlads.a(cyPm.o)
 .debug_abbrev  0x000016c0       0x90 .\CortexM3\ARM_GCC_541\Debug\TestLegePlads.a(Pin_LED0.o)
 .debug_abbrev  0x00001750       0xe2 .\CortexM3\ARM_GCC_541\Debug\TestLegePlads.a(I2C.o)
 .debug_abbrev  0x00001832       0x81 .\CortexM3\ARM_GCC_541\Debug\TestLegePlads.a(I2C_INT.o)
 .debug_abbrev  0x000018b3       0xf8 .\CortexM3\ARM_GCC_541\Debug\TestLegePlads.a(I2C_PM.o)
 .debug_abbrev  0x000019ab      0x11e .\CortexM3\ARM_GCC_541\Debug\TestLegePlads.a(I2C_MASTER.o)
 .debug_abbrev  0x00001ac9       0x90 .\CortexM3\ARM_GCC_541\Debug\TestLegePlads.a(Pin_LED1.o)
 .debug_abbrev  0x00001b59       0x90 .\CortexM3\ARM_GCC_541\Debug\TestLegePlads.a(Pin_LED2.o)
 .debug_abbrev  0x00001be9       0x90 .\CortexM3\ARM_GCC_541\Debug\TestLegePlads.a(Pin_LED3.o)
 .debug_abbrev  0x00001c79       0x14 .\CortexM3\ARM_GCC_541\Debug\TestLegePlads.a(CyBootAsmGnu.o)
 .debug_abbrev  0x00001c8d      0x14b .\CortexM3\ARM_GCC_541\Debug\TestLegePlads.a(CyFlash.o)
 .debug_abbrev  0x00001dd8      0x16c .\CortexM3\ARM_GCC_541\Debug\TestLegePlads.a(CySpc.o)

.debug_line     0x00000000     0x48e7
 *(.debug_line)
 .debug_line    0x00000000      0x21c .\CortexM3\ARM_GCC_541\Debug\list.o
 .debug_line    0x0000021c      0x726 .\CortexM3\ARM_GCC_541\Debug\queue.o
 .debug_line    0x00000942      0x51e .\CortexM3\ARM_GCC_541\Debug\stream_buffer.o
 .debug_line    0x00000e60      0xada .\CortexM3\ARM_GCC_541\Debug\tasks.o
 .debug_line    0x0000193a      0x13f .\CortexM3\ARM_GCC_541\Debug\timers.o
 .debug_line    0x00001a79      0x2d6 .\CortexM3\ARM_GCC_541\Debug\port.o
 .debug_line    0x00001d4f      0x2cd .\CortexM3\ARM_GCC_541\Debug\heap_2.o
 .debug_line    0x0000201c      0x23d .\CortexM3\ARM_GCC_541\Debug\main.o
 .debug_line    0x00002259      0x202 .\CortexM3\ARM_GCC_541\Debug\i2cReaction.o
 .debug_line    0x0000245b      0x79d .\CortexM3\ARM_GCC_541\Debug\mpu_wrappers.o
 .debug_line    0x00002bf8      0x1e8 .\CortexM3\ARM_GCC_541\Debug\cyfitter_cfg.o
 .debug_line    0x00002de0      0x141 .\CortexM3\ARM_GCC_541\Debug\cymetadata.o
 .debug_line    0x00002f21      0x1dc .\CortexM3\ARM_GCC_541\Debug\Cm3Start.o
 .debug_line    0x000030fd      0x883 .\CortexM3\ARM_GCC_541\Debug\TestLegePlads.a(CyLib.o)
 .debug_line    0x00003980      0x38e .\CortexM3\ARM_GCC_541\Debug\TestLegePlads.a(cyPm.o)
 .debug_line    0x00003d0e       0x98 .\CortexM3\ARM_GCC_541\Debug\TestLegePlads.a(Pin_LED0.o)
 .debug_line    0x00003da6       0xd5 .\CortexM3\ARM_GCC_541\Debug\TestLegePlads.a(I2C.o)
 .debug_line    0x00003e7b      0x13b .\CortexM3\ARM_GCC_541\Debug\TestLegePlads.a(I2C_INT.o)
 .debug_line    0x00003fb6       0xbb .\CortexM3\ARM_GCC_541\Debug\TestLegePlads.a(I2C_PM.o)
 .debug_line    0x00004071      0x1e8 .\CortexM3\ARM_GCC_541\Debug\TestLegePlads.a(I2C_MASTER.o)
 .debug_line    0x00004259       0x98 .\CortexM3\ARM_GCC_541\Debug\TestLegePlads.a(Pin_LED1.o)
 .debug_line    0x000042f1       0x98 .\CortexM3\ARM_GCC_541\Debug\TestLegePlads.a(Pin_LED2.o)
 .debug_line    0x00004389       0x98 .\CortexM3\ARM_GCC_541\Debug\TestLegePlads.a(Pin_LED3.o)
 .debug_line    0x00004421       0x66 .\CortexM3\ARM_GCC_541\Debug\TestLegePlads.a(CyBootAsmGnu.o)
 .debug_line    0x00004487      0x22f .\CortexM3\ARM_GCC_541\Debug\TestLegePlads.a(CyFlash.o)
 .debug_line    0x000046b6      0x231 .\CortexM3\ARM_GCC_541\Debug\TestLegePlads.a(CySpc.o)

.debug_frame    0x00000000     0x3a70
 *(.debug_frame)
 .debug_frame   0x00000000       0xd8 .\CortexM3\ARM_GCC_541\Debug\list.o
 .debug_frame   0x000000d8      0x4e8 .\CortexM3\ARM_GCC_541\Debug\queue.o
 .debug_frame   0x000005c0      0x358 .\CortexM3\ARM_GCC_541\Debug\stream_buffer.o
 .debug_frame   0x00000918      0x868 .\CortexM3\ARM_GCC_541\Debug\tasks.o
 .debug_frame   0x00001180      0x16c .\CortexM3\ARM_GCC_541\Debug\port.o
 .debug_frame   0x000012ec       0xd0 .\CortexM3\ARM_GCC_541\Debug\heap_2.o
 .debug_frame   0x000013bc       0xa8 .\CortexM3\ARM_GCC_541\Debug\main.o
 .debug_frame   0x00001464       0x50 .\CortexM3\ARM_GCC_541\Debug\i2cReaction.o
 .debug_frame   0x000014b4      0xa10 .\CortexM3\ARM_GCC_541\Debug\mpu_wrappers.o
 .debug_frame   0x00001ec4      0x16c .\CortexM3\ARM_GCC_541\Debug\cyfitter_cfg.o
 .debug_frame   0x00002030       0xd8 .\CortexM3\ARM_GCC_541\Debug\Cm3Start.o
 .debug_frame   0x00002108      0xc0c .\CortexM3\ARM_GCC_541\Debug\TestLegePlads.a(CyLib.o)
 .debug_frame   0x00002d14      0x234 .\CortexM3\ARM_GCC_541\Debug\TestLegePlads.a(cyPm.o)
 .debug_frame   0x00002f48       0xa8 .\CortexM3\ARM_GCC_541\Debug\TestLegePlads.a(Pin_LED0.o)
 .debug_frame   0x00002ff0       0x98 .\CortexM3\ARM_GCC_541\Debug\TestLegePlads.a(I2C.o)
 .debug_frame   0x00003088       0x38 .\CortexM3\ARM_GCC_541\Debug\TestLegePlads.a(I2C_INT.o)
 .debug_frame   0x000030c0       0x94 .\CortexM3\ARM_GCC_541\Debug\TestLegePlads.a(I2C_PM.o)
 .debug_frame   0x00003154      0x208 .\CortexM3\ARM_GCC_541\Debug\TestLegePlads.a(I2C_MASTER.o)
 .debug_frame   0x0000335c       0xa8 .\CortexM3\ARM_GCC_541\Debug\TestLegePlads.a(Pin_LED1.o)
 .debug_frame   0x00003404       0xa8 .\CortexM3\ARM_GCC_541\Debug\TestLegePlads.a(Pin_LED2.o)
 .debug_frame   0x000034ac       0xa8 .\CortexM3\ARM_GCC_541\Debug\TestLegePlads.a(Pin_LED3.o)
 .debug_frame   0x00003554      0x238 .\CortexM3\ARM_GCC_541\Debug\TestLegePlads.a(CyFlash.o)
 .debug_frame   0x0000378c      0x228 .\CortexM3\ARM_GCC_541\Debug\TestLegePlads.a(CySpc.o)
 .debug_frame   0x000039b4       0x20 c:/program files (x86)/cypress/psoc creator/4.3/psoc creator/import/gnu/arm/5.4.1/bin/../lib/gcc/arm-none-eabi/5.4.1/../../../../arm-none-eabi/lib/armv7-m\libg_nano.a(lib_a-errno.o)
 .debug_frame   0x000039d4       0x28 c:/program files (x86)/cypress/psoc creator/4.3/psoc creator/import/gnu/arm/5.4.1/bin/../lib/gcc/arm-none-eabi/5.4.1/../../../../arm-none-eabi/lib/armv7-m\libg_nano.a(lib_a-exit.o)
 .debug_frame   0x000039fc       0x2c c:/program files (x86)/cypress/psoc creator/4.3/psoc creator/import/gnu/arm/5.4.1/bin/../lib/gcc/arm-none-eabi/5.4.1/../../../../arm-none-eabi/lib/armv7-m\libg_nano.a(lib_a-init.o)
 .debug_frame   0x00003a28       0x28 c:/program files (x86)/cypress/psoc creator/4.3/psoc creator/import/gnu/arm/5.4.1/bin/../lib/gcc/arm-none-eabi/5.4.1/../../../../arm-none-eabi/lib/armv7-m\libg_nano.a(lib_a-memcpy-stub.o)
 .debug_frame   0x00003a50       0x20 c:/program files (x86)/cypress/psoc creator/4.3/psoc creator/import/gnu/arm/5.4.1/bin/../lib/gcc/arm-none-eabi/5.4.1/../../../../arm-none-eabi/lib/armv7-m\libg_nano.a(lib_a-memset.o)

.debug_str      0x00000000     0x34db
 *(.debug_str)
 .debug_str     0x00000000      0x29c .\CortexM3\ARM_GCC_541\Debug\list.o
                                0x2f8 (size before relaxing)
 .debug_str     0x0000029c      0x52a .\CortexM3\ARM_GCC_541\Debug\queue.o
                                0x919 (size before relaxing)
 .debug_str     0x000007c6      0x346 .\CortexM3\ARM_GCC_541\Debug\stream_buffer.o
                                0x75e (size before relaxing)
 .debug_str     0x00000b0c      0x97c .\CortexM3\ARM_GCC_541\Debug\tasks.o
                                0xf1d (size before relaxing)
 .debug_str     0x00001488       0x10 .\CortexM3\ARM_GCC_541\Debug\timers.o
                                0x1a7 (size before relaxing)
 .debug_str     0x00001498      0x11c .\CortexM3\ARM_GCC_541\Debug\port.o
                                0x35c (size before relaxing)
 .debug_str     0x000015b4      0x130 .\CortexM3\ARM_GCC_541\Debug\heap_2.o
                                0x360 (size before relaxing)
 .debug_str     0x000016e4       0x5c .\CortexM3\ARM_GCC_541\Debug\main.o
                                0x2f2 (size before relaxing)
 .debug_str     0x00001740       0x77 .\CortexM3\ARM_GCC_541\Debug\i2cReaction.o
                                0x27a (size before relaxing)
 .debug_str     0x000017b7      0x75c .\CortexM3\ARM_GCC_541\Debug\mpu_wrappers.o
                                0xdaa (size before relaxing)
 .debug_str     0x00001f13      0x16e .\CortexM3\ARM_GCC_541\Debug\cyfitter_cfg.o
                                0x300 (size before relaxing)
 .debug_str     0x00002081       0x75 .\CortexM3\ARM_GCC_541\Debug\cymetadata.o
                                0x1e1 (size before relaxing)
 .debug_str     0x000020f6      0x109 .\CortexM3\ARM_GCC_541\Debug\Cm3Start.o
                                0x2d4 (size before relaxing)
 .debug_str     0x000021ff      0x806 .\CortexM3\ARM_GCC_541\Debug\TestLegePlads.a(CyLib.o)
                                0x9e7 (size before relaxing)
 .debug_str     0x00002a05      0x371 .\CortexM3\ARM_GCC_541\Debug\TestLegePlads.a(cyPm.o)
                                0x540 (size before relaxing)
 .debug_str     0x00002d76       0x75 .\CortexM3\ARM_GCC_541\Debug\TestLegePlads.a(Pin_LED0.o)
                                0x1ee (size before relaxing)
 .debug_str     0x00002deb       0xe3 .\CortexM3\ARM_GCC_541\Debug\TestLegePlads.a(I2C.o)
                                0x283 (size before relaxing)
 .debug_str     0x00002ece       0x86 .\CortexM3\ARM_GCC_541\Debug\TestLegePlads.a(I2C_INT.o)
                                0x255 (size before relaxing)
 .debug_str     0x00002f54       0x56 .\CortexM3\ARM_GCC_541\Debug\TestLegePlads.a(I2C_PM.o)
                                0x239 (size before relaxing)
 .debug_str     0x00002faa      0x170 .\CortexM3\ARM_GCC_541\Debug\TestLegePlads.a(I2C_MASTER.o)
                                0x3a1 (size before relaxing)
 .debug_str     0x0000311a       0x6a .\CortexM3\ARM_GCC_541\Debug\TestLegePlads.a(Pin_LED1.o)
                                0x1ee (size before relaxing)
 .debug_str     0x00003184       0x6a .\CortexM3\ARM_GCC_541\Debug\TestLegePlads.a(Pin_LED2.o)
                                0x1ee (size before relaxing)
 .debug_str     0x000031ee       0x6a .\CortexM3\ARM_GCC_541\Debug\TestLegePlads.a(Pin_LED3.o)
                                0x1ee (size before relaxing)
 .debug_str     0x00003258      0x156 .\CortexM3\ARM_GCC_541\Debug\TestLegePlads.a(CyFlash.o)
                                0x304 (size before relaxing)
 .debug_str     0x000033ae      0x12d .\CortexM3\ARM_GCC_541\Debug\TestLegePlads.a(CySpc.o)
                                0x2fe (size before relaxing)

.debug_loc
 *(.debug_loc)

.debug_macinfo
 *(.debug_macinfo)

.debug_ranges   0x00000000      0xc70
 *(.debug_ranges)
 .debug_ranges  0x00000000       0x30 .\CortexM3\ARM_GCC_541\Debug\list.o
 .debug_ranges  0x00000030      0x100 .\CortexM3\ARM_GCC_541\Debug\queue.o
 .debug_ranges  0x00000130       0xb0 .\CortexM3\ARM_GCC_541\Debug\stream_buffer.o
 .debug_ranges  0x000001e0      0x1b8 .\CortexM3\ARM_GCC_541\Debug\tasks.o
 .debug_ranges  0x00000398       0x60 .\CortexM3\ARM_GCC_541\Debug\port.o
 .debug_ranges  0x000003f8       0x30 .\CortexM3\ARM_GCC_541\Debug\heap_2.o
 .debug_ranges  0x00000428       0x30 .\CortexM3\ARM_GCC_541\Debug\main.o
 .debug_ranges  0x00000458       0x18 .\CortexM3\ARM_GCC_541\Debug\i2cReaction.o
 .debug_ranges  0x00000470      0x208 .\CortexM3\ARM_GCC_541\Debug\mpu_wrappers.o
 .debug_ranges  0x00000678       0x50 .\CortexM3\ARM_GCC_541\Debug\cyfitter_cfg.o
 .debug_ranges  0x000006c8       0x38 .\CortexM3\ARM_GCC_541\Debug\Cm3Start.o
 .debug_ranges  0x00000700      0x290 .\CortexM3\ARM_GCC_541\Debug\TestLegePlads.a(CyLib.o)
 .debug_ranges  0x00000990       0x88 .\CortexM3\ARM_GCC_541\Debug\TestLegePlads.a(cyPm.o)
 .debug_ranges  0x00000a18       0x28 .\CortexM3\ARM_GCC_541\Debug\TestLegePlads.a(Pin_LED0.o)
 .debug_ranges  0x00000a40       0x28 .\CortexM3\ARM_GCC_541\Debug\TestLegePlads.a(I2C.o)
 .debug_ranges  0x00000a68       0x10 .\CortexM3\ARM_GCC_541\Debug\TestLegePlads.a(I2C_INT.o)
 .debug_ranges  0x00000a78       0x28 .\CortexM3\ARM_GCC_541\Debug\TestLegePlads.a(I2C_PM.o)
 .debug_ranges  0x00000aa0       0x70 .\CortexM3\ARM_GCC_541\Debug\TestLegePlads.a(I2C_MASTER.o)
 .debug_ranges  0x00000b10       0x28 .\CortexM3\ARM_GCC_541\Debug\TestLegePlads.a(Pin_LED1.o)
 .debug_ranges  0x00000b38       0x28 .\CortexM3\ARM_GCC_541\Debug\TestLegePlads.a(Pin_LED2.o)
 .debug_ranges  0x00000b60       0x28 .\CortexM3\ARM_GCC_541\Debug\TestLegePlads.a(Pin_LED3.o)
 .debug_ranges  0x00000b88       0x78 .\CortexM3\ARM_GCC_541\Debug\TestLegePlads.a(CyFlash.o)
 .debug_ranges  0x00000c00       0x70 .\CortexM3\ARM_GCC_541\Debug\TestLegePlads.a(CySpc.o)

.comment        0x00000000       0x6e
 .comment       0x00000000       0x6e .\CortexM3\ARM_GCC_541\Debug\list.o
                                 0x6f (size before relaxing)
 .comment       0x0000006e       0x6f .\CortexM3\ARM_GCC_541\Debug\queue.o
 .comment       0x0000006e       0x6f .\CortexM3\ARM_GCC_541\Debug\stream_buffer.o
 .comment       0x0000006e       0x6f .\CortexM3\ARM_GCC_541\Debug\tasks.o
 .comment       0x0000006e       0x6f .\CortexM3\ARM_GCC_541\Debug\timers.o
 .comment       0x0000006e       0x6f .\CortexM3\ARM_GCC_541\Debug\port.o
 .comment       0x0000006e       0x6f .\CortexM3\ARM_GCC_541\Debug\heap_2.o
 .comment       0x0000006e       0x6f .\CortexM3\ARM_GCC_541\Debug\main.o
 .comment       0x0000006e       0x6f .\CortexM3\ARM_GCC_541\Debug\i2cReaction.o
 .comment       0x0000006e       0x6f .\CortexM3\ARM_GCC_541\Debug\mpu_wrappers.o
 .comment       0x0000006e       0x6f .\CortexM3\ARM_GCC_541\Debug\cyfitter_cfg.o
 .comment       0x0000006e       0x6f .\CortexM3\ARM_GCC_541\Debug\cymetadata.o
 .comment       0x0000006e       0x6f .\CortexM3\ARM_GCC_541\Debug\Cm3Start.o
 .comment       0x0000006e       0x6f .\CortexM3\ARM_GCC_541\Debug\TestLegePlads.a(CyLib.o)
 .comment       0x0000006e       0x6f .\CortexM3\ARM_GCC_541\Debug\TestLegePlads.a(cyPm.o)
 .comment       0x0000006e       0x6f .\CortexM3\ARM_GCC_541\Debug\TestLegePlads.a(Pin_LED0.o)
 .comment       0x0000006e       0x6f .\CortexM3\ARM_GCC_541\Debug\TestLegePlads.a(I2C.o)
 .comment       0x0000006e       0x6f .\CortexM3\ARM_GCC_541\Debug\TestLegePlads.a(I2C_INT.o)
 .comment       0x0000006e       0x6f .\CortexM3\ARM_GCC_541\Debug\TestLegePlads.a(I2C_PM.o)
 .comment       0x0000006e       0x6f .\CortexM3\ARM_GCC_541\Debug\TestLegePlads.a(I2C_MASTER.o)
 .comment       0x0000006e       0x6f .\CortexM3\ARM_GCC_541\Debug\TestLegePlads.a(Pin_LED1.o)
 .comment       0x0000006e       0x6f .\CortexM3\ARM_GCC_541\Debug\TestLegePlads.a(Pin_LED2.o)
 .comment       0x0000006e       0x6f .\CortexM3\ARM_GCC_541\Debug\TestLegePlads.a(Pin_LED3.o)
 .comment       0x0000006e       0x6f .\CortexM3\ARM_GCC_541\Debug\TestLegePlads.a(CyFlash.o)
 .comment       0x0000006e       0x6f .\CortexM3\ARM_GCC_541\Debug\TestLegePlads.a(CySpc.o)

.debug_weaknames
 *(.debug_weaknames)

.debug_funcnames
 *(.debug_funcnames)

.debug_typenames
 *(.debug_typenames)

.debug_varnames
 *(.debug_varnames)

.note.gnu.arm.ident
 *(.note.gnu.arm.ident)

.ARM.attributes
                0x00000000       0x29
 *(.ARM.attributes)
 .ARM.attributes
                0x00000000       0x1d c:/program files (x86)/cypress/psoc creator/4.3/psoc creator/import/gnu/arm/5.4.1/bin/../lib/gcc/arm-none-eabi/5.4.1/armv7-m/crti.o
 .ARM.attributes
                0x0000001d       0x2d c:/program files (x86)/cypress/psoc creator/4.3/psoc creator/import/gnu/arm/5.4.1/bin/../lib/gcc/arm-none-eabi/5.4.1/armv7-m/crtbegin.o
 .ARM.attributes
                0x0000004a       0x1b c:/program files (x86)/cypress/psoc creator/4.3/psoc creator/import/gnu/arm/5.4.1/bin/../lib/gcc/arm-none-eabi/5.4.1/../../../../arm-none-eabi/lib/armv7-m/crt0.o
 .ARM.attributes
                0x00000065       0x33 .\CortexM3\ARM_GCC_541\Debug\list.o
 .ARM.attributes
                0x00000098       0x33 .\CortexM3\ARM_GCC_541\Debug\queue.o
 .ARM.attributes
                0x000000cb       0x33 .\CortexM3\ARM_GCC_541\Debug\stream_buffer.o
 .ARM.attributes
                0x000000fe       0x33 .\CortexM3\ARM_GCC_541\Debug\tasks.o
 .ARM.attributes
                0x00000131       0x33 .\CortexM3\ARM_GCC_541\Debug\timers.o
 .ARM.attributes
                0x00000164       0x33 .\CortexM3\ARM_GCC_541\Debug\port.o
 .ARM.attributes
                0x00000197       0x33 .\CortexM3\ARM_GCC_541\Debug\heap_2.o
 .ARM.attributes
                0x000001ca       0x33 .\CortexM3\ARM_GCC_541\Debug\main.o
 .ARM.attributes
                0x000001fd       0x33 .\CortexM3\ARM_GCC_541\Debug\i2cReaction.o
 .ARM.attributes
                0x00000230       0x33 .\CortexM3\ARM_GCC_541\Debug\mpu_wrappers.o
 .ARM.attributes
                0x00000263       0x33 .\CortexM3\ARM_GCC_541\Debug\cyfitter_cfg.o
 .ARM.attributes
                0x00000296       0x33 .\CortexM3\ARM_GCC_541\Debug\cymetadata.o
 .ARM.attributes
                0x000002c9       0x33 .\CortexM3\ARM_GCC_541\Debug\Cm3Start.o
 .ARM.attributes
                0x000002fc       0x33 .\CortexM3\ARM_GCC_541\Debug\TestLegePlads.a(CyLib.o)
 .ARM.attributes
                0x0000032f       0x33 .\CortexM3\ARM_GCC_541\Debug\TestLegePlads.a(cyPm.o)
 .ARM.attributes
                0x00000362       0x33 .\CortexM3\ARM_GCC_541\Debug\TestLegePlads.a(Pin_LED0.o)
 .ARM.attributes
                0x00000395       0x33 .\CortexM3\ARM_GCC_541\Debug\TestLegePlads.a(I2C.o)
 .ARM.attributes
                0x000003c8       0x33 .\CortexM3\ARM_GCC_541\Debug\TestLegePlads.a(I2C_INT.o)
 .ARM.attributes
                0x000003fb       0x33 .\CortexM3\ARM_GCC_541\Debug\TestLegePlads.a(I2C_PM.o)
 .ARM.attributes
                0x0000042e       0x33 .\CortexM3\ARM_GCC_541\Debug\TestLegePlads.a(I2C_MASTER.o)
 .ARM.attributes
                0x00000461       0x33 .\CortexM3\ARM_GCC_541\Debug\TestLegePlads.a(Pin_LED1.o)
 .ARM.attributes
                0x00000494       0x33 .\CortexM3\ARM_GCC_541\Debug\TestLegePlads.a(Pin_LED2.o)
 .ARM.attributes
                0x000004c7       0x33 .\CortexM3\ARM_GCC_541\Debug\TestLegePlads.a(Pin_LED3.o)
 .ARM.attributes
                0x000004fa       0x21 .\CortexM3\ARM_GCC_541\Debug\TestLegePlads.a(CyBootAsmGnu.o)
 .ARM.attributes
                0x0000051b       0x33 .\CortexM3\ARM_GCC_541\Debug\TestLegePlads.a(CyFlash.o)
 .ARM.attributes
                0x0000054e       0x33 .\CortexM3\ARM_GCC_541\Debug\TestLegePlads.a(CySpc.o)
 .ARM.attributes
                0x00000581       0x2d c:/program files (x86)/cypress/psoc creator/4.3/psoc creator/import/gnu/arm/5.4.1/bin/../lib/gcc/arm-none-eabi/5.4.1/../../../../arm-none-eabi/lib/armv7-m\libg_nano.a(lib_a-errno.o)
 .ARM.attributes
                0x000005ae       0x2d c:/program files (x86)/cypress/psoc creator/4.3/psoc creator/import/gnu/arm/5.4.1/bin/../lib/gcc/arm-none-eabi/5.4.1/../../../../arm-none-eabi/lib/armv7-m\libg_nano.a(lib_a-exit.o)
 .ARM.attributes
                0x000005db       0x2d c:/program files (x86)/cypress/psoc creator/4.3/psoc creator/import/gnu/arm/5.4.1/bin/../lib/gcc/arm-none-eabi/5.4.1/../../../../arm-none-eabi/lib/armv7-m\libg_nano.a(lib_a-impure.o)
 .ARM.attributes
                0x00000608       0x2d c:/program files (x86)/cypress/psoc creator/4.3/psoc creator/import/gnu/arm/5.4.1/bin/../lib/gcc/arm-none-eabi/5.4.1/../../../../arm-none-eabi/lib/armv7-m\libg_nano.a(lib_a-init.o)
 .ARM.attributes
                0x00000635       0x2d c:/program files (x86)/cypress/psoc creator/4.3/psoc creator/import/gnu/arm/5.4.1/bin/../lib/gcc/arm-none-eabi/5.4.1/../../../../arm-none-eabi/lib/armv7-m\libg_nano.a(lib_a-memcpy-stub.o)
 .ARM.attributes
                0x00000662       0x2d c:/program files (x86)/cypress/psoc creator/4.3/psoc creator/import/gnu/arm/5.4.1/bin/../lib/gcc/arm-none-eabi/5.4.1/../../../../arm-none-eabi/lib/armv7-m\libg_nano.a(lib_a-memset.o)
 .ARM.attributes
                0x0000068f       0x2d c:/program files (x86)/cypress/psoc creator/4.3/psoc creator/import/gnu/arm/5.4.1/bin/../lib/gcc/arm-none-eabi/5.4.1/armv7-m/crtend.o
 .ARM.attributes
                0x000006bc       0x1d c:/program files (x86)/cypress/psoc creator/4.3/psoc creator/import/gnu/arm/5.4.1/bin/../lib/gcc/arm-none-eabi/5.4.1/armv7-m/crtn.o

/DISCARD/
 *(.note.GNU-stack)
OUTPUT(C:\Code\PSoCProjector\RTOS_TEMPLATE-master\TestLegePlads.cydsn\CortexM3\ARM_GCC_541\Debug\TestLegePlads.elf elf32-littlearm)
