Archive member included to satisfy reference by file (symbol)

.\CortexM3\ARM_GCC_541\Debug\SCD30.a(CyLib.o)
                              .\CortexM3\ARM_GCC_541\Debug\Cm3Start.o (CyHalt)
.\CortexM3\ARM_GCC_541\Debug\SCD30.a(cyPm.o)
                              .\CortexM3\ARM_GCC_541\Debug\SCD30.a(CyLib.o) (CyPmReadStatus)
.\CortexM3\ARM_GCC_541\Debug\SCD30.a(I2C.o)
                              .\CortexM3\ARM_GCC_541\Debug\main.o (I2C_Start)
.\CortexM3\ARM_GCC_541\Debug\SCD30.a(I2C_INT.o)
                              .\CortexM3\ARM_GCC_541\Debug\SCD30.a(I2C.o) (I2C_ISR)
.\CortexM3\ARM_GCC_541\Debug\SCD30.a(I2C_PM.o)
                              .\CortexM3\ARM_GCC_541\Debug\SCD30.a(I2C.o) (I2C_backup)
.\CortexM3\ARM_GCC_541\Debug\SCD30.a(I2C_MASTER.o)
                              .\CortexM3\ARM_GCC_541\Debug\SCD30.o (I2C_MasterWriteBuf)
.\CortexM3\ARM_GCC_541\Debug\SCD30.a(UART.o)
                              .\CortexM3\ARM_GCC_541\Debug\main.o (UART_Start)
.\CortexM3\ARM_GCC_541\Debug\SCD30.a(CyBootAsmGnu.o)
                              .\CortexM3\ARM_GCC_541\Debug\cyfitter_cfg.o (CyDelayCycles)
.\CortexM3\ARM_GCC_541\Debug\SCD30.a(UART_AsmGnu.o)
                              .\CortexM3\ARM_GCC_541\Debug\SCD30.a(UART.o) (UART_PutChar)
.\CortexM3\ARM_GCC_541\Debug\SCD30.a(CyFlash.o)
                              .\CortexM3\ARM_GCC_541\Debug\SCD30.a(cyPm.o) (CyFlash_SetWaitCycles)
.\CortexM3\ARM_GCC_541\Debug\SCD30.a(CySpc.o)
                              .\CortexM3\ARM_GCC_541\Debug\SCD30.a(CyFlash.o) (CySpcStart)
c:/program files (x86)/cypress/psoc creator/4.3/psoc creator/import/gnu/arm/5.4.1/bin/../lib/gcc/arm-none-eabi/5.4.1/armv7-m\libgcc.a(_udivsi3.o)
                              .\CortexM3\ARM_GCC_541\Debug\SCD30.a(UART_AsmGnu.o) (__aeabi_uidiv)
c:/program files (x86)/cypress/psoc creator/4.3/psoc creator/import/gnu/arm/5.4.1/bin/../lib/gcc/arm-none-eabi/5.4.1/armv7-m\libgcc.a(_dvmd_tls.o)
                              c:/program files (x86)/cypress/psoc creator/4.3/psoc creator/import/gnu/arm/5.4.1/bin/../lib/gcc/arm-none-eabi/5.4.1/armv7-m\libgcc.a(_udivsi3.o) (__aeabi_idiv0)
c:/program files (x86)/cypress/psoc creator/4.3/psoc creator/import/gnu/arm/5.4.1/bin/../lib/gcc/arm-none-eabi/5.4.1/armv7-m\libgcc.a(_arm_fixunssfsi.o)
                              .\CortexM3\ARM_GCC_541\Debug\main.o (__aeabi_f2uiz)
c:/program files (x86)/cypress/psoc creator/4.3/psoc creator/import/gnu/arm/5.4.1/bin/../lib/gcc/arm-none-eabi/5.4.1/../../../../arm-none-eabi/lib/armv7-m\libg_nano.a(lib_a-errno.o)
                              .\CortexM3\ARM_GCC_541\Debug\Cm3Start.o (__errno)
c:/program files (x86)/cypress/psoc creator/4.3/psoc creator/import/gnu/arm/5.4.1/bin/../lib/gcc/arm-none-eabi/5.4.1/../../../../arm-none-eabi/lib/armv7-m\libg_nano.a(lib_a-exit.o)
                              c:/program files (x86)/cypress/psoc creator/4.3/psoc creator/import/gnu/arm/5.4.1/bin/../lib/gcc/arm-none-eabi/5.4.1/../../../../arm-none-eabi/lib/armv7-m/crt0.o (exit)
c:/program files (x86)/cypress/psoc creator/4.3/psoc creator/import/gnu/arm/5.4.1/bin/../lib/gcc/arm-none-eabi/5.4.1/../../../../arm-none-eabi/lib/armv7-m\libg_nano.a(lib_a-impure.o)
                              c:/program files (x86)/cypress/psoc creator/4.3/psoc creator/import/gnu/arm/5.4.1/bin/../lib/gcc/arm-none-eabi/5.4.1/../../../../arm-none-eabi/lib/armv7-m\libg_nano.a(lib_a-exit.o) (_global_impure_ptr)
c:/program files (x86)/cypress/psoc creator/4.3/psoc creator/import/gnu/arm/5.4.1/bin/../lib/gcc/arm-none-eabi/5.4.1/../../../../arm-none-eabi/lib/armv7-m\libg_nano.a(lib_a-init.o)
                              c:/program files (x86)/cypress/psoc creator/4.3/psoc creator/import/gnu/arm/5.4.1/bin/../lib/gcc/arm-none-eabi/5.4.1/../../../../arm-none-eabi/lib/armv7-m/crt0.o (__libc_init_array)
c:/program files (x86)/cypress/psoc creator/4.3/psoc creator/import/gnu/arm/5.4.1/bin/../lib/gcc/arm-none-eabi/5.4.1/../../../../arm-none-eabi/lib/armv7-m\libg_nano.a(lib_a-memcpy-stub.o)
                              .\CortexM3\ARM_GCC_541\Debug\cyfitter_cfg.o (memcpy)
c:/program files (x86)/cypress/psoc creator/4.3/psoc creator/import/gnu/arm/5.4.1/bin/../lib/gcc/arm-none-eabi/5.4.1/../../../../arm-none-eabi/lib/armv7-m\libg_nano.a(lib_a-memset.o)
                              c:/program files (x86)/cypress/psoc creator/4.3/psoc creator/import/gnu/arm/5.4.1/bin/../lib/gcc/arm-none-eabi/5.4.1/../../../../arm-none-eabi/lib/armv7-m/crt0.o (memset)

Allocating common symbols
Common symbol       size              file

I2C_state           0x1               .\CortexM3\ARM_GCC_541\Debug\SCD30.a(I2C.o)
I2C_mstrWrBufIndex  0x1               .\CortexM3\ARM_GCC_541\Debug\SCD30.a(I2C_MASTER.o)
I2C_mstrWrBufSize   0x1               .\CortexM3\ARM_GCC_541\Debug\SCD30.a(I2C_MASTER.o)
I2C_mstrStatus      0x1               .\CortexM3\ARM_GCC_541\Debug\SCD30.a(I2C_MASTER.o)
I2C_mstrRdBufPtr    0x4               .\CortexM3\ARM_GCC_541\Debug\SCD30.a(I2C_MASTER.o)
I2C_mstrControl     0x1               .\CortexM3\ARM_GCC_541\Debug\SCD30.a(I2C_MASTER.o)
I2C_mstrRdBufSize   0x1               .\CortexM3\ARM_GCC_541\Debug\SCD30.a(I2C_MASTER.o)
I2C_mstrRdBufIndex  0x1               .\CortexM3\ARM_GCC_541\Debug\SCD30.a(I2C_MASTER.o)
I2C_mstrWrBufPtr    0x4               .\CortexM3\ARM_GCC_541\Debug\SCD30.a(I2C_MASTER.o)
dieTemperature      0x2               .\CortexM3\ARM_GCC_541\Debug\SCD30.a(CyFlash.o)

Discarded input sections

 .text          0x00000000        0x0 c:/program files (x86)/cypress/psoc creator/4.3/psoc creator/import/gnu/arm/5.4.1/bin/../lib/gcc/arm-none-eabi/5.4.1/armv7-m/crti.o
 .data          0x00000000        0x0 c:/program files (x86)/cypress/psoc creator/4.3/psoc creator/import/gnu/arm/5.4.1/bin/../lib/gcc/arm-none-eabi/5.4.1/armv7-m/crti.o
 .bss           0x00000000        0x0 c:/program files (x86)/cypress/psoc creator/4.3/psoc creator/import/gnu/arm/5.4.1/bin/../lib/gcc/arm-none-eabi/5.4.1/armv7-m/crti.o
 .data          0x00000000        0x4 c:/program files (x86)/cypress/psoc creator/4.3/psoc creator/import/gnu/arm/5.4.1/bin/../lib/gcc/arm-none-eabi/5.4.1/armv7-m/crtbegin.o
 .text          0x00000000       0x74 c:/program files (x86)/cypress/psoc creator/4.3/psoc creator/import/gnu/arm/5.4.1/bin/../lib/gcc/arm-none-eabi/5.4.1/../../../../arm-none-eabi/lib/armv7-m/crt0.o
 .data          0x00000000        0x0 c:/program files (x86)/cypress/psoc creator/4.3/psoc creator/import/gnu/arm/5.4.1/bin/../lib/gcc/arm-none-eabi/5.4.1/../../../../arm-none-eabi/lib/armv7-m/crt0.o
 .bss           0x00000000        0x0 c:/program files (x86)/cypress/psoc creator/4.3/psoc creator/import/gnu/arm/5.4.1/bin/../lib/gcc/arm-none-eabi/5.4.1/../../../../arm-none-eabi/lib/armv7-m/crt0.o
 .ARM.extab     0x00000000        0x0 c:/program files (x86)/cypress/psoc creator/4.3/psoc creator/import/gnu/arm/5.4.1/bin/../lib/gcc/arm-none-eabi/5.4.1/../../../../arm-none-eabi/lib/armv7-m/crt0.o
 .ARM.exidx     0x00000000        0x8 c:/program files (x86)/cypress/psoc creator/4.3/psoc creator/import/gnu/arm/5.4.1/bin/../lib/gcc/arm-none-eabi/5.4.1/../../../../arm-none-eabi/lib/armv7-m/crt0.o
 .text          0x00000000        0x0 .\CortexM3\ARM_GCC_541\Debug\main.o
 .data          0x00000000        0x0 .\CortexM3\ARM_GCC_541\Debug\main.o
 .bss           0x00000000        0x0 .\CortexM3\ARM_GCC_541\Debug\main.o
 .text          0x00000000        0x0 .\CortexM3\ARM_GCC_541\Debug\SCD30.o
 .data          0x00000000        0x1 .\CortexM3\ARM_GCC_541\Debug\SCD30.o
 .bss           0x00000000        0x0 .\CortexM3\ARM_GCC_541\Debug\SCD30.o
 .text.SCD30_stopMeasurement
                0x00000000        0xc .\CortexM3\ARM_GCC_541\Debug\SCD30.o
 .text.SCD30_setTemperatureOffset
                0x00000000       0x10 .\CortexM3\ARM_GCC_541\Debug\SCD30.o
 .text.SCD30_setAutoSelfCalibration
                0x00000000       0x1c .\CortexM3\ARM_GCC_541\Debug\SCD30.o
 .text          0x00000000        0x0 .\CortexM3\ARM_GCC_541\Debug\cyfitter_cfg.o
 .data          0x00000000        0x0 .\CortexM3\ARM_GCC_541\Debug\cyfitter_cfg.o
 .bss           0x00000000        0x0 .\CortexM3\ARM_GCC_541\Debug\cyfitter_cfg.o
 .text.SetAnalogRoutingPumps
                0x00000000       0x10 .\CortexM3\ARM_GCC_541\Debug\cyfitter_cfg.o
 .text          0x00000000        0x0 .\CortexM3\ARM_GCC_541\Debug\cymetadata.o
 .data          0x00000000        0x0 .\CortexM3\ARM_GCC_541\Debug\cymetadata.o
 .bss           0x00000000        0x0 .\CortexM3\ARM_GCC_541\Debug\cymetadata.o
 .text          0x00000000        0x0 .\CortexM3\ARM_GCC_541\Debug\Cm3Start.o
 .data          0x00000000        0x4 .\CortexM3\ARM_GCC_541\Debug\Cm3Start.o
 .bss           0x00000000        0x0 .\CortexM3\ARM_GCC_541\Debug\Cm3Start.o
 .text._exit    0x00000000        0xc .\CortexM3\ARM_GCC_541\Debug\Cm3Start.o
 .text._sbrk    0x00000000       0x30 .\CortexM3\ARM_GCC_541\Debug\Cm3Start.o
 .text          0x00000000        0x0 .\CortexM3\ARM_GCC_541\Debug\SCD30.a(CyLib.o)
 .bss           0x00000000       0x1c .\CortexM3\ARM_GCC_541\Debug\SCD30.a(CyLib.o)
 .text.CyUSB_PowerOnCheck
                0x00000000       0x48 .\CortexM3\ARM_GCC_541\Debug\SCD30.a(CyLib.o)
 .text.CyBusClk_Internal_SetDivider
                0x00000000       0x48 .\CortexM3\ARM_GCC_541\Debug\SCD30.a(CyLib.o)
 .text.CyPLL_OUT_Stop
                0x00000000       0x10 .\CortexM3\ARM_GCC_541\Debug\SCD30.a(CyLib.o)
 .text.CyIMO_Stop
                0x00000000       0x1c .\CortexM3\ARM_GCC_541\Debug\SCD30.a(CyLib.o)
 .text.CyIMO_EnableDoubler
                0x00000000       0x10 .\CortexM3\ARM_GCC_541\Debug\SCD30.a(CyLib.o)
 .text.CyIMO_DisableDoubler
                0x00000000       0x10 .\CortexM3\ARM_GCC_541\Debug\SCD30.a(CyLib.o)
 .text.CyMasterClk_SetSource
                0x00000000       0x18 .\CortexM3\ARM_GCC_541\Debug\SCD30.a(CyLib.o)
 .text.CyMasterClk_SetDivider
                0x00000000        0xc .\CortexM3\ARM_GCC_541\Debug\SCD30.a(CyLib.o)
 .text.CyBusClk_SetDivider
                0x00000000       0x70 .\CortexM3\ARM_GCC_541\Debug\SCD30.a(CyLib.o)
 .text.CyUsbClk_SetSource
                0x00000000       0x18 .\CortexM3\ARM_GCC_541\Debug\SCD30.a(CyLib.o)
 .text.CyILO_Start1K
                0x00000000       0x10 .\CortexM3\ARM_GCC_541\Debug\SCD30.a(CyLib.o)
 .text.CyILO_Stop1K
                0x00000000       0x10 .\CortexM3\ARM_GCC_541\Debug\SCD30.a(CyLib.o)
 .text.CyILO_Start100K
                0x00000000       0x10 .\CortexM3\ARM_GCC_541\Debug\SCD30.a(CyLib.o)
 .text.CyILO_Stop100K
                0x00000000       0x10 .\CortexM3\ARM_GCC_541\Debug\SCD30.a(CyLib.o)
 .text.CyPLL_OUT_Start
                0x00000000       0x78 .\CortexM3\ARM_GCC_541\Debug\SCD30.a(CyLib.o)
 .text.CyIMO_Start
                0x00000000       0x60 .\CortexM3\ARM_GCC_541\Debug\SCD30.a(CyLib.o)
 .text.CyILO_Enable33K
                0x00000000       0x10 .\CortexM3\ARM_GCC_541\Debug\SCD30.a(CyLib.o)
 .text.CyILO_Disable33K
                0x00000000       0x10 .\CortexM3\ARM_GCC_541\Debug\SCD30.a(CyLib.o)
 .text.CyILO_SetSource
                0x00000000       0x18 .\CortexM3\ARM_GCC_541\Debug\SCD30.a(CyLib.o)
 .text.CyILO_SetPowerMode
                0x00000000       0x24 .\CortexM3\ARM_GCC_541\Debug\SCD30.a(CyLib.o)
 .text.CyXTAL_32KHZ_Stop
                0x00000000       0x30 .\CortexM3\ARM_GCC_541\Debug\SCD30.a(CyLib.o)
 .text.CyXTAL_32KHZ_ReadStatus
                0x00000000       0x10 .\CortexM3\ARM_GCC_541\Debug\SCD30.a(CyLib.o)
 .text.CyXTAL_Start
                0x00000000       0xac .\CortexM3\ARM_GCC_541\Debug\SCD30.a(CyLib.o)
 .text.CyXTAL_Stop
                0x00000000       0x10 .\CortexM3\ARM_GCC_541\Debug\SCD30.a(CyLib.o)
 .text.CyXTAL_EnableErrStatus
                0x00000000       0x10 .\CortexM3\ARM_GCC_541\Debug\SCD30.a(CyLib.o)
 .text.CyXTAL_DisableErrStatus
                0x00000000       0x10 .\CortexM3\ARM_GCC_541\Debug\SCD30.a(CyLib.o)
 .text.CyXTAL_ReadStatus
                0x00000000       0x18 .\CortexM3\ARM_GCC_541\Debug\SCD30.a(CyLib.o)
 .text.CyXTAL_EnableFaultRecovery
                0x00000000       0x10 .\CortexM3\ARM_GCC_541\Debug\SCD30.a(CyLib.o)
 .text.CyXTAL_DisableFaultRecovery
                0x00000000       0x10 .\CortexM3\ARM_GCC_541\Debug\SCD30.a(CyLib.o)
 .text.CyXTAL_SetStartup
                0x00000000       0x18 .\CortexM3\ARM_GCC_541\Debug\SCD30.a(CyLib.o)
 .text.CyXTAL_SetFbVoltage
                0x00000000       0x18 .\CortexM3\ARM_GCC_541\Debug\SCD30.a(CyLib.o)
 .text.CyXTAL_SetWdVoltage
                0x00000000       0x18 .\CortexM3\ARM_GCC_541\Debug\SCD30.a(CyLib.o)
 .text.CyPLL_OUT_SetPQ
                0x00000000       0x60 .\CortexM3\ARM_GCC_541\Debug\SCD30.a(CyLib.o)
 .text.CyPLL_OUT_SetSource
                0x00000000       0x34 .\CortexM3\ARM_GCC_541\Debug\SCD30.a(CyLib.o)
 .text.CyIMO_SetTrimValue
                0x00000000       0xcc .\CortexM3\ARM_GCC_541\Debug\SCD30.a(CyLib.o)
 .text.CyIMO_SetFreq
                0x00000000       0xf4 .\CortexM3\ARM_GCC_541\Debug\SCD30.a(CyLib.o)
 .text.CyIMO_SetSource
                0x00000000       0x58 .\CortexM3\ARM_GCC_541\Debug\SCD30.a(CyLib.o)
 .text.CySoftwareReset
                0x00000000       0x10 .\CortexM3\ARM_GCC_541\Debug\SCD30.a(CyLib.o)
 .text.CyDelayUs
                0x00000000       0x14 .\CortexM3\ARM_GCC_541\Debug\SCD30.a(CyLib.o)
 .text.CyXTAL_32KHZ_SetPowerMode
                0x00000000       0x84 .\CortexM3\ARM_GCC_541\Debug\SCD30.a(CyLib.o)
 .text.CyXTAL_32KHZ_Start
                0x00000000       0x74 .\CortexM3\ARM_GCC_541\Debug\SCD30.a(CyLib.o)
 .text.CyDelayFreq
                0x00000000       0x4c .\CortexM3\ARM_GCC_541\Debug\SCD30.a(CyLib.o)
 .text.CyWdtStart
                0x00000000       0x40 .\CortexM3\ARM_GCC_541\Debug\SCD30.a(CyLib.o)
 .text.CyWdtClear
                0x00000000        0xc .\CortexM3\ARM_GCC_541\Debug\SCD30.a(CyLib.o)
 .text.CyVdStickyStatus
                0x00000000       0x2c .\CortexM3\ARM_GCC_541\Debug\SCD30.a(CyLib.o)
 .text.CyVdLvDigitEnable
                0x00000000       0x84 .\CortexM3\ARM_GCC_541\Debug\SCD30.a(CyLib.o)
 .text.CyVdLvAnalogEnable
                0x00000000       0x80 .\CortexM3\ARM_GCC_541\Debug\SCD30.a(CyLib.o)
 .text.CyVdLvDigitDisable
                0x00000000       0x30 .\CortexM3\ARM_GCC_541\Debug\SCD30.a(CyLib.o)
 .text.CyVdLvAnalogDisable
                0x00000000       0x28 .\CortexM3\ARM_GCC_541\Debug\SCD30.a(CyLib.o)
 .text.CyVdHvAnalogEnable
                0x00000000       0x54 .\CortexM3\ARM_GCC_541\Debug\SCD30.a(CyLib.o)
 .text.CyVdHvAnalogDisable
                0x00000000       0x20 .\CortexM3\ARM_GCC_541\Debug\SCD30.a(CyLib.o)
 .text.CyVdRealTimeStatus
                0x00000000       0x1c .\CortexM3\ARM_GCC_541\Debug\SCD30.a(CyLib.o)
 .text.CyDisableInts
                0x00000000       0x1c .\CortexM3\ARM_GCC_541\Debug\SCD30.a(CyLib.o)
 .text.CyEnableInts
                0x00000000       0x18 .\CortexM3\ARM_GCC_541\Debug\SCD30.a(CyLib.o)
 .text.CyFlushCache
                0x00000000       0x44 .\CortexM3\ARM_GCC_541\Debug\SCD30.a(CyLib.o)
 .text.CyIntSetSysVector
                0x00000000       0x28 .\CortexM3\ARM_GCC_541\Debug\SCD30.a(CyLib.o)
 .text.CyIntGetSysVector
                0x00000000       0x20 .\CortexM3\ARM_GCC_541\Debug\SCD30.a(CyLib.o)
 .text.CyIntGetVector
                0x00000000       0x24 .\CortexM3\ARM_GCC_541\Debug\SCD30.a(CyLib.o)
 .text.CyIntGetPriority
                0x00000000       0x20 .\CortexM3\ARM_GCC_541\Debug\SCD30.a(CyLib.o)
 .text.CyIntGetState
                0x00000000       0x24 .\CortexM3\ARM_GCC_541\Debug\SCD30.a(CyLib.o)
 .text.CySysTickStop
                0x00000000       0x10 .\CortexM3\ARM_GCC_541\Debug\SCD30.a(CyLib.o)
 .text.CySysTickEnableInterrupt
                0x00000000       0x10 .\CortexM3\ARM_GCC_541\Debug\SCD30.a(CyLib.o)
 .text.CySysTickEnable
                0x00000000       0x18 .\CortexM3\ARM_GCC_541\Debug\SCD30.a(CyLib.o)
 .text.CySysTickDisableInterrupt
                0x00000000       0x10 .\CortexM3\ARM_GCC_541\Debug\SCD30.a(CyLib.o)
 .text.CySysTickSetReload
                0x00000000       0x10 .\CortexM3\ARM_GCC_541\Debug\SCD30.a(CyLib.o)
 .text.CySysTickGetReload
                0x00000000       0x10 .\CortexM3\ARM_GCC_541\Debug\SCD30.a(CyLib.o)
 .text.CySysTickGetValue
                0x00000000       0x10 .\CortexM3\ARM_GCC_541\Debug\SCD30.a(CyLib.o)
 .text.CySysTickSetClockSource
                0x00000000       0x20 .\CortexM3\ARM_GCC_541\Debug\SCD30.a(CyLib.o)
 .text.CySysTickGetClockSource
                0x00000000       0x10 .\CortexM3\ARM_GCC_541\Debug\SCD30.a(CyLib.o)
 .text.CySysTickGetCountFlag
                0x00000000       0x10 .\CortexM3\ARM_GCC_541\Debug\SCD30.a(CyLib.o)
 .text.CySysTickServiceCallbacks
                0x00000000       0x28 .\CortexM3\ARM_GCC_541\Debug\SCD30.a(CyLib.o)
 .text.CySysTickClear
                0x00000000        0xc .\CortexM3\ARM_GCC_541\Debug\SCD30.a(CyLib.o)
 .text.CySysTickInit
                0x00000000       0x58 .\CortexM3\ARM_GCC_541\Debug\SCD30.a(CyLib.o)
 .text.CySysTickStart
                0x00000000       0x1c .\CortexM3\ARM_GCC_541\Debug\SCD30.a(CyLib.o)
 .text.CySysTickSetCallback
                0x00000000       0x10 .\CortexM3\ARM_GCC_541\Debug\SCD30.a(CyLib.o)
 .text.CySysTickGetCallback
                0x00000000       0x10 .\CortexM3\ARM_GCC_541\Debug\SCD30.a(CyLib.o)
 .text.CyGetUniqueId
                0x00000000       0x70 .\CortexM3\ARM_GCC_541\Debug\SCD30.a(CyLib.o)
 .text          0x00000000        0x0 .\CortexM3\ARM_GCC_541\Debug\SCD30.a(cyPm.o)
 .data          0x00000000        0x0 .\CortexM3\ARM_GCC_541\Debug\SCD30.a(cyPm.o)
 .bss           0x00000000       0x43 .\CortexM3\ARM_GCC_541\Debug\SCD30.a(cyPm.o)
 .text.CyPmHibSlpSaveSet
                0x00000000      0x1dc .\CortexM3\ARM_GCC_541\Debug\SCD30.a(cyPm.o)
 .text.CyPmHibSlpRestore
                0x00000000       0xd8 .\CortexM3\ARM_GCC_541\Debug\SCD30.a(cyPm.o)
 .text.CyPmHviLviSaveDisable
                0x00000000       0xa0 .\CortexM3\ARM_GCC_541\Debug\SCD30.a(cyPm.o)
 .text.CyPmHibSaveSet
                0x00000000       0x98 .\CortexM3\ARM_GCC_541\Debug\SCD30.a(cyPm.o)
 .text.CyPmHviLviRestore
                0x00000000       0x48 .\CortexM3\ARM_GCC_541\Debug\SCD30.a(cyPm.o)
 .text.CyPmHibRestore
                0x00000000       0x60 .\CortexM3\ARM_GCC_541\Debug\SCD30.a(cyPm.o)
 .text.CyPmSaveClocks
                0x00000000      0x218 .\CortexM3\ARM_GCC_541\Debug\SCD30.a(cyPm.o)
 .text.CyPmRestoreClocks
                0x00000000      0x24c .\CortexM3\ARM_GCC_541\Debug\SCD30.a(cyPm.o)
 .text.CyPmAltAct
                0x00000000       0x6c .\CortexM3\ARM_GCC_541\Debug\SCD30.a(cyPm.o)
 .text.CyPmSleep
                0x00000000       0xf4 .\CortexM3\ARM_GCC_541\Debug\SCD30.a(cyPm.o)
 .text.CyPmHibernateEx
                0x00000000       0xf4 .\CortexM3\ARM_GCC_541\Debug\SCD30.a(cyPm.o)
 .text.CyPmHibernate
                0x00000000        0xc .\CortexM3\ARM_GCC_541\Debug\SCD30.a(cyPm.o)
 .text.CyPmReadStatus
                0x00000000       0x30 .\CortexM3\ARM_GCC_541\Debug\SCD30.a(cyPm.o)
 .text.CyPmCtwSetInterval
                0x00000000       0x5c .\CortexM3\ARM_GCC_541\Debug\SCD30.a(cyPm.o)
 .text.CyPmOppsSet
                0x00000000       0x2c .\CortexM3\ARM_GCC_541\Debug\SCD30.a(cyPm.o)
 .text.CyPmFtwSetInterval
                0x00000000       0x5c .\CortexM3\ARM_GCC_541\Debug\SCD30.a(cyPm.o)
 .rodata        0x00000000        0xf .\CortexM3\ARM_GCC_541\Debug\SCD30.a(cyPm.o)
 .text          0x00000000        0x0 .\CortexM3\ARM_GCC_541\Debug\SCD30.a(I2C.o)
 .data          0x00000000        0x0 .\CortexM3\ARM_GCC_541\Debug\SCD30.a(I2C.o)
 .text.I2C_Stop
                0x00000000       0xb4 .\CortexM3\ARM_GCC_541\Debug\SCD30.a(I2C.o)
 .text          0x00000000        0x0 .\CortexM3\ARM_GCC_541\Debug\SCD30.a(I2C_INT.o)
 .data          0x00000000        0x0 .\CortexM3\ARM_GCC_541\Debug\SCD30.a(I2C_INT.o)
 .bss           0x00000000        0x0 .\CortexM3\ARM_GCC_541\Debug\SCD30.a(I2C_INT.o)
 .text          0x00000000        0x0 .\CortexM3\ARM_GCC_541\Debug\SCD30.a(I2C_PM.o)
 .data          0x00000000        0x6 .\CortexM3\ARM_GCC_541\Debug\SCD30.a(I2C_PM.o)
 .bss           0x00000000        0x0 .\CortexM3\ARM_GCC_541\Debug\SCD30.a(I2C_PM.o)
 .text.I2C_SaveConfig
                0x00000000       0x3c .\CortexM3\ARM_GCC_541\Debug\SCD30.a(I2C_PM.o)
 .text.I2C_Sleep
                0x00000000       0x24 .\CortexM3\ARM_GCC_541\Debug\SCD30.a(I2C_PM.o)
 .text.I2C_RestoreConfig
                0x00000000       0x60 .\CortexM3\ARM_GCC_541\Debug\SCD30.a(I2C_PM.o)
 .text.I2C_Wakeup
                0x00000000       0x24 .\CortexM3\ARM_GCC_541\Debug\SCD30.a(I2C_PM.o)
 .text          0x00000000        0x0 .\CortexM3\ARM_GCC_541\Debug\SCD30.a(I2C_MASTER.o)
 .data          0x00000000        0x0 .\CortexM3\ARM_GCC_541\Debug\SCD30.a(I2C_MASTER.o)
 .bss           0x00000000        0x0 .\CortexM3\ARM_GCC_541\Debug\SCD30.a(I2C_MASTER.o)
 .text.I2C_MasterSendStart
                0x00000000       0x80 .\CortexM3\ARM_GCC_541\Debug\SCD30.a(I2C_MASTER.o)
 .text.I2C_MasterSendRestart
                0x00000000       0x6c .\CortexM3\ARM_GCC_541\Debug\SCD30.a(I2C_MASTER.o)
 .text.I2C_MasterSendStop
                0x00000000       0x38 .\CortexM3\ARM_GCC_541\Debug\SCD30.a(I2C_MASTER.o)
 .text.I2C_MasterWriteByte
                0x00000000       0x58 .\CortexM3\ARM_GCC_541\Debug\SCD30.a(I2C_MASTER.o)
 .text.I2C_MasterReadByte
                0x00000000       0x58 .\CortexM3\ARM_GCC_541\Debug\SCD30.a(I2C_MASTER.o)
 .text.I2C_MasterGetReadBufSize
                0x00000000        0xc .\CortexM3\ARM_GCC_541\Debug\SCD30.a(I2C_MASTER.o)
 .text.I2C_MasterGetWriteBufSize
                0x00000000        0xc .\CortexM3\ARM_GCC_541\Debug\SCD30.a(I2C_MASTER.o)
 .text.I2C_MasterClearReadBuf
                0x00000000       0x30 .\CortexM3\ARM_GCC_541\Debug\SCD30.a(I2C_MASTER.o)
 .text.I2C_MasterClearWriteBuf
                0x00000000       0x30 .\CortexM3\ARM_GCC_541\Debug\SCD30.a(I2C_MASTER.o)
 .text          0x00000000        0x0 .\CortexM3\ARM_GCC_541\Debug\SCD30.a(UART.o)
 .bss           0x00000000        0x0 .\CortexM3\ARM_GCC_541\Debug\SCD30.a(UART.o)
 .text.UART_Stop
                0x00000000        0x4 .\CortexM3\ARM_GCC_541\Debug\SCD30.a(UART.o)
 .text.UART_PutArray
                0x00000000       0x18 .\CortexM3\ARM_GCC_541\Debug\SCD30.a(UART.o)
 .text.UART_PutCRLF
                0x00000000       0x10 .\CortexM3\ARM_GCC_541\Debug\SCD30.a(UART.o)
 .data          0x00000000        0x0 .\CortexM3\ARM_GCC_541\Debug\SCD30.a(CyBootAsmGnu.o)
 .bss           0x00000000        0x0 .\CortexM3\ARM_GCC_541\Debug\SCD30.a(CyBootAsmGnu.o)
 .data          0x00000000        0x0 .\CortexM3\ARM_GCC_541\Debug\SCD30.a(UART_AsmGnu.o)
 .bss           0x00000000        0x0 .\CortexM3\ARM_GCC_541\Debug\SCD30.a(UART_AsmGnu.o)
 .text          0x00000000        0x0 .\CortexM3\ARM_GCC_541\Debug\SCD30.a(CyFlash.o)
 .data          0x00000000        0x0 .\CortexM3\ARM_GCC_541\Debug\SCD30.a(CyFlash.o)
 .bss           0x00000000        0x0 .\CortexM3\ARM_GCC_541\Debug\SCD30.a(CyFlash.o)
 .text.CySetTempInt
                0x00000000       0x60 .\CortexM3\ARM_GCC_541\Debug\SCD30.a(CyFlash.o)
 .text.CyFlash_Start
                0x00000000       0x54 .\CortexM3\ARM_GCC_541\Debug\SCD30.a(CyFlash.o)
 .text.CyFlash_Stop
                0x00000000       0x24 .\CortexM3\ARM_GCC_541\Debug\SCD30.a(CyFlash.o)
 .text.CyFlash_EraseRow
                0x00000000       0x78 .\CortexM3\ARM_GCC_541\Debug\SCD30.a(CyFlash.o)
 .text.CyFlashGetSpcAlgorithm
                0x00000000       0x4c .\CortexM3\ARM_GCC_541\Debug\SCD30.a(CyFlash.o)
 .text.CySetTemp
                0x00000000       0x14 .\CortexM3\ARM_GCC_541\Debug\SCD30.a(CyFlash.o)
 .text.CySetFlashEEBuffer
                0x00000000       0x20 .\CortexM3\ARM_GCC_541\Debug\SCD30.a(CyFlash.o)
 .text.CyWriteRowFull
                0x00000000       0xf8 .\CortexM3\ARM_GCC_541\Debug\SCD30.a(CyFlash.o)
 .text.CyWriteRowData
                0x00000000       0x14 .\CortexM3\ARM_GCC_541\Debug\SCD30.a(CyFlash.o)
 .text.CyFlash_SetWaitCycles
                0x00000000       0x7c .\CortexM3\ARM_GCC_541\Debug\SCD30.a(CyFlash.o)
 .text.CyEEPROM_Start
                0x00000000       0x54 .\CortexM3\ARM_GCC_541\Debug\SCD30.a(CyFlash.o)
 .text.CyEEPROM_Stop
                0x00000000       0x24 .\CortexM3\ARM_GCC_541\Debug\SCD30.a(CyFlash.o)
 .text.CyEEPROM_ReadReserve
                0x00000000       0x1c .\CortexM3\ARM_GCC_541\Debug\SCD30.a(CyFlash.o)
 .text.CyEEPROM_ReadRelease
                0x00000000       0x10 .\CortexM3\ARM_GCC_541\Debug\SCD30.a(CyFlash.o)
 COMMON         0x00000000        0x2 .\CortexM3\ARM_GCC_541\Debug\SCD30.a(CyFlash.o)
 .text          0x00000000        0x0 .\CortexM3\ARM_GCC_541\Debug\SCD30.a(CySpc.o)
 .data          0x00000000        0x0 .\CortexM3\ARM_GCC_541\Debug\SCD30.a(CySpc.o)
 .bss           0x00000000        0x8 .\CortexM3\ARM_GCC_541\Debug\SCD30.a(CySpc.o)
 .text.CySpcStart
                0x00000000       0x24 .\CortexM3\ARM_GCC_541\Debug\SCD30.a(CySpc.o)
 .text.CySpcStop
                0x00000000       0x24 .\CortexM3\ARM_GCC_541\Debug\SCD30.a(CySpc.o)
 .text.CySpcReadData
                0x00000000       0x34 .\CortexM3\ARM_GCC_541\Debug\SCD30.a(CySpc.o)
 .text.CySpcLoadMultiByte
                0x00000000       0x78 .\CortexM3\ARM_GCC_541\Debug\SCD30.a(CySpc.o)
 .text.CySpcLoadRow
                0x00000000       0x50 .\CortexM3\ARM_GCC_541\Debug\SCD30.a(CySpc.o)
 .text.CySpcLoadRowFull
                0x00000000       0x80 .\CortexM3\ARM_GCC_541\Debug\SCD30.a(CySpc.o)
 .text.CySpcWriteRow
                0x00000000       0x4c .\CortexM3\ARM_GCC_541\Debug\SCD30.a(CySpc.o)
 .text.CySpcEraseSector
                0x00000000       0x3c .\CortexM3\ARM_GCC_541\Debug\SCD30.a(CySpc.o)
 .text.CySpcEraseRow
                0x00000000       0x4c .\CortexM3\ARM_GCC_541\Debug\SCD30.a(CySpc.o)
 .text.CySpcGetTemp
                0x00000000       0x3c .\CortexM3\ARM_GCC_541\Debug\SCD30.a(CySpc.o)
 .text.CySpcLock
                0x00000000       0x4c .\CortexM3\ARM_GCC_541\Debug\SCD30.a(CySpc.o)
 .text.CySpcUnlock
                0x00000000       0x38 .\CortexM3\ARM_GCC_541\Debug\SCD30.a(CySpc.o)
 .text.CySpcGetAlgorithm
                0x00000000       0x28 .\CortexM3\ARM_GCC_541\Debug\SCD30.a(CySpc.o)
 .data          0x00000000        0x0 c:/program files (x86)/cypress/psoc creator/4.3/psoc creator/import/gnu/arm/5.4.1/bin/../lib/gcc/arm-none-eabi/5.4.1/armv7-m\libgcc.a(_udivsi3.o)
 .bss           0x00000000        0x0 c:/program files (x86)/cypress/psoc creator/4.3/psoc creator/import/gnu/arm/5.4.1/bin/../lib/gcc/arm-none-eabi/5.4.1/armv7-m\libgcc.a(_udivsi3.o)
 .data          0x00000000        0x0 c:/program files (x86)/cypress/psoc creator/4.3/psoc creator/import/gnu/arm/5.4.1/bin/../lib/gcc/arm-none-eabi/5.4.1/armv7-m\libgcc.a(_dvmd_tls.o)
 .bss           0x00000000        0x0 c:/program files (x86)/cypress/psoc creator/4.3/psoc creator/import/gnu/arm/5.4.1/bin/../lib/gcc/arm-none-eabi/5.4.1/armv7-m\libgcc.a(_dvmd_tls.o)
 .data          0x00000000        0x0 c:/program files (x86)/cypress/psoc creator/4.3/psoc creator/import/gnu/arm/5.4.1/bin/../lib/gcc/arm-none-eabi/5.4.1/armv7-m\libgcc.a(_arm_fixunssfsi.o)
 .bss           0x00000000        0x0 c:/program files (x86)/cypress/psoc creator/4.3/psoc creator/import/gnu/arm/5.4.1/bin/../lib/gcc/arm-none-eabi/5.4.1/armv7-m\libgcc.a(_arm_fixunssfsi.o)
 .text          0x00000000        0x0 c:/program files (x86)/cypress/psoc creator/4.3/psoc creator/import/gnu/arm/5.4.1/bin/../lib/gcc/arm-none-eabi/5.4.1/../../../../arm-none-eabi/lib/armv7-m\libg_nano.a(lib_a-errno.o)
 .data          0x00000000        0x0 c:/program files (x86)/cypress/psoc creator/4.3/psoc creator/import/gnu/arm/5.4.1/bin/../lib/gcc/arm-none-eabi/5.4.1/../../../../arm-none-eabi/lib/armv7-m\libg_nano.a(lib_a-errno.o)
 .bss           0x00000000        0x0 c:/program files (x86)/cypress/psoc creator/4.3/psoc creator/import/gnu/arm/5.4.1/bin/../lib/gcc/arm-none-eabi/5.4.1/../../../../arm-none-eabi/lib/armv7-m\libg_nano.a(lib_a-errno.o)
 .text          0x00000000        0x0 c:/program files (x86)/cypress/psoc creator/4.3/psoc creator/import/gnu/arm/5.4.1/bin/../lib/gcc/arm-none-eabi/5.4.1/../../../../arm-none-eabi/lib/armv7-m\libg_nano.a(lib_a-exit.o)
 .data          0x00000000        0x0 c:/program files (x86)/cypress/psoc creator/4.3/psoc creator/import/gnu/arm/5.4.1/bin/../lib/gcc/arm-none-eabi/5.4.1/../../../../arm-none-eabi/lib/armv7-m\libg_nano.a(lib_a-exit.o)
 .bss           0x00000000        0x0 c:/program files (x86)/cypress/psoc creator/4.3/psoc creator/import/gnu/arm/5.4.1/bin/../lib/gcc/arm-none-eabi/5.4.1/../../../../arm-none-eabi/lib/armv7-m\libg_nano.a(lib_a-exit.o)
 .text.exit     0x00000000       0x28 c:/program files (x86)/cypress/psoc creator/4.3/psoc creator/import/gnu/arm/5.4.1/bin/../lib/gcc/arm-none-eabi/5.4.1/../../../../arm-none-eabi/lib/armv7-m\libg_nano.a(lib_a-exit.o)
 .text          0x00000000        0x0 c:/program files (x86)/cypress/psoc creator/4.3/psoc creator/import/gnu/arm/5.4.1/bin/../lib/gcc/arm-none-eabi/5.4.1/../../../../arm-none-eabi/lib/armv7-m\libg_nano.a(lib_a-impure.o)
 .data          0x00000000        0x0 c:/program files (x86)/cypress/psoc creator/4.3/psoc creator/import/gnu/arm/5.4.1/bin/../lib/gcc/arm-none-eabi/5.4.1/../../../../arm-none-eabi/lib/armv7-m\libg_nano.a(lib_a-impure.o)
 .bss           0x00000000        0x0 c:/program files (x86)/cypress/psoc creator/4.3/psoc creator/import/gnu/arm/5.4.1/bin/../lib/gcc/arm-none-eabi/5.4.1/../../../../arm-none-eabi/lib/armv7-m\libg_nano.a(lib_a-impure.o)
 .rodata._global_impure_ptr
                0x00000000        0x4 c:/program files (x86)/cypress/psoc creator/4.3/psoc creator/import/gnu/arm/5.4.1/bin/../lib/gcc/arm-none-eabi/5.4.1/../../../../arm-none-eabi/lib/armv7-m\libg_nano.a(lib_a-impure.o)
 .text          0x00000000        0x0 c:/program files (x86)/cypress/psoc creator/4.3/psoc creator/import/gnu/arm/5.4.1/bin/../lib/gcc/arm-none-eabi/5.4.1/../../../../arm-none-eabi/lib/armv7-m\libg_nano.a(lib_a-init.o)
 .data          0x00000000        0x0 c:/program files (x86)/cypress/psoc creator/4.3/psoc creator/import/gnu/arm/5.4.1/bin/../lib/gcc/arm-none-eabi/5.4.1/../../../../arm-none-eabi/lib/armv7-m\libg_nano.a(lib_a-init.o)
 .bss           0x00000000        0x0 c:/program files (x86)/cypress/psoc creator/4.3/psoc creator/import/gnu/arm/5.4.1/bin/../lib/gcc/arm-none-eabi/5.4.1/../../../../arm-none-eabi/lib/armv7-m\libg_nano.a(lib_a-init.o)
 .text          0x00000000        0x0 c:/program files (x86)/cypress/psoc creator/4.3/psoc creator/import/gnu/arm/5.4.1/bin/../lib/gcc/arm-none-eabi/5.4.1/../../../../arm-none-eabi/lib/armv7-m\libg_nano.a(lib_a-memcpy-stub.o)
 .data          0x00000000        0x0 c:/program files (x86)/cypress/psoc creator/4.3/psoc creator/import/gnu/arm/5.4.1/bin/../lib/gcc/arm-none-eabi/5.4.1/../../../../arm-none-eabi/lib/armv7-m\libg_nano.a(lib_a-memcpy-stub.o)
 .bss           0x00000000        0x0 c:/program files (x86)/cypress/psoc creator/4.3/psoc creator/import/gnu/arm/5.4.1/bin/../lib/gcc/arm-none-eabi/5.4.1/../../../../arm-none-eabi/lib/armv7-m\libg_nano.a(lib_a-memcpy-stub.o)
 .text          0x00000000        0x0 c:/program files (x86)/cypress/psoc creator/4.3/psoc creator/import/gnu/arm/5.4.1/bin/../lib/gcc/arm-none-eabi/5.4.1/../../../../arm-none-eabi/lib/armv7-m\libg_nano.a(lib_a-memset.o)
 .data          0x00000000        0x0 c:/program files (x86)/cypress/psoc creator/4.3/psoc creator/import/gnu/arm/5.4.1/bin/../lib/gcc/arm-none-eabi/5.4.1/../../../../arm-none-eabi/lib/armv7-m\libg_nano.a(lib_a-memset.o)
 .bss           0x00000000        0x0 c:/program files (x86)/cypress/psoc creator/4.3/psoc creator/import/gnu/arm/5.4.1/bin/../lib/gcc/arm-none-eabi/5.4.1/../../../../arm-none-eabi/lib/armv7-m\libg_nano.a(lib_a-memset.o)
 .text          0x00000000        0x0 c:/program files (x86)/cypress/psoc creator/4.3/psoc creator/import/gnu/arm/5.4.1/bin/../lib/gcc/arm-none-eabi/5.4.1/armv7-m/crtend.o
 .data          0x00000000        0x0 c:/program files (x86)/cypress/psoc creator/4.3/psoc creator/import/gnu/arm/5.4.1/bin/../lib/gcc/arm-none-eabi/5.4.1/armv7-m/crtend.o
 .bss           0x00000000        0x0 c:/program files (x86)/cypress/psoc creator/4.3/psoc creator/import/gnu/arm/5.4.1/bin/../lib/gcc/arm-none-eabi/5.4.1/armv7-m/crtend.o
 .text          0x00000000        0x0 c:/program files (x86)/cypress/psoc creator/4.3/psoc creator/import/gnu/arm/5.4.1/bin/../lib/gcc/arm-none-eabi/5.4.1/armv7-m/crtn.o
 .data          0x00000000        0x0 c:/program files (x86)/cypress/psoc creator/4.3/psoc creator/import/gnu/arm/5.4.1/bin/../lib/gcc/arm-none-eabi/5.4.1/armv7-m/crtn.o
 .bss           0x00000000        0x0 c:/program files (x86)/cypress/psoc creator/4.3/psoc creator/import/gnu/arm/5.4.1/bin/../lib/gcc/arm-none-eabi/5.4.1/armv7-m/crtn.o

Memory Configuration

Name             Origin             Length             Attributes
rom              0x00000000         0x00040000         xr
ram              0x1fff8000         0x00010000         xrw
*default*        0x00000000         0xffffffff

Linker script and memory map

LOAD c:/program files (x86)/cypress/psoc creator/4.3/psoc creator/import/gnu/arm/5.4.1/bin/../lib/gcc/arm-none-eabi/5.4.1/armv7-m/crti.o
LOAD c:/program files (x86)/cypress/psoc creator/4.3/psoc creator/import/gnu/arm/5.4.1/bin/../lib/gcc/arm-none-eabi/5.4.1/armv7-m/crtbegin.o
LOAD c:/program files (x86)/cypress/psoc creator/4.3/psoc creator/import/gnu/arm/5.4.1/bin/../lib/gcc/arm-none-eabi/5.4.1/../../../../arm-none-eabi/lib/armv7-m/crt0.o
START GROUP
LOAD .\CortexM3\ARM_GCC_541\Debug\main.o
LOAD .\CortexM3\ARM_GCC_541\Debug\SCD30.o
LOAD .\CortexM3\ARM_GCC_541\Debug\cyfitter_cfg.o
LOAD .\CortexM3\ARM_GCC_541\Debug\cymetadata.o
LOAD .\CortexM3\ARM_GCC_541\Debug\Cm3Start.o
LOAD .\CortexM3\ARM_GCC_541\Debug\SCD30.a
LOAD C:\Program Files (x86)\Cypress\PSoC Creator\4.3\PSoC Creator\psoc\content\cycomponentlibrary\CyComponentLibrary.cylib\CortexM3\ARM_GCC_541\Debug\CyComponentLibrary.a
END GROUP
START GROUP
LOAD c:/program files (x86)/cypress/psoc creator/4.3/psoc creator/import/gnu/arm/5.4.1/bin/../lib/gcc/arm-none-eabi/5.4.1/armv7-m\libgcc.a
LOAD c:/program files (x86)/cypress/psoc creator/4.3/psoc creator/import/gnu/arm/5.4.1/bin/../lib/gcc/arm-none-eabi/5.4.1/../../../../arm-none-eabi/lib/armv7-m\libg_nano.a
LOAD c:/program files (x86)/cypress/psoc creator/4.3/psoc creator/import/gnu/arm/5.4.1/bin/../lib/gcc/arm-none-eabi/5.4.1/../../../../arm-none-eabi/lib/armv7-m\libc_nano.a
END GROUP
START GROUP
LOAD c:/program files (x86)/cypress/psoc creator/4.3/psoc creator/import/gnu/arm/5.4.1/bin/../lib/gcc/arm-none-eabi/5.4.1/armv7-m\libgcc.a
LOAD c:/program files (x86)/cypress/psoc creator/4.3/psoc creator/import/gnu/arm/5.4.1/bin/../lib/gcc/arm-none-eabi/5.4.1/../../../../arm-none-eabi/lib/armv7-m\libc_nano.a
END GROUP
LOAD c:/program files (x86)/cypress/psoc creator/4.3/psoc creator/import/gnu/arm/5.4.1/bin/../lib/gcc/arm-none-eabi/5.4.1/armv7-m/crtend.o
LOAD c:/program files (x86)/cypress/psoc creator/4.3/psoc creator/import/gnu/arm/5.4.1/bin/../lib/gcc/arm-none-eabi/5.4.1/armv7-m/crtn.o
START GROUP
LOAD c:/program files (x86)/cypress/psoc creator/4.3/psoc creator/import/gnu/arm/5.4.1/bin/../lib/gcc/arm-none-eabi/5.4.1/armv7-m\libgcc.a
LOAD c:/program files (x86)/cypress/psoc creator/4.3/psoc creator/import/gnu/arm/5.4.1/bin/../lib/gcc/arm-none-eabi/5.4.1/../../../../arm-none-eabi/lib/armv7-m\libc.a
LOAD c:/program files (x86)/cypress/psoc creator/4.3/psoc creator/import/gnu/arm/5.4.1/bin/../lib/gcc/arm-none-eabi/5.4.1/../../../../arm-none-eabi/lib/armv7-m\libnosys.a
END GROUP
                0x00000000                CY_APPL_ORIGIN = 0x0
                0x00000100                CY_FLASH_ROW_SIZE = 0x100
                0x00000020                CY_ECC_ROW_SIZE = 0x20
                0x00000000                CY_EE_IN_BTLDR = 0x0
                0x00000000                CY_APPL_LOADABLE = 0x0
                0x00000800                CY_EE_SIZE = 0x800
                0x00000001                CY_APPL_NUM = 0x1
                0x00000001                CY_APPL_MAX = 0x1
                0x00000040                CY_METADATA_SIZE = 0x40
                0x00000000                CY_APPL_LOADABLE = 0x0
                0x00000000                CY_CHECKSUM_EXCLUDE_SIZE = ALIGN (0x0, CY_FLASH_ROW_SIZE)
                [!provide]                PROVIDE (__cy_heap_start, _end)
                0x00000001                PROVIDE (__cy_region_num, ((__cy_regions_end - __cy_regions) / 0x10))
                0x20008000                PROVIDE (__cy_stack, (ORIGIN (ram) + LENGTH (ram)))
                [!provide]                PROVIDE (__cy_heap_end, (__cy_stack - 0x800))

.cybootloader   0x00000000        0x0
 *(.cybootloader)
                0x00000000                appl1_start = CY_APPL_ORIGIN?CY_APPL_ORIGIN:ALIGN (CY_FLASH_ROW_SIZE)
                0x0001ff00                appl2_start = (appl1_start + ALIGN ((((LENGTH (rom) - appl1_start) - (0x2 * CY_FLASH_ROW_SIZE)) / 0x2), CY_FLASH_ROW_SIZE))
                0x00000000                appl_start = (CY_APPL_NUM == 0x1)?appl1_start:appl2_start
                0x00000000                ecc_offset = ((appl_start / CY_FLASH_ROW_SIZE) * CY_ECC_ROW_SIZE)
                0x00000000                ee_offset = (CY_APPL_LOADABLE && ! (CY_EE_IN_BTLDR))?((CY_EE_SIZE / CY_APPL_MAX) * (CY_APPL_NUM - 0x1)):0x0
                0x00000800                ee_size = (CY_APPL_LOADABLE && ! (CY_EE_IN_BTLDR))?(CY_EE_SIZE / CY_APPL_MAX):CY_EE_SIZE
                [!provide]                PROVIDE (CY_ECC_OFFSET, ecc_offset)

.text           0x00000000      0xdea
 CREATE_OBJECT_SYMBOLS
                0x00000000                PROVIDE (__cy_interrupt_vector, RomVectors)
 *(.romvectors)
 .romvectors    0x00000000       0x10 .\CortexM3\ARM_GCC_541\Debug\Cm3Start.o
                0x00000000                RomVectors
                0x00000001                ASSERT ((. != __cy_interrupt_vector), No interrupt vector)
                0x00000001                ASSERT (CY_APPL_ORIGIN?(SIZEOF (.cybootloader) <= CY_APPL_ORIGIN):0x1, Wrong image location)
                0x00000010                PROVIDE (__cy_reset, Reset)
 *(.text.Reset)
 .text.Reset    0x00000010       0x18 .\CortexM3\ARM_GCC_541\Debug\Cm3Start.o
                0x00000010                Reset
                0x00000001                ASSERT ((. != __cy_reset), No reset code)
 *(.dma_init)
                0x00000001                ASSERT ((((appl_start + .) <= 0x10000) || 0x1), DMA Init must be within the first 64k of flash)
 *(.text .text.* .gnu.linkonce.t.*)
 .text          0x00000028       0x5c c:/program files (x86)/cypress/psoc creator/4.3/psoc creator/import/gnu/arm/5.4.1/bin/../lib/gcc/arm-none-eabi/5.4.1/armv7-m/crtbegin.o
 .text.main     0x00000084       0xc4 .\CortexM3\ARM_GCC_541\Debug\main.o
                0x00000084                main
 .text.SCD30_writeCommand
                0x00000148       0x30 .\CortexM3\ARM_GCC_541\Debug\SCD30.o
                0x00000148                SCD30_writeCommand
 .text.SCD30_writeBuffer
                0x00000178       0x2c .\CortexM3\ARM_GCC_541\Debug\SCD30.o
                0x00000178                SCD30_writeBuffer
 .text.SCD30_readBuffer
                0x000001a4       0x28 .\CortexM3\ARM_GCC_541\Debug\SCD30.o
                0x000001a4                SCD30_readBuffer
 .text.SCD30_getCarbonDioxideConcentration
                0x000001cc       0x94 .\CortexM3\ARM_GCC_541\Debug\SCD30.o
                0x000001cc                SCD30_getCarbonDioxideConcentration
 .text.SCD30_readRegister
                0x00000260       0x2c .\CortexM3\ARM_GCC_541\Debug\SCD30.o
                0x00000260                SCD30_readRegister
 .text.SCD30_isAvailable
                0x0000028c       0x14 .\CortexM3\ARM_GCC_541\Debug\SCD30.o
                0x0000028c                SCD30_isAvailable
 .text.SCD30_calculateCrc
                0x000002a0       0x3c .\CortexM3\ARM_GCC_541\Debug\SCD30.o
                0x000002a0                SCD30_calculateCrc
 .text.SCD30_writeCommandWithArguments
                0x000002dc       0x3c .\CortexM3\ARM_GCC_541\Debug\SCD30.o
                0x000002dc                SCD30_writeCommandWithArguments
 .text.SCD30_setMeasurementInterval
                0x00000318       0x10 .\CortexM3\ARM_GCC_541\Debug\SCD30.o
                0x00000318                SCD30_setMeasurementInterval
 .text.SCD30_startPeriodicMeasurment
                0x00000328        0xc .\CortexM3\ARM_GCC_541\Debug\SCD30.o
                0x00000328                SCD30_startPeriodicMeasurment
 .text.SCD30_initialize
                0x00000334       0x10 .\CortexM3\ARM_GCC_541\Debug\SCD30.o
                0x00000334                SCD30_initialize
 .text.CyClockStartupError
                0x00000344        0x4 .\CortexM3\ARM_GCC_541\Debug\cyfitter_cfg.o
 .text.cfg_write_bytes32
                0x00000348       0x34 .\CortexM3\ARM_GCC_541\Debug\cyfitter_cfg.o
 .text.AnalogSetDefault
                0x0000037c       0x28 .\CortexM3\ARM_GCC_541\Debug\cyfitter_cfg.o
 .text.CYMEMZERO
                0x000003a4        0xc .\CortexM3\ARM_GCC_541\Debug\cyfitter_cfg.o
 .text.ClockSetup
                0x000003b0       0x9c .\CortexM3\ARM_GCC_541\Debug\cyfitter_cfg.o
 .text.CYCONFIGCPY
                0x0000044c        0x8 .\CortexM3\ARM_GCC_541\Debug\cyfitter_cfg.o
 .text.cyfitter_cfg
                0x00000454       0xc4 .\CortexM3\ARM_GCC_541\Debug\cyfitter_cfg.o
                0x00000454                cyfitter_cfg
 .text.IntDefaultHandler
                0x00000518       0x10 .\CortexM3\ARM_GCC_541\Debug\Cm3Start.o
                0x00000518                IntDefaultHandler
 .text.Start_c  0x00000528       0x4c .\CortexM3\ARM_GCC_541\Debug\Cm3Start.o
                0x00000528                Start_c
 .text.initialize_psoc
                0x00000574       0x68 .\CortexM3\ARM_GCC_541\Debug\Cm3Start.o
                0x00000574                initialize_psoc
 .text.CyHalt   0x000005dc        0x4 .\CortexM3\ARM_GCC_541\Debug\SCD30.a(CyLib.o)
                0x000005dc                CyHalt
 .text.CyDelay  0x000005e0       0x2c .\CortexM3\ARM_GCC_541\Debug\SCD30.a(CyLib.o)
                0x000005e0                CyDelay
 .text.CyIntSetVector
                0x0000060c       0x28 .\CortexM3\ARM_GCC_541\Debug\SCD30.a(CyLib.o)
                0x0000060c                CyIntSetVector
 .text.CyIntSetPriority
                0x00000634       0x30 .\CortexM3\ARM_GCC_541\Debug\SCD30.a(CyLib.o)
                0x00000634                CyIntSetPriority
 .text.I2C_Init
                0x00000664       0x68 .\CortexM3\ARM_GCC_541\Debug\SCD30.a(I2C.o)
                0x00000664                I2C_Init
 .text.I2C_Enable
                0x000006cc       0x24 .\CortexM3\ARM_GCC_541\Debug\SCD30.a(I2C.o)
                0x000006cc                I2C_Enable
 .text.I2C_Start
                0x000006f0       0x28 .\CortexM3\ARM_GCC_541\Debug\SCD30.a(I2C.o)
                0x000006f0                I2C_Start
 .text.I2C_ISR  0x00000718      0x2d0 .\CortexM3\ARM_GCC_541\Debug\SCD30.a(I2C_INT.o)
                0x00000718                I2C_ISR
 .text.I2C_MasterWriteBuf
                0x000009e8       0xcc .\CortexM3\ARM_GCC_541\Debug\SCD30.a(I2C_MASTER.o)
                0x000009e8                I2C_MasterWriteBuf
 .text.I2C_MasterReadBuf
                0x00000ab4       0xd0 .\CortexM3\ARM_GCC_541\Debug\SCD30.a(I2C_MASTER.o)
                0x00000ab4                I2C_MasterReadBuf
 .text.I2C_MasterStatus
                0x00000b84       0x38 .\CortexM3\ARM_GCC_541\Debug\SCD30.a(I2C_MASTER.o)
                0x00000b84                I2C_MasterStatus
 .text.I2C_MasterClearStatus
                0x00000bbc       0x24 .\CortexM3\ARM_GCC_541\Debug\SCD30.a(I2C_MASTER.o)
                0x00000bbc                I2C_MasterClearStatus
 .text.UART_Start
                0x00000be0        0x4 .\CortexM3\ARM_GCC_541\Debug\SCD30.a(UART.o)
                0x00000be0                UART_Start
 .text.UART_PutString
                0x00000be4       0x1c .\CortexM3\ARM_GCC_541\Debug\SCD30.a(UART.o)
                0x00000be4                UART_PutString
 .text.UART_PutHexByte
                0x00000c00       0x20 .\CortexM3\ARM_GCC_541\Debug\SCD30.a(UART.o)
                0x00000c00                UART_PutHexByte
 .text.UART_PutHexInt
                0x00000c20       0x14 .\CortexM3\ARM_GCC_541\Debug\SCD30.a(UART.o)
                0x00000c20                UART_PutHexInt
 *fill*         0x00000c34        0x4 
 .text          0x00000c38       0x20 .\CortexM3\ARM_GCC_541\Debug\SCD30.a(CyBootAsmGnu.o)
                0x00000c38                CyDelayCycles
                0x00000c48                CyEnterCriticalSection
                0x00000c50                CyExitCriticalSection
 .text          0x00000c58       0xac .\CortexM3\ARM_GCC_541\Debug\SCD30.a(UART_AsmGnu.o)
                0x00000c58                UART_PutChar
 .text          0x00000d04       0x24 c:/program files (x86)/cypress/psoc creator/4.3/psoc creator/import/gnu/arm/5.4.1/bin/../lib/gcc/arm-none-eabi/5.4.1/armv7-m\libgcc.a(_udivsi3.o)
                0x00000d04                __aeabi_uidiv
                0x00000d04                __udivsi3
                0x00000d18                __aeabi_uidivmod
 .text          0x00000d28        0x4 c:/program files (x86)/cypress/psoc creator/4.3/psoc creator/import/gnu/arm/5.4.1/bin/../lib/gcc/arm-none-eabi/5.4.1/armv7-m\libgcc.a(_dvmd_tls.o)
                0x00000d28                __aeabi_idiv0
                0x00000d28                __aeabi_ldiv0
 .text          0x00000d2c       0x40 c:/program files (x86)/cypress/psoc creator/4.3/psoc creator/import/gnu/arm/5.4.1/bin/../lib/gcc/arm-none-eabi/5.4.1/armv7-m\libgcc.a(_arm_fixunssfsi.o)
                0x00000d2c                __fixunssfsi
                0x00000d2c                __aeabi_f2uiz
 .text.__errno  0x00000d6c        0xc c:/program files (x86)/cypress/psoc creator/4.3/psoc creator/import/gnu/arm/5.4.1/bin/../lib/gcc/arm-none-eabi/5.4.1/../../../../arm-none-eabi/lib/armv7-m\libg_nano.a(lib_a-errno.o)
                0x00000d6c                __errno
 .text.__libc_init_array
                0x00000d78       0x4c c:/program files (x86)/cypress/psoc creator/4.3/psoc creator/import/gnu/arm/5.4.1/bin/../lib/gcc/arm-none-eabi/5.4.1/../../../../arm-none-eabi/lib/armv7-m\libg_nano.a(lib_a-init.o)
                0x00000d78                __libc_init_array
 .text.memcpy   0x00000dc4       0x16 c:/program files (x86)/cypress/psoc creator/4.3/psoc creator/import/gnu/arm/5.4.1/bin/../lib/gcc/arm-none-eabi/5.4.1/../../../../arm-none-eabi/lib/armv7-m\libg_nano.a(lib_a-memcpy-stub.o)
                0x00000dc4                memcpy
 .text.memset   0x00000dda       0x10 c:/program files (x86)/cypress/psoc creator/4.3/psoc creator/import/gnu/arm/5.4.1/bin/../lib/gcc/arm-none-eabi/5.4.1/../../../../arm-none-eabi/lib/armv7-m\libg_nano.a(lib_a-memset.o)
                0x00000dda                memset
 *(.plt)
 *(.gnu.warning)
 *(.glue_7t)
 .glue_7t       0x00000dea        0x0 linker stubs
 *(.glue_7)
 .glue_7        0x00000dea        0x0 linker stubs
 *(.vfp11_veneer)
 .vfp11_veneer  0x00000dea        0x0 linker stubs
 *(.bootloader)
 *(.ARM.extab* .gnu.linkonce.armextab.*)
 *(.gcc_except_table)

.v4_bx          0x00000dec        0x0
 .v4_bx         0x00000dec        0x0 linker stubs

.iplt           0x00000dec        0x0
 .iplt          0x00000dec        0x0 c:/program files (x86)/cypress/psoc creator/4.3/psoc creator/import/gnu/arm/5.4.1/bin/../lib/gcc/arm-none-eabi/5.4.1/armv7-m/crtbegin.o

.eh_frame_hdr
 *(.eh_frame_hdr)

.eh_frame       0x00000dec        0x4
 *(.eh_frame)
 .eh_frame      0x00000dec        0x0 c:/program files (x86)/cypress/psoc creator/4.3/psoc creator/import/gnu/arm/5.4.1/bin/../lib/gcc/arm-none-eabi/5.4.1/armv7-m/crtbegin.o
 .eh_frame      0x00000dec        0x4 c:/program files (x86)/cypress/psoc creator/4.3/psoc creator/import/gnu/arm/5.4.1/bin/../lib/gcc/arm-none-eabi/5.4.1/armv7-m/crtend.o
                [!provide]                PROVIDE (__exidx_start, .)

.ARM.exidx
 *(.ARM.exidx* .gnu.linkonce.armexidx.*)
                0x00000df0                __exidx_end = .

.rodata         0x00000df0       0xc8
 *(.rodata .rodata.* .gnu.linkonce.r.*)
 .rodata.str1.4
                0x00000df0       0x44 .\CortexM3\ARM_GCC_541\Debug\main.o
                                 0x42 (size before relaxing)
 .rodata        0x00000e34       0x36 .\CortexM3\ARM_GCC_541\Debug\cyfitter_cfg.o
 *fill*         0x00000e6a        0x2 
 .rodata        0x00000e6c       0x11 .\CortexM3\ARM_GCC_541\Debug\SCD30.a(UART.o)
 .rodata.str1.1
                0x00000e7d        0x2 c:/program files (x86)/cypress/psoc creator/4.3/psoc creator/import/gnu/arm/5.4.1/bin/../lib/gcc/arm-none-eabi/5.4.1/../../../../arm-none-eabi/lib/armv7-m\libg_nano.a(lib_a-impure.o)
                0x00000e80                . = ALIGN (0x4)
 *fill*         0x00000e7f        0x1 
 *(.init)
 .init          0x00000e80        0x4 c:/program files (x86)/cypress/psoc creator/4.3/psoc creator/import/gnu/arm/5.4.1/bin/../lib/gcc/arm-none-eabi/5.4.1/armv7-m/crti.o
                0x00000e80                _init
 .init          0x00000e84        0x8 c:/program files (x86)/cypress/psoc creator/4.3/psoc creator/import/gnu/arm/5.4.1/bin/../lib/gcc/arm-none-eabi/5.4.1/armv7-m/crtn.o
                0x00000e8c                . = ALIGN (0x4)
                0x00000e8c                __preinit_array_start = .
 *(.preinit_array)
                0x00000e8c                __preinit_array_end = .
                0x00000e8c                . = ALIGN (0x4)
                0x00000e8c                __init_array_start = .
 *(SORT(.init_array.*))
 *(.init_array)
 .init_array    0x00000e8c        0x4 c:/program files (x86)/cypress/psoc creator/4.3/psoc creator/import/gnu/arm/5.4.1/bin/../lib/gcc/arm-none-eabi/5.4.1/armv7-m/crtbegin.o
 .init_array    0x00000e90        0x4 .\CortexM3\ARM_GCC_541\Debug\Cm3Start.o
                0x00000e94                __init_array_end = .
                0x00000e94                . = ALIGN (0x4)
 *(.fini)
 .fini          0x00000e94        0x4 c:/program files (x86)/cypress/psoc creator/4.3/psoc creator/import/gnu/arm/5.4.1/bin/../lib/gcc/arm-none-eabi/5.4.1/armv7-m/crti.o
                0x00000e94                _fini
 .fini          0x00000e98        0x8 c:/program files (x86)/cypress/psoc creator/4.3/psoc creator/import/gnu/arm/5.4.1/bin/../lib/gcc/arm-none-eabi/5.4.1/armv7-m/crtn.o
                0x00000ea0                . = ALIGN (0x4)
                0x00000ea0                __fini_array_start = .
 *(.fini_array)
 .fini_array    0x00000ea0        0x4 c:/program files (x86)/cypress/psoc creator/4.3/psoc creator/import/gnu/arm/5.4.1/bin/../lib/gcc/arm-none-eabi/5.4.1/armv7-m/crtbegin.o
 *(SORT(.fini_array.*))
                0x00000ea4                __fini_array_end = .
                0x00000ea4                . = ALIGN (0x4)
 *crtbegin.o(.ctors)
 *(EXCLUDE_FILE(*crtend.o) .ctors)
 *(SORT(.ctors.*))
 *crtend.o(.ctors)
                0x00000ea4                . = ALIGN (0x4)
 *crtbegin.o(.dtors)
 *(EXCLUDE_FILE(*crtend.o) .dtors)
 *(SORT(.dtors.*))
 *crtend.o(.dtors)
                0x00000ea4                . = ALIGN (0x4)
                0x00000ea4                __cy_regions = .
                0x00000ea4        0x4 LONG 0xeb8 __cy_region_init_ram
                0x00000ea8        0x4 LONG 0x1fff80c8 __cy_region_start_data
                0x00000eac        0x4 LONG 0x88 __cy_region_init_size_ram
                0x00000eb0        0x4 LONG 0x30 __cy_region_zero_size_ram
                0x00000eb4                __cy_regions_end = .
                0x00000eb8                . = ALIGN (0x8)
 *fill*         0x00000eb4        0x4 
                0x00000eb8                _etext = .

.cy_checksum_exclude
                0x00000eb8        0x0
 *(.cy_checksum_exclude)

.ramvectors     0x1fff8000       0xc0
                0x1fff8000                __cy_region_start_ram = .
 *(.ramvectors)
 .ramvectors    0x1fff8000       0xc0 .\CortexM3\ARM_GCC_541\Debug\Cm3Start.o
                0x1fff8000                CyRamVectors

.noinit         0x1fff80c0        0x1
 *(.noinit)
 .noinit        0x1fff80c0        0x1 .\CortexM3\ARM_GCC_541\Debug\SCD30.a(CyLib.o)
                0x1fff80c0                CyResetStatus

.data           0x1fff80c8       0x88 load address 0x00000eb8
                0x1fff80c8                __cy_region_start_data = .
 *(.jcr)
 .jcr           0x1fff80c8        0x0 c:/program files (x86)/cypress/psoc creator/4.3/psoc creator/import/gnu/arm/5.4.1/bin/../lib/gcc/arm-none-eabi/5.4.1/armv7-m/crtbegin.o
 .jcr           0x1fff80c8        0x4 c:/program files (x86)/cypress/psoc creator/4.3/psoc creator/import/gnu/arm/5.4.1/bin/../lib/gcc/arm-none-eabi/5.4.1/armv7-m/crtend.o
 *(.got.plt)
 *(.got)
 *(.shdata)
 *(.data .data.* .gnu.linkonce.d.*)
 .data          0x1fff80cc       0x10 .\CortexM3\ARM_GCC_541\Debug\SCD30.a(CyLib.o)
                0x1fff80cc                cydelay_32k_ms
                0x1fff80d0                cydelay_freq_khz
                0x1fff80d4                cydelay_freq_mhz
                0x1fff80d8                cydelay_freq_hz
 .data          0x1fff80dc        0xc .\CortexM3\ARM_GCC_541\Debug\SCD30.a(UART.o)
                0x1fff80dc                UART_pinDrAdress
                0x1fff80e0                UART_pinPortNumber
                0x1fff80e4                UART_pinNumber
 .data.impure_data
                0x1fff80e8       0x60 c:/program files (x86)/cypress/psoc creator/4.3/psoc creator/import/gnu/arm/5.4.1/bin/../lib/gcc/arm-none-eabi/5.4.1/../../../../arm-none-eabi/lib/armv7-m\libg_nano.a(lib_a-impure.o)
 .data._impure_ptr
                0x1fff8148        0x4 c:/program files (x86)/cypress/psoc creator/4.3/psoc creator/import/gnu/arm/5.4.1/bin/../lib/gcc/arm-none-eabi/5.4.1/../../../../arm-none-eabi/lib/armv7-m\libg_nano.a(lib_a-impure.o)
                0x1fff8148                _impure_ptr
                0x1fff8150                . = ALIGN (0x8)
 *fill*         0x1fff814c        0x4 
 *(.ram)
                0x1fff8150                _edata = .

.igot.plt       0x1fff8150        0x0 load address 0x00000f40
 .igot.plt      0x1fff8150        0x0 c:/program files (x86)/cypress/psoc creator/4.3/psoc creator/import/gnu/arm/5.4.1/bin/../lib/gcc/arm-none-eabi/5.4.1/armv7-m/crtbegin.o

.bss            0x1fff8150       0x30 load address 0x00000f40
                0x1fff8150                PROVIDE (__bss_start__, .)
 *(.shbss)
 *(.bss .bss.* .gnu.linkonce.b.*)
 .bss           0x1fff8150       0x1c c:/program files (x86)/cypress/psoc creator/4.3/psoc creator/import/gnu/arm/5.4.1/bin/../lib/gcc/arm-none-eabi/5.4.1/armv7-m/crtbegin.o
 .bss           0x1fff816c        0x1 .\CortexM3\ARM_GCC_541\Debug\SCD30.a(I2C.o)
                0x1fff816c                I2C_initVar
 *(COMMON)
 COMMON         0x1fff816d        0x1 .\CortexM3\ARM_GCC_541\Debug\SCD30.a(I2C.o)
                0x1fff816d                I2C_state
 *fill*         0x1fff816e        0x2 
 COMMON         0x1fff8170       0x10 .\CortexM3\ARM_GCC_541\Debug\SCD30.a(I2C_MASTER.o)
                0x1fff8170                I2C_mstrWrBufIndex
                0x1fff8171                I2C_mstrWrBufSize
                0x1fff8172                I2C_mstrStatus
                0x1fff8174                I2C_mstrRdBufPtr
                0x1fff8178                I2C_mstrControl
                0x1fff8179                I2C_mstrRdBufSize
                0x1fff817a                I2C_mstrRdBufIndex
                0x1fff817c                I2C_mstrWrBufPtr
                0x1fff8180                . = ALIGN (0x8)
 *(.ram.b)
                0x1fff8180                _end = .
                0x1fff8180                __end = .
                0x1fff8180                PROVIDE (end, .)
                0x1fff8180                PROVIDE (__bss_end__, .)
                0x00000eb8                __cy_region_init_ram = LOADADDR (.data)
                0x00000088                __cy_region_init_size_ram = (_edata - ADDR (.data))
                0x00000030                __cy_region_zero_size_ram = (_end - _edata)

.heap           0x1fff8180       0x80 load address 0x00000f40
                0x1fff8180                . = _end
                0x1fff8200                . = (. + 0x80)
 *fill*         0x1fff8180       0x80 
                0x1fff8200                __cy_heap_limit = .

.stack          0x20007800      0x800
                0x20007800                __cy_stack_limit = .
                0x20008000                . = (. + 0x800)
 *fill*         0x20007800      0x800 
                0x00000001                ASSERT ((__cy_stack_limit >= __cy_heap_limit), region RAM overflowed with stack)
                0x00000000                cy_checksum_exclude_size = (CY_APPL_LOADABLE == 0x1)?SIZEOF (.cy_checksum_exclude):0x0
                0x00000001                ASSERT ((cy_checksum_exclude_size <= CY_CHECKSUM_EXCLUDE_SIZE), CY_BOOT: Section .cy_checksum_exclude size exceedes specified limit.)

.cyloadermeta
 *(.cyloadermeta)

.cyloadablemeta
 *(.cyloadablemeta)

.cyconfigecc    0x80000000       0xa0
 *(.cyconfigecc)
 .cyconfigecc   0x80000000       0xa0 .\CortexM3\ARM_GCC_541\Debug\cymetadata.o
                0x80000000                cy_meta_configecc

.cycustnvl      0x90000000        0x4
 *(.cycustnvl)
 .cycustnvl     0x90000000        0x4 .\CortexM3\ARM_GCC_541\Debug\cymetadata.o
                0x90000000                cy_meta_custnvl

.cywolatch      0x90100000        0x4
 *(.cywolatch)
 .cywolatch     0x90100000        0x4 .\CortexM3\ARM_GCC_541\Debug\cymetadata.o
                0x90100000                cy_meta_wonvl

.cyeeprom       0x90200000        0x0
 *(.cyeeprom)
                0x00000001                ASSERT ((. <= ((0x90200000 + ee_offset) + ee_size)), .cyeeprom data will not fit in EEPROM)

.cyflashprotect
                0x90400000      0x100
 *(.cyflashprotect)
 .cyflashprotect
                0x90400000      0x100 .\CortexM3\ARM_GCC_541\Debug\cymetadata.o
                0x90400000                cy_meta_flashprotect

.cymeta         0x90500000        0xc
 *(.cymeta)
 .cymeta        0x90500000        0xc .\CortexM3\ARM_GCC_541\Debug\cymetadata.o
                0x90500000                cy_metadata

.rel.dyn        0x00000f40        0x0 load address 0x9050000c
 .rel.iplt      0x00000f40        0x0 c:/program files (x86)/cypress/psoc creator/4.3/psoc creator/import/gnu/arm/5.4.1/bin/../lib/gcc/arm-none-eabi/5.4.1/armv7-m/crtbegin.o

.stab
 *(.stab)

.stabstr
 *(.stabstr)

.debug
 *(.debug)

.line
 *(.line)

.debug_srcinfo
 *(.debug_srcinfo)

.debug_sfnames
 *(.debug_sfnames)

.debug_aranges  0x00000000      0x740
 *(.debug_aranges)
 .debug_aranges
                0x00000000       0x20 .\CortexM3\ARM_GCC_541\Debug\main.o
 .debug_aranges
                0x00000020       0x88 .\CortexM3\ARM_GCC_541\Debug\SCD30.o
 .debug_aranges
                0x000000a8       0x58 .\CortexM3\ARM_GCC_541\Debug\cyfitter_cfg.o
 .debug_aranges
                0x00000100       0x18 .\CortexM3\ARM_GCC_541\Debug\cymetadata.o
 .debug_aranges
                0x00000118       0x48 .\CortexM3\ARM_GCC_541\Debug\Cm3Start.o
 .debug_aranges
                0x00000160      0x2a0 .\CortexM3\ARM_GCC_541\Debug\SCD30.a(CyLib.o)
 .debug_aranges
                0x00000400       0x98 .\CortexM3\ARM_GCC_541\Debug\SCD30.a(cyPm.o)
 .debug_aranges
                0x00000498       0x38 .\CortexM3\ARM_GCC_541\Debug\SCD30.a(I2C.o)
 .debug_aranges
                0x000004d0       0x20 .\CortexM3\ARM_GCC_541\Debug\SCD30.a(I2C_INT.o)
 .debug_aranges
                0x000004f0       0x38 .\CortexM3\ARM_GCC_541\Debug\SCD30.a(I2C_PM.o)
 .debug_aranges
                0x00000528       0x80 .\CortexM3\ARM_GCC_541\Debug\SCD30.a(I2C_MASTER.o)
 .debug_aranges
                0x000005a8       0x50 .\CortexM3\ARM_GCC_541\Debug\SCD30.a(UART.o)
 .debug_aranges
                0x000005f8       0x20 .\CortexM3\ARM_GCC_541\Debug\SCD30.a(CyBootAsmGnu.o)
 .debug_aranges
                0x00000618       0x20 .\CortexM3\ARM_GCC_541\Debug\SCD30.a(UART_AsmGnu.o)
 .debug_aranges
                0x00000638       0x88 .\CortexM3\ARM_GCC_541\Debug\SCD30.a(CyFlash.o)
 .debug_aranges
                0x000006c0       0x80 .\CortexM3\ARM_GCC_541\Debug\SCD30.a(CySpc.o)

.debug_pubnames
 *(.debug_pubnames)

.debug_info     0x00000000     0x4a42
 *(.debug_info .gnu.linkonce.wi.*)
 .debug_info    0x00000000      0x2d1 .\CortexM3\ARM_GCC_541\Debug\main.o
 .debug_info    0x000002d1      0x664 .\CortexM3\ARM_GCC_541\Debug\SCD30.o
 .debug_info    0x00000935      0x4a7 .\CortexM3\ARM_GCC_541\Debug\cyfitter_cfg.o
 .debug_info    0x00000ddc      0x134 .\CortexM3\ARM_GCC_541\Debug\cymetadata.o
 .debug_info    0x00000f10      0x3bb .\CortexM3\ARM_GCC_541\Debug\Cm3Start.o
 .debug_info    0x000012cb     0x1374 .\CortexM3\ARM_GCC_541\Debug\SCD30.a(CyLib.o)
 .debug_info    0x0000263f      0xa2a .\CortexM3\ARM_GCC_541\Debug\SCD30.a(cyPm.o)
 .debug_info    0x00003069      0x2ad .\CortexM3\ARM_GCC_541\Debug\SCD30.a(I2C.o)
 .debug_info    0x00003316      0x184 .\CortexM3\ARM_GCC_541\Debug\SCD30.a(I2C_INT.o)
 .debug_info    0x0000349a      0x207 .\CortexM3\ARM_GCC_541\Debug\SCD30.a(I2C_PM.o)
 .debug_info    0x000036a1      0x407 .\CortexM3\ARM_GCC_541\Debug\SCD30.a(I2C_MASTER.o)
 .debug_info    0x00003aa8      0x2c4 .\CortexM3\ARM_GCC_541\Debug\SCD30.a(UART.o)
 .debug_info    0x00003d6c       0x9d .\CortexM3\ARM_GCC_541\Debug\SCD30.a(CyBootAsmGnu.o)
 .debug_info    0x00003e09       0x9c .\CortexM3\ARM_GCC_541\Debug\SCD30.a(UART_AsmGnu.o)
 .debug_info    0x00003ea5      0x64d .\CortexM3\ARM_GCC_541\Debug\SCD30.a(CyFlash.o)
 .debug_info    0x000044f2      0x550 .\CortexM3\ARM_GCC_541\Debug\SCD30.a(CySpc.o)

.debug_abbrev   0x00000000     0x12f8
 *(.debug_abbrev)
 .debug_abbrev  0x00000000       0xda .\CortexM3\ARM_GCC_541\Debug\main.o
 .debug_abbrev  0x000000da      0x176 .\CortexM3\ARM_GCC_541\Debug\SCD30.o
 .debug_abbrev  0x00000250      0x1fe .\CortexM3\ARM_GCC_541\Debug\cyfitter_cfg.o
 .debug_abbrev  0x0000044e       0x5d .\CortexM3\ARM_GCC_541\Debug\cymetadata.o
 .debug_abbrev  0x000004ab      0x1e8 .\CortexM3\ARM_GCC_541\Debug\Cm3Start.o
 .debug_abbrev  0x00000693      0x254 .\CortexM3\ARM_GCC_541\Debug\SCD30.a(CyLib.o)
 .debug_abbrev  0x000008e7      0x1ab .\CortexM3\ARM_GCC_541\Debug\SCD30.a(cyPm.o)
 .debug_abbrev  0x00000a92      0x10a .\CortexM3\ARM_GCC_541\Debug\SCD30.a(I2C.o)
 .debug_abbrev  0x00000b9c       0xb6 .\CortexM3\ARM_GCC_541\Debug\SCD30.a(I2C_INT.o)
 .debug_abbrev  0x00000c52       0xfe .\CortexM3\ARM_GCC_541\Debug\SCD30.a(I2C_PM.o)
 .debug_abbrev  0x00000d50      0x13c .\CortexM3\ARM_GCC_541\Debug\SCD30.a(I2C_MASTER.o)
 .debug_abbrev  0x00000e8c      0x109 .\CortexM3\ARM_GCC_541\Debug\SCD30.a(UART.o)
 .debug_abbrev  0x00000f95       0x14 .\CortexM3\ARM_GCC_541\Debug\SCD30.a(CyBootAsmGnu.o)
 .debug_abbrev  0x00000fa9       0x14 .\CortexM3\ARM_GCC_541\Debug\SCD30.a(UART_AsmGnu.o)
 .debug_abbrev  0x00000fbd      0x1a7 .\CortexM3\ARM_GCC_541\Debug\SCD30.a(CyFlash.o)
 .debug_abbrev  0x00001164      0x194 .\CortexM3\ARM_GCC_541\Debug\SCD30.a(CySpc.o)

.debug_line     0x00000000     0x1ffc
 *(.debug_line)
 .debug_line    0x00000000      0x19a .\CortexM3\ARM_GCC_541\Debug\main.o
 .debug_line    0x0000019a      0x29b .\CortexM3\ARM_GCC_541\Debug\SCD30.o
 .debug_line    0x00000435      0x1d1 .\CortexM3\ARM_GCC_541\Debug\cyfitter_cfg.o
 .debug_line    0x00000606      0x141 .\CortexM3\ARM_GCC_541\Debug\cymetadata.o
 .debug_line    0x00000747      0x234 .\CortexM3\ARM_GCC_541\Debug\Cm3Start.o
 .debug_line    0x0000097b      0x816 .\CortexM3\ARM_GCC_541\Debug\SCD30.a(CyLib.o)
 .debug_line    0x00001191      0x367 .\CortexM3\ARM_GCC_541\Debug\SCD30.a(cyPm.o)
 .debug_line    0x000014f8       0xd9 .\CortexM3\ARM_GCC_541\Debug\SCD30.a(I2C.o)
 .debug_line    0x000015d1      0x114 .\CortexM3\ARM_GCC_541\Debug\SCD30.a(I2C_INT.o)
 .debug_line    0x000016e5       0xbb .\CortexM3\ARM_GCC_541\Debug\SCD30.a(I2C_PM.o)
 .debug_line    0x000017a0      0x1fd .\CortexM3\ARM_GCC_541\Debug\SCD30.a(I2C_MASTER.o)
 .debug_line    0x0000199d       0xe6 .\CortexM3\ARM_GCC_541\Debug\SCD30.a(UART.o)
 .debug_line    0x00001a83       0x66 .\CortexM3\ARM_GCC_541\Debug\SCD30.a(CyBootAsmGnu.o)
 .debug_line    0x00001ae9       0x99 .\CortexM3\ARM_GCC_541\Debug\SCD30.a(UART_AsmGnu.o)
 .debug_line    0x00001b82      0x21a .\CortexM3\ARM_GCC_541\Debug\SCD30.a(CyFlash.o)
 .debug_line    0x00001d9c      0x260 .\CortexM3\ARM_GCC_541\Debug\SCD30.a(CySpc.o)

.debug_frame    0x00000000     0x13c4
 *(.debug_frame)
 .debug_frame   0x00000000       0x2c .\CortexM3\ARM_GCC_541\Debug\main.o
 .debug_frame   0x0000002c      0x1a4 .\CortexM3\ARM_GCC_541\Debug\SCD30.o
 .debug_frame   0x000001d0       0xe4 .\CortexM3\ARM_GCC_541\Debug\cyfitter_cfg.o
 .debug_frame   0x000002b4       0xb8 .\CortexM3\ARM_GCC_541\Debug\Cm3Start.o
 .debug_frame   0x0000036c      0x738 .\CortexM3\ARM_GCC_541\Debug\SCD30.a(CyLib.o)
 .debug_frame   0x00000aa4      0x1f8 .\CortexM3\ARM_GCC_541\Debug\SCD30.a(cyPm.o)
 .debug_frame   0x00000c9c       0x94 .\CortexM3\ARM_GCC_541\Debug\SCD30.a(I2C.o)
 .debug_frame   0x00000d30       0x30 .\CortexM3\ARM_GCC_541\Debug\SCD30.a(I2C_INT.o)
 .debug_frame   0x00000d60       0x74 .\CortexM3\ARM_GCC_541\Debug\SCD30.a(I2C_PM.o)
 .debug_frame   0x00000dd4      0x138 .\CortexM3\ARM_GCC_541\Debug\SCD30.a(I2C_MASTER.o)
 .debug_frame   0x00000f0c       0xc8 .\CortexM3\ARM_GCC_541\Debug\SCD30.a(UART.o)
 .debug_frame   0x00000fd4      0x194 .\CortexM3\ARM_GCC_541\Debug\SCD30.a(CyFlash.o)
 .debug_frame   0x00001168      0x180 .\CortexM3\ARM_GCC_541\Debug\SCD30.a(CySpc.o)
 .debug_frame   0x000012e8       0x20 c:/program files (x86)/cypress/psoc creator/4.3/psoc creator/import/gnu/arm/5.4.1/bin/../lib/gcc/arm-none-eabi/5.4.1/armv7-m\libgcc.a(_udivsi3.o)
 .debug_frame   0x00001308       0x20 c:/program files (x86)/cypress/psoc creator/4.3/psoc creator/import/gnu/arm/5.4.1/bin/../lib/gcc/arm-none-eabi/5.4.1/../../../../arm-none-eabi/lib/armv7-m\libg_nano.a(lib_a-errno.o)
 .debug_frame   0x00001328       0x28 c:/program files (x86)/cypress/psoc creator/4.3/psoc creator/import/gnu/arm/5.4.1/bin/../lib/gcc/arm-none-eabi/5.4.1/../../../../arm-none-eabi/lib/armv7-m\libg_nano.a(lib_a-exit.o)
 .debug_frame   0x00001350       0x2c c:/program files (x86)/cypress/psoc creator/4.3/psoc creator/import/gnu/arm/5.4.1/bin/../lib/gcc/arm-none-eabi/5.4.1/../../../../arm-none-eabi/lib/armv7-m\libg_nano.a(lib_a-init.o)
 .debug_frame   0x0000137c       0x28 c:/program files (x86)/cypress/psoc creator/4.3/psoc creator/import/gnu/arm/5.4.1/bin/../lib/gcc/arm-none-eabi/5.4.1/../../../../arm-none-eabi/lib/armv7-m\libg_nano.a(lib_a-memcpy-stub.o)
 .debug_frame   0x000013a4       0x20 c:/program files (x86)/cypress/psoc creator/4.3/psoc creator/import/gnu/arm/5.4.1/bin/../lib/gcc/arm-none-eabi/5.4.1/../../../../arm-none-eabi/lib/armv7-m\libg_nano.a(lib_a-memset.o)

.debug_str      0x00000000     0x18ff
 *(.debug_str)
 .debug_str     0x00000000      0x1f4 .\CortexM3\ARM_GCC_541\Debug\main.o
                                0x23c (size before relaxing)
 .debug_str     0x000001f4      0x20a .\CortexM3\ARM_GCC_541\Debug\SCD30.o
                                0x42d (size before relaxing)
 .debug_str     0x000003fe      0x180 .\CortexM3\ARM_GCC_541\Debug\cyfitter_cfg.o
                                0x31c (size before relaxing)
 .debug_str     0x0000057e       0x75 .\CortexM3\ARM_GCC_541\Debug\cymetadata.o
                                0x1f1 (size before relaxing)
 .debug_str     0x000005f3      0x144 .\CortexM3\ARM_GCC_541\Debug\Cm3Start.o
                                0x317 (size before relaxing)
 .debug_str     0x00000737      0x846 .\CortexM3\ARM_GCC_541\Debug\SCD30.a(CyLib.o)
                                0xa54 (size before relaxing)
 .debug_str     0x00000f7d      0x365 .\CortexM3\ARM_GCC_541\Debug\SCD30.a(cyPm.o)
                                0x740 (size before relaxing)
 .debug_str     0x000012e2       0xd9 .\CortexM3\ARM_GCC_541\Debug\SCD30.a(I2C.o)
                                0x2ee (size before relaxing)
 .debug_str     0x000013bb       0x86 .\CortexM3\ARM_GCC_541\Debug\SCD30.a(I2C_INT.o)
                                0x26c (size before relaxing)
 .debug_str     0x00001441       0x56 .\CortexM3\ARM_GCC_541\Debug\SCD30.a(I2C_PM.o)
                                0x28a (size before relaxing)
 .debug_str     0x00001497      0x124 .\CortexM3\ARM_GCC_541\Debug\SCD30.a(I2C_MASTER.o)
                                0x3b1 (size before relaxing)
 .debug_str     0x000015bb       0xdd .\CortexM3\ARM_GCC_541\Debug\SCD30.a(UART.o)
                                0x2a4 (size before relaxing)
 .debug_str     0x00001698      0x1bb .\CortexM3\ARM_GCC_541\Debug\SCD30.a(CyFlash.o)
                                0x3cd (size before relaxing)
 .debug_str     0x00001853       0xac .\CortexM3\ARM_GCC_541\Debug\SCD30.a(CySpc.o)
                                0x345 (size before relaxing)

.debug_loc      0x00000000     0x22ed
 *(.debug_loc)
 .debug_loc     0x00000000      0x27f .\CortexM3\ARM_GCC_541\Debug\SCD30.o
 .debug_loc     0x0000027f      0x1d7 .\CortexM3\ARM_GCC_541\Debug\cyfitter_cfg.o
 .debug_loc     0x00000456      0x144 .\CortexM3\ARM_GCC_541\Debug\Cm3Start.o
 .debug_loc     0x0000059a      0xa11 .\CortexM3\ARM_GCC_541\Debug\SCD30.a(CyLib.o)
 .debug_loc     0x00000fab      0x1e4 .\CortexM3\ARM_GCC_541\Debug\SCD30.a(cyPm.o)
 .debug_loc     0x0000118f       0x39 .\CortexM3\ARM_GCC_541\Debug\SCD30.a(I2C.o)
 .debug_loc     0x000011c8       0x29 .\CortexM3\ARM_GCC_541\Debug\SCD30.a(I2C_INT.o)
 .debug_loc     0x000011f1       0x13 .\CortexM3\ARM_GCC_541\Debug\SCD30.a(I2C_PM.o)
 .debug_loc     0x00001204      0x52f .\CortexM3\ARM_GCC_541\Debug\SCD30.a(I2C_MASTER.o)
 .debug_loc     0x00001733      0x103 .\CortexM3\ARM_GCC_541\Debug\SCD30.a(UART.o)
 .debug_loc     0x00001836      0x3b2 .\CortexM3\ARM_GCC_541\Debug\SCD30.a(CyFlash.o)
 .debug_loc     0x00001be8      0x705 .\CortexM3\ARM_GCC_541\Debug\SCD30.a(CySpc.o)

.debug_macinfo
 *(.debug_macinfo)

.debug_ranges   0x00000000      0x618
 *(.debug_ranges)
 .debug_ranges  0x00000000       0x10 .\CortexM3\ARM_GCC_541\Debug\main.o
 .debug_ranges  0x00000010       0x78 .\CortexM3\ARM_GCC_541\Debug\SCD30.o
 .debug_ranges  0x00000088       0x48 .\CortexM3\ARM_GCC_541\Debug\cyfitter_cfg.o
 .debug_ranges  0x000000d0       0x38 .\CortexM3\ARM_GCC_541\Debug\Cm3Start.o
 .debug_ranges  0x00000108      0x290 .\CortexM3\ARM_GCC_541\Debug\SCD30.a(CyLib.o)
 .debug_ranges  0x00000398       0x88 .\CortexM3\ARM_GCC_541\Debug\SCD30.a(cyPm.o)
 .debug_ranges  0x00000420       0x28 .\CortexM3\ARM_GCC_541\Debug\SCD30.a(I2C.o)
 .debug_ranges  0x00000448       0x10 .\CortexM3\ARM_GCC_541\Debug\SCD30.a(I2C_INT.o)
 .debug_ranges  0x00000458       0x28 .\CortexM3\ARM_GCC_541\Debug\SCD30.a(I2C_PM.o)
 .debug_ranges  0x00000480       0x70 .\CortexM3\ARM_GCC_541\Debug\SCD30.a(I2C_MASTER.o)
 .debug_ranges  0x000004f0       0x40 .\CortexM3\ARM_GCC_541\Debug\SCD30.a(UART.o)
 .debug_ranges  0x00000530       0x78 .\CortexM3\ARM_GCC_541\Debug\SCD30.a(CyFlash.o)
 .debug_ranges  0x000005a8       0x70 .\CortexM3\ARM_GCC_541\Debug\SCD30.a(CySpc.o)

.comment        0x00000000       0x6e
 .comment       0x00000000       0x6e .\CortexM3\ARM_GCC_541\Debug\main.o
                                 0x6f (size before relaxing)
 .comment       0x0000006e       0x6f .\CortexM3\ARM_GCC_541\Debug\SCD30.o
 .comment       0x0000006e       0x6f .\CortexM3\ARM_GCC_541\Debug\cyfitter_cfg.o
 .comment       0x0000006e       0x6f .\CortexM3\ARM_GCC_541\Debug\cymetadata.o
 .comment       0x0000006e       0x6f .\CortexM3\ARM_GCC_541\Debug\Cm3Start.o
 .comment       0x0000006e       0x6f .\CortexM3\ARM_GCC_541\Debug\SCD30.a(CyLib.o)
 .comment       0x0000006e       0x6f .\CortexM3\ARM_GCC_541\Debug\SCD30.a(cyPm.o)
 .comment       0x0000006e       0x6f .\CortexM3\ARM_GCC_541\Debug\SCD30.a(I2C.o)
 .comment       0x0000006e       0x6f .\CortexM3\ARM_GCC_541\Debug\SCD30.a(I2C_INT.o)
 .comment       0x0000006e       0x6f .\CortexM3\ARM_GCC_541\Debug\SCD30.a(I2C_PM.o)
 .comment       0x0000006e       0x6f .\CortexM3\ARM_GCC_541\Debug\SCD30.a(I2C_MASTER.o)
 .comment       0x0000006e       0x6f .\CortexM3\ARM_GCC_541\Debug\SCD30.a(UART.o)
 .comment       0x0000006e       0x6f .\CortexM3\ARM_GCC_541\Debug\SCD30.a(CyFlash.o)
 .comment       0x0000006e       0x6f .\CortexM3\ARM_GCC_541\Debug\SCD30.a(CySpc.o)

.debug_weaknames
 *(.debug_weaknames)

.debug_funcnames
 *(.debug_funcnames)

.debug_typenames
 *(.debug_typenames)

.debug_varnames
 *(.debug_varnames)

.note.gnu.arm.ident
 *(.note.gnu.arm.ident)

.ARM.attributes
                0x00000000       0x29
 *(.ARM.attributes)
 .ARM.attributes
                0x00000000       0x1d c:/program files (x86)/cypress/psoc creator/4.3/psoc creator/import/gnu/arm/5.4.1/bin/../lib/gcc/arm-none-eabi/5.4.1/armv7-m/crti.o
 .ARM.attributes
                0x0000001d       0x2d c:/program files (x86)/cypress/psoc creator/4.3/psoc creator/import/gnu/arm/5.4.1/bin/../lib/gcc/arm-none-eabi/5.4.1/armv7-m/crtbegin.o
 .ARM.attributes
                0x0000004a       0x1b c:/program files (x86)/cypress/psoc creator/4.3/psoc creator/import/gnu/arm/5.4.1/bin/../lib/gcc/arm-none-eabi/5.4.1/../../../../arm-none-eabi/lib/armv7-m/crt0.o
 .ARM.attributes
                0x00000065       0x33 .\CortexM3\ARM_GCC_541\Debug\main.o
 .ARM.attributes
                0x00000098       0x33 .\CortexM3\ARM_GCC_541\Debug\SCD30.o
 .ARM.attributes
                0x000000cb       0x33 .\CortexM3\ARM_GCC_541\Debug\cyfitter_cfg.o
 .ARM.attributes
                0x000000fe       0x33 .\CortexM3\ARM_GCC_541\Debug\cymetadata.o
 .ARM.attributes
                0x00000131       0x33 .\CortexM3\ARM_GCC_541\Debug\Cm3Start.o
 .ARM.attributes
                0x00000164       0x33 .\CortexM3\ARM_GCC_541\Debug\SCD30.a(CyLib.o)
 .ARM.attributes
                0x00000197       0x33 .\CortexM3\ARM_GCC_541\Debug\SCD30.a(cyPm.o)
 .ARM.attributes
                0x000001ca       0x33 .\CortexM3\ARM_GCC_541\Debug\SCD30.a(I2C.o)
 .ARM.attributes
                0x000001fd       0x33 .\CortexM3\ARM_GCC_541\Debug\SCD30.a(I2C_INT.o)
 .ARM.attributes
                0x00000230       0x33 .\CortexM3\ARM_GCC_541\Debug\SCD30.a(I2C_PM.o)
 .ARM.attributes
                0x00000263       0x33 .\CortexM3\ARM_GCC_541\Debug\SCD30.a(I2C_MASTER.o)
 .ARM.attributes
                0x00000296       0x33 .\CortexM3\ARM_GCC_541\Debug\SCD30.a(UART.o)
 .ARM.attributes
                0x000002c9       0x21 .\CortexM3\ARM_GCC_541\Debug\SCD30.a(CyBootAsmGnu.o)
 .ARM.attributes
                0x000002ea       0x21 .\CortexM3\ARM_GCC_541\Debug\SCD30.a(UART_AsmGnu.o)
 .ARM.attributes
                0x0000030b       0x33 .\CortexM3\ARM_GCC_541\Debug\SCD30.a(CyFlash.o)
 .ARM.attributes
                0x0000033e       0x33 .\CortexM3\ARM_GCC_541\Debug\SCD30.a(CySpc.o)
 .ARM.attributes
                0x00000371       0x1d c:/program files (x86)/cypress/psoc creator/4.3/psoc creator/import/gnu/arm/5.4.1/bin/../lib/gcc/arm-none-eabi/5.4.1/armv7-m\libgcc.a(_udivsi3.o)
 .ARM.attributes
                0x0000038e       0x1d c:/program files (x86)/cypress/psoc creator/4.3/psoc creator/import/gnu/arm/5.4.1/bin/../lib/gcc/arm-none-eabi/5.4.1/armv7-m\libgcc.a(_dvmd_tls.o)
 .ARM.attributes
                0x000003ab       0x1d c:/program files (x86)/cypress/psoc creator/4.3/psoc creator/import/gnu/arm/5.4.1/bin/../lib/gcc/arm-none-eabi/5.4.1/armv7-m\libgcc.a(_arm_fixunssfsi.o)
 .ARM.attributes
                0x000003c8       0x2d c:/program files (x86)/cypress/psoc creator/4.3/psoc creator/import/gnu/arm/5.4.1/bin/../lib/gcc/arm-none-eabi/5.4.1/../../../../arm-none-eabi/lib/armv7-m\libg_nano.a(lib_a-errno.o)
 .ARM.attributes
                0x000003f5       0x2d c:/program files (x86)/cypress/psoc creator/4.3/psoc creator/import/gnu/arm/5.4.1/bin/../lib/gcc/arm-none-eabi/5.4.1/../../../../arm-none-eabi/lib/armv7-m\libg_nano.a(lib_a-exit.o)
 .ARM.attributes
                0x00000422       0x2d c:/program files (x86)/cypress/psoc creator/4.3/psoc creator/import/gnu/arm/5.4.1/bin/../lib/gcc/arm-none-eabi/5.4.1/../../../../arm-none-eabi/lib/armv7-m\libg_nano.a(lib_a-impure.o)
 .ARM.attributes
                0x0000044f       0x2d c:/program files (x86)/cypress/psoc creator/4.3/psoc creator/import/gnu/arm/5.4.1/bin/../lib/gcc/arm-none-eabi/5.4.1/../../../../arm-none-eabi/lib/armv7-m\libg_nano.a(lib_a-init.o)
 .ARM.attributes
                0x0000047c       0x2d c:/program files (x86)/cypress/psoc creator/4.3/psoc creator/import/gnu/arm/5.4.1/bin/../lib/gcc/arm-none-eabi/5.4.1/../../../../arm-none-eabi/lib/armv7-m\libg_nano.a(lib_a-memcpy-stub.o)
 .ARM.attributes
                0x000004a9       0x2d c:/program files (x86)/cypress/psoc creator/4.3/psoc creator/import/gnu/arm/5.4.1/bin/../lib/gcc/arm-none-eabi/5.4.1/../../../../arm-none-eabi/lib/armv7-m\libg_nano.a(lib_a-memset.o)
 .ARM.attributes
                0x000004d6       0x2d c:/program files (x86)/cypress/psoc creator/4.3/psoc creator/import/gnu/arm/5.4.1/bin/../lib/gcc/arm-none-eabi/5.4.1/armv7-m/crtend.o
 .ARM.attributes
                0x00000503       0x1d c:/program files (x86)/cypress/psoc creator/4.3/psoc creator/import/gnu/arm/5.4.1/bin/../lib/gcc/arm-none-eabi/5.4.1/armv7-m/crtn.o

/DISCARD/
 *(.note.GNU-stack)
OUTPUT(C:\Users\mag94\Desktop\UNIstuff\4. Semester\P4_Vertical_farm\SCD30\SCD30.cydsn\CortexM3\ARM_GCC_541\Debug\SCD30.elf elf32-littlearm)
